C51 COMPILER V9.60.7.0   TIME                                                              02/28/2023 02:29:56 PAGE 1   


C51 COMPILER V9.60.7.0, COMPILATION OF MODULE TIME
OBJECT MODULE PLACED IN .\Objects\time.obj
COMPILER INVOKED BY: E:\software\keil5_v5\C51\BIN\C51.EXE time.c LARGE OPTIMIZE(8,SPEED) BROWSE DEBUG OBJECTEXTEND PRINT
                    -(.\Listings\time.lst) TABS(2) OBJECT(.\Objects\time.obj)

line level    source

   1          #include "time.h"
   2          #include "OLED.h"
   3          #include "typedef.h"
   4          
   5          uint16_t time_cnt = 0;
   6          
   7          void timeInit(void)//2毫秒@24.000MHz
   8          {
   9   1        AUXR |= 0x80;     //定时器时钟1T模式
  10   1        TMOD &= 0xF0;     //设置定时器模式
  11   1        TL0 = 0x80;       //设置定时初始值
  12   1        TH0 = 0x44;       //设置定时初始值
  13   1        TF0 = 0;        //清除TF0标志
  14   1        TR0 = 1;        //定时器0开始计时
  15   1        ET0 = 1;        //使能定时器0中断
  16   1      }
  17          
  18          void TM0_Isr() interrupt 1
  19          {
  20   1        if(++time_cnt>=500)
  21   1        {
  22   2          time_cnt=0;
  23   2          
  24   2          if(T1)
  25   2          {
  26   3            if(++MIN1>60000)
  27   3              MIN1=0;
  28   3          }
  29   2          
  30   2          if(T2)
  31   2          {
  32   3            if(++MIN2>60000)
  33   3              MIN2=0;
  34   3          }
  35   2          
  36   2          if(T3)
  37   2          {
  38   3            if(++MIN3>60000)
  39   3              MIN3=0;
  40   3          }
  41   2        }
  42   1      }


MODULE INFORMATION:   STATIC OVERLAYABLE
   CODE SIZE        =    229    ----
   CONSTANT SIZE    =   ----    ----
   XDATA SIZE       =      2    ----
   PDATA SIZE       =   ----    ----
   DATA SIZE        =   ----    ----
   IDATA SIZE       =   ----    ----
   BIT SIZE         =   ----    ----
END OF MODULE INFORMATION.


C51 COMPILATION COMPLETE.  0 WARNING(S),  0 ERROR(S)
