Component: ARM Compiler 5.06 update 7 (build 960) Tool: armlink [4d3601]

==============================================================================

Section Cross References

    main.o(i.main) refers to led.o(i.LED_Init) for LED_Init
    main.o(i.main) refers to uart.o(i.uartInit) for uartInit
    main.o(i.main) refers to led.o(i.LED_OPEN_CLOSE) for LED_OPEN_CLOSE
    main.o(i.main) refers to main.o(i.nrf_delay_ms) for nrf_delay_ms
    main.o(i.main) refers to printfb.o(i.__0printf$bare) for __2printf
    main.o(i.nrf_delay_ms) refers to main.o(.constdata) for .constdata
    uart.o(i.uartInit) refers to memcpya.o(.text) for __aeabi_memcpy4
    uart.o(i.uartInit) refers to app_uart_fifo.o(i.app_uart_init) for app_uart_init
    uart.o(i.uartInit) refers to app_error.o(i.app_error_handler_bare) for app_error_handler_bare
    uart.o(i.uartInit) refers to uart.o(.constdata) for .constdata
    uart.o(i.uartInit) refers to uart.o(.bss) for .bss
    uart.o(i.uartInit) refers to uart.o(i.uart_error_handle) for uart_error_handle
    uart.o(i.uart_error_handle) refers to app_error.o(i.app_error_handler_bare) for app_error_handler_bare
    led.o(i.LED_Init) refers to led.o(i.nrf_gpio_cfg_output) for nrf_gpio_cfg_output
    led.o(i.LED_Init) refers to nrfx_gpiote.o(i.nrfx_gpiote_init) for nrfx_gpiote_init
    led.o(i.LED_Init) refers to app_error.o(i.app_error_handler_bare) for app_error_handler_bare
    led.o(i.LED_Init) refers to nrfx_gpiote.o(i.nrfx_gpiote_in_init) for nrfx_gpiote_in_init
    led.o(i.LED_Init) refers to nrfx_gpiote.o(i.nrfx_gpiote_in_event_enable) for nrfx_gpiote_in_event_enable
    led.o(i.LED_Init) refers to led.o(i.LED_OPEN_CLOSE) for LED_OPEN_CLOSE
    led.o(i.LED_Init) refers to led.o(.constdata) for .constdata
    led.o(i.LED_Init) refers to led.o(i.in_pin_handler) for in_pin_handler
    led.o(i.in_pin_handler) refers to led.o(i.nrf_gpio_pin_toggle) for nrf_gpio_pin_toggle
    nrf_drv_uart.o(i.nrf_drv_uart_init) refers to memcpya.o(.text) for __aeabi_memcpy4
    nrf_drv_uart.o(i.nrf_drv_uart_init) refers to nrfx_uarte.o(i.nrfx_uarte_init) for nrfx_uarte_init
    nrf_drv_uart.o(i.nrf_drv_uart_init) refers to nrfx_uart.o(i.nrfx_uart_init) for nrfx_uart_init
    nrf_drv_uart.o(i.nrf_drv_uart_init) refers to nrf_drv_uart.o(.data) for .data
    nrf_drv_uart.o(i.nrf_drv_uart_init) refers to nrf_drv_uart.o(i.uarte_evt_handler) for uarte_evt_handler
    nrf_drv_uart.o(i.nrf_drv_uart_init) refers to nrf_drv_uart.o(i.uart_evt_handler) for uart_evt_handler
    nrf_drv_uart.o(i.uart_evt_handler) refers to nrf_drv_uart.o(.data) for .data
    nrf_drv_uart.o(i.uarte_evt_handler) refers to nrf_drv_uart.o(.data) for .data
    nrfx_gpiote.o(i.GPIOTE_IRQHandler) refers to nrfx_gpiote.o(i.nrf_gpiote_event_is_set) for nrf_gpiote_event_is_set
    nrfx_gpiote.o(i.GPIOTE_IRQHandler) refers to nrfx_gpiote.o(i.nrf_gpiote_event_clear) for nrf_gpiote_event_clear
    nrfx_gpiote.o(i.GPIOTE_IRQHandler) refers to nrfx_gpiote.o(i.nrf_gpio_latches_read_and_clear) for nrf_gpio_latches_read_and_clear
    nrfx_gpiote.o(i.GPIOTE_IRQHandler) refers to nrfx_gpiote.o(i.port_event_handle) for port_event_handle
    nrfx_gpiote.o(i.GPIOTE_IRQHandler) refers to nrfx_gpiote.o(.bss) for .bss
    nrfx_gpiote.o(i.channel_free) refers to nrfx_gpiote.o(.bss) for .bss
    nrfx_gpiote.o(i.channel_port_alloc) refers to nrfx_gpiote.o(.bss) for .bss
    nrfx_gpiote.o(i.channel_port_get) refers to nrfx_gpiote.o(.bss) for .bss
    nrfx_gpiote.o(i.latch_pending_read_and_check) refers to nrfx_gpiote.o(i.nrf_gpio_latches_read_and_clear) for nrf_gpio_latches_read_and_clear
    nrfx_gpiote.o(i.nrf_gpio_cfg_default) refers to nrfx_gpiote.o(i.nrf_gpio_cfg) for nrf_gpio_cfg
    nrfx_gpiote.o(i.nrf_gpio_latches_read_and_clear) refers to nrfx_gpiote.o(.constdata) for .constdata
    nrfx_gpiote.o(i.nrfx_gpiote_clr_task_addr_get) refers to nrfx_gpiote.o(i.nrfx_gpiote_clr_task_get) for nrfx_gpiote_clr_task_get
    nrfx_gpiote.o(i.nrfx_gpiote_clr_task_get) refers to nrfx_gpiote.o(i.channel_port_get) for channel_port_get
    nrfx_gpiote.o(i.nrfx_gpiote_clr_task_trigger) refers to nrfx_gpiote.o(i.channel_port_get) for channel_port_get
    nrfx_gpiote.o(i.nrfx_gpiote_in_event_addr_get) refers to nrfx_gpiote.o(i.nrfx_gpiote_in_event_get) for nrfx_gpiote_in_event_get
    nrfx_gpiote.o(i.nrfx_gpiote_in_event_disable) refers to nrfx_gpiote.o(i.pin_in_use_by_port) for pin_in_use_by_port
    nrfx_gpiote.o(i.nrfx_gpiote_in_event_disable) refers to nrfx_gpiote.o(i.nrf_gpio_cfg_sense_set) for nrf_gpio_cfg_sense_set
    nrfx_gpiote.o(i.nrfx_gpiote_in_event_disable) refers to nrfx_gpiote.o(i.pin_in_use_by_te) for pin_in_use_by_te
    nrfx_gpiote.o(i.nrfx_gpiote_in_event_disable) refers to nrfx_gpiote.o(i.channel_port_get) for channel_port_get
    nrfx_gpiote.o(i.nrfx_gpiote_in_event_enable) refers to nrfx_gpiote.o(i.pin_in_use_by_port) for pin_in_use_by_port
    nrfx_gpiote.o(i.nrfx_gpiote_in_event_enable) refers to nrfx_gpiote.o(i.channel_port_get) for channel_port_get
[...]
    app_uart_fifo.o(i.app_uart_init) refers to app_uart_fifo.o(.constdata) for .constdata
    app_uart_fifo.o(i.app_uart_init) refers to app_uart_fifo.o(i.uart_event_handler) for uart_event_handler
    app_uart_fifo.o(i.app_uart_put) refers to app_fifo.o(i.app_fifo_put) for app_fifo_put
    app_uart_fifo.o(i.app_uart_put) refers to nrfx_uarte.o(i.nrfx_uarte_tx_in_progress) for nrfx_uarte_tx_in_progress
    app_uart_fifo.o(i.app_uart_put) refers to nrfx_uart.o(i.nrfx_uart_tx_in_progress) for nrfx_uart_tx_in_progress
    app_uart_fifo.o(i.app_uart_put) refers to app_fifo.o(i.app_fifo_get) for app_fifo_get
    app_uart_fifo.o(i.app_uart_put) refers to app_uart_fifo.o(i.nrf_drv_uart_tx) for nrf_drv_uart_tx
    app_uart_fifo.o(i.app_uart_put) refers to app_uart_fifo.o(.bss) for .bss
    app_uart_fifo.o(i.app_uart_put) refers to app_uart_fifo.o(.data) for .data
    app_uart_fifo.o(i.app_uart_put) refers to nrf_drv_uart.o(.data) for nrf_drv_uart_use_easy_dma
    app_uart_fifo.o(i.nrf_drv_uart_rx) refers to nrfx_uarte.o(i.nrfx_uarte_rx) for nrfx_uarte_rx
    app_uart_fifo.o(i.nrf_drv_uart_rx) refers to nrfx_uart.o(i.nrfx_uart_rx) for nrfx_uart_rx
    app_uart_fifo.o(i.nrf_drv_uart_rx) refers to nrf_drv_uart.o(.data) for nrf_drv_uart_use_easy_dma
    app_uart_fifo.o(i.nrf_drv_uart_tx) refers to nrfx_uarte.o(i.nrfx_uarte_tx) for nrfx_uarte_tx
    app_uart_fifo.o(i.nrf_drv_uart_tx) refers to nrfx_uart.o(i.nrfx_uart_tx) for nrfx_uart_tx
    app_uart_fifo.o(i.nrf_drv_uart_tx) refers to nrf_drv_uart.o(.data) for nrf_drv_uart_use_easy_dma
    app_uart_fifo.o(i.uart_event_handler) refers to app_uart_fifo.o(i.nrf_drv_uart_rx) for nrf_drv_uart_rx
    app_uart_fifo.o(i.uart_event_handler) refers to app_fifo.o(i.app_fifo_put) for app_fifo_put
    app_uart_fifo.o(i.uart_event_handler) refers to app_fifo.o(i.app_fifo_get) for app_fifo_get
    app_uart_fifo.o(i.uart_event_handler) refers to app_uart_fifo.o(i.nrf_drv_uart_tx) for nrf_drv_uart_tx
    app_uart_fifo.o(i.uart_event_handler) refers to app_uart_fifo.o(.data) for .data
    app_uart_fifo.o(i.uart_event_handler) refers to app_uart_fifo.o(.bss) for .bss
    app_fifo.o(i.app_fifo_get) refers to app_fifo.o(i.fifo_get) for fifo_get
    app_fifo.o(i.app_fifo_put) refers to app_fifo.o(i.fifo_put) for fifo_put
    app_fifo.o(i.app_fifo_read) refers to app_fifo.o(i.fifo_get) for fifo_get
    app_fifo.o(i.app_fifo_write) refers to app_fifo.o(i.fifo_put) for fifo_put
    retarget.o(i.fgetc) refers to app_uart_fifo.o(i.app_uart_get) for app_uart_get
    retarget.o(i.fputc) refers to app_uart_fifo.o(i.app_uart_put) for app_uart_put
    arm_startup_nrf52.o(RESET) refers to arm_startup_nrf52.o(STACK) for __initial_sp
    arm_startup_nrf52.o(RESET) refers to arm_startup_nrf52.o(.text) for Reset_Handler
    arm_startup_nrf52.o(RESET) refers to nrfx_prs.o(i.UARTE0_UART0_IRQHandler) for UARTE0_UART0_IRQHandler
    arm_startup_nrf52.o(RESET) refers to nrfx_gpiote.o(i.GPIOTE_IRQHandler) for GPIOTE_IRQHandler
    arm_startup_nrf52.o(.text) refers to system_nrf52.o(i.SystemInit) for SystemInit
    arm_startup_nrf52.o(.text) refers to entry.o(.ARM.Collect$$$$00000000) for __main
    system_nrf52.o(i.SystemCoreClockUpdate) refers to system_nrf52.o(.data) for .data
    system_nrf52.o(i.SystemInit) refers to system_nrf52.o(i.nvmc_config) for nvmc_config
    system_nrf52.o(i.SystemInit) refers to system_nrf52.o(i.nvmc_wait) for nvmc_wait
    system_nrf52.o(i.SystemInit) refers to system_nrf52.o(i.SystemCoreClockUpdate) for SystemCoreClockUpdate
    system_nrf52.o(i.nvmc_config) refers to system_nrf52.o(i.nvmc_wait) for nvmc_wait
    entry.o(.ARM.Collect$$$$00000000) refers (Special) to entry10a.o(.ARM.Collect$$$$0000000F) for __rt_final_cpp
    entry.o(.ARM.Collect$$$$00000000) refers (Special) to entry11a.o(.ARM.Collect$$$$00000011) for __rt_final_exit
    entry.o(.ARM.Collect$$$$00000000) refers (Special) to entry12b.o(.ARM.Collect$$$$0000000E) for __rt_lib_shutdown_fini
    entry.o(.ARM.Collect$$$$00000000) refers (Special) to entry7b.o(.ARM.Collect$$$$00000008) for _main_clock
    entry.o(.ARM.Collect$$$$00000000) refers (Special) to entry8b.o(.ARM.Collect$$$$0000000A) for _main_cpp_init
    entry.o(.ARM.Collect$$$$00000000) refers (Special) to entry9a.o(.ARM.Collect$$$$0000000B) for _main_init
    entry.o(.ARM.Collect$$$$00000000) refers (Special) to entry5.o(.ARM.Collect$$$$00000004) for _main_scatterload
    entry.o(.ARM.Collect$$$$00000000) refers (Special) to entry2.o(.ARM.Collect$$$$00000001) for _main_stk
    printfb.o(i.__0fprintf$bare) refers to printfb.o(i._printf_core) for _printf_core
    printfb.o(i.__0fprintf$bare) refers to retarget.o(i.fputc) for fputc
    printfb.o(i.__0printf$bare) refers to printfb.o(i._printf_core) for _printf_core
    printfb.o(i.__0printf$bare) refers to retarget.o(i.fputc) for fputc
    printfb.o(i.__0printf$bare) refers to retarget.o(.data) for __stdout
    printfb.o(i.__0snprintf$bare) refers to printfb.o(i._printf_core) for _printf_core
    printfb.o(i.__0snprintf$bare) refers to printfb.o(i._snputc) for _snputc
    printfb.o(i.__0sprintf$bare) refers to printfb.o(i._printf_core) for _printf_core
    printfb.o(i.__0sprintf$bare) refers to printfb.o(i._sputc) for _sputc
    printfb.o(i.__0vfprintf$bare) refers to printfb.o(i._printf_core) for _printf_core
    printfb.o(i.__0vfprintf$bare) refers to retarget.o(i.fputc) for fputc
    printfb.o(i.__0vprintf$bare) refers to printfb.o(i._printf_core) for _printf_core
    printfb.o(i.__0vprintf$bare) refers to retarget.o(i.fputc) for fputc
    printfb.o(i.__0vprintf$bare) refers to retarget.o(.data) for __stdout
    printfb.o(i.__0vsnprintf$bare) refers to printfb.o(i._printf_core) for _printf_core
    printfb.o(i.__0vsnprintf$bare) refers to printfb.o(i._snputc) for _snputc
    printfb.o(i.__0vsprintf$bare) refers to printfb.o(i._printf_core) for _printf_core
    printfb.o(i.__0vsprintf$bare) refers to printfb.o(i._sputc) for _sputc
    printf0.o(i.__0fprintf$0) refers to printf0.o(i._printf_core) for _printf_core
    printf0.o(i.__0fprintf$0) refers to retarget.o(i.fputc) for fputc
    printf0.o(i.__0printf$0) refers to printf0.o(i._printf_core) for _printf_core
    printf0.o(i.__0printf$0) refers to retarget.o(i.fputc) for fputc
    printf0.o(i.__0printf$0) refers to retarget.o(.data) for __stdout
    printf0.o(i.__0snprintf$0) refers to printf0.o(i._printf_core) for _printf_core
    printf0.o(i.__0snprintf$0) refers to printf0.o(i._snputc) for _snputc
    printf0.o(i.__0sprintf$0) refers to printf0.o(i._printf_core) for _printf_core
    printf0.o(i.__0sprintf$0) refers to printf0.o(i._sputc) for _sputc
    printf0.o(i.__0vfprintf$0) refers to printf0.o(i._printf_core) for _printf_core
    printf0.o(i.__0vfprintf$0) refers to retarget.o(i.fputc) for fputc
    printf0.o(i.__0vprintf$0) refers to printf0.o(i._printf_core) for _printf_core
    printf0.o(i.__0vprintf$0) refers to retarget.o(i.fputc) for fputc
    printf0.o(i.__0vprintf$0) refers to retarget.o(.data) for __stdout
    printf0.o(i.__0vsnprintf$0) refers to printf0.o(i._printf_core) for _printf_core
    printf0.o(i.__0vsnprintf$0) refers to printf0.o(i._snputc) for _snputc
    printf0.o(i.__0vsprintf$0) refers to printf0.o(i._printf_core) for _printf_core
    printf0.o(i.__0vsprintf$0) refers to printf0.o(i._sputc) for _sputc
    printf1.o(i.__0fprintf$1) refers to printf1.o(i._printf_core) for _printf_core
    printf1.o(i.__0fprintf$1) refers to retarget.o(i.fputc) for fputc
    printf1.o(i.__0printf$1) refers to printf1.o(i._printf_core) for _printf_core
    printf1.o(i.__0printf$1) refers to retarget.o(i.fputc) for fputc
    printf1.o(i.__0printf$1) refers to retarget.o(.data) for __stdout
    printf1.o(i.__0snprintf$1) refers to printf1.o(i._printf_core) for _printf_core
    printf1.o(i.__0snprintf$1) refers to printf1.o(i._snputc) for _snputc
    printf1.o(i.__0sprintf$1) refers to printf1.o(i._printf_core) for _printf_core
    printf1.o(i.__0sprintf$1) refers to printf1.o(i._sputc) for _sputc
    printf1.o(i.__0vfprintf$1) refers to printf1.o(i._printf_core) for _printf_core
    printf1.o(i.__0vfprintf$1) refers to retarget.o(i.fputc) for fputc
    printf1.o(i.__0vprintf$1) refers to printf1.o(i._printf_core) for _printf_core
    printf1.o(i.__0vprintf$1) refers to retarget.o(i.fputc) for fputc
    printf1.o(i.__0vprintf$1) refers to retarget.o(.data) for __stdout
    printf1.o(i.__0vsnprintf$1) refers to printf1.o(i._printf_core) for _printf_core
    printf1.o(i.__0vsnprintf$1) refers to printf1.o(i._snputc) for _snputc
    printf1.o(i.__0vsprintf$1) refers to printf1.o(i._printf_core) for _printf_core
    printf1.o(i.__0vsprintf$1) refers to printf1.o(i._sputc) for _sputc
    printf1.o(i._printf_core) refers to uidiv.o(.text) for __aeabi_uidivmod
    printf2.o(i.__0fprintf$2) refers to printf2.o(i._printf_core) for _printf_core
    printf2.o(i.__0fprintf$2) refers to retarget.o(i.fputc) for fputc
    printf2.o(i.__0printf$2) refers to printf2.o(i._printf_core) for _printf_core
    printf2.o(i.__0printf$2) refers to retarget.o(i.fputc) for fputc
    printf2.o(i.__0printf$2) refers to retarget.o(.data) for __stdout
    printf2.o(i.__0snprintf$2) refers to printf2.o(i._printf_core) for _printf_core
    printf2.o(i.__0snprintf$2) refers to printf2.o(i._snputc) for _snputc
    printf2.o(i.__0sprintf$2) refers to printf2.o(i._printf_core) for _printf_core
    printf2.o(i.__0sprintf$2) refers to printf2.o(i._sputc) for _sputc
    printf2.o(i.__0vfprintf$2) refers to printf2.o(i._printf_core) for _printf_core
    printf2.o(i.__0vfprintf$2) refers to retarget.o(i.fputc) for fputc
    printf2.o(i.__0vprintf$2) refers to printf2.o(i._printf_core) for _printf_core
    printf2.o(i.__0vprintf$2) refers to retarget.o(i.fputc) for fputc
    printf2.o(i.__0vprintf$2) refers to retarget.o(.data) for __stdout
    printf2.o(i.__0vsnprintf$2) refers to printf2.o(i._printf_core) for _printf_core
    printf2.o(i.__0vsnprintf$2) refers to printf2.o(i._snputc) for _snputc
    printf2.o(i.__0vsprintf$2) refers to printf2.o(i._printf_core) for _printf_core
    printf2.o(i.__0vsprintf$2) refers to printf2.o(i._sputc) for _sputc
    printf3.o(i.__0fprintf$3) refers to printf3.o(i._printf_core) for _printf_core
    printf3.o(i.__0fprintf$3) refers to retarget.o(i.fputc) for fputc
    printf3.o(i.__0printf$3) refers to printf3.o(i._printf_core) for _printf_core
    printf3.o(i.__0printf$3) refers to retarget.o(i.fputc) for fputc
    printf3.o(i.__0printf$3) refers to retarget.o(.data) for __stdout
    printf3.o(i.__0snprintf$3) refers to printf3.o(i._printf_core) for _printf_core
    printf3.o(i.__0snprintf$3) refers to printf3.o(i._snputc) for _snputc
    printf3.o(i.__0sprintf$3) refers to printf3.o(i._printf_core) for _printf_core
    printf3.o(i.__0sprintf$3) refers to printf3.o(i._sputc) for _sputc
    printf3.o(i.__0vfprintf$3) refers to printf3.o(i._printf_core) for _printf_core
    printf3.o(i.__0vfprintf$3) refers to retarget.o(i.fputc) for fputc
    printf3.o(i.__0vprintf$3) refers to printf3.o(i._printf_core) for _printf_core
    printf3.o(i.__0vprintf$3) refers to retarget.o(i.fputc) for fputc
    printf3.o(i.__0vprintf$3) refers to retarget.o(.data) for __stdout
    printf3.o(i.__0vsnprintf$3) refers to printf3.o(i._printf_core) for _printf_core
    printf3.o(i.__0vsnprintf$3) refers to printf3.o(i._snputc) for _snputc
    printf3.o(i.__0vsprintf$3) refers to printf3.o(i._printf_core) for _printf_core
    printf3.o(i.__0vsprintf$3) refers to printf3.o(i._sputc) for _sputc
    printf3.o(i._printf_core) refers to uidiv.o(.text) for __aeabi_uidivmod
    printf4.o(i.__0fprintf$4) refers to printf4.o(i._printf_core) for _printf_core
    printf4.o(i.__0fprintf$4) refers to retarget.o(i.fputc) for fputc
    printf4.o(i.__0printf$4) refers to printf4.o(i._printf_core) for _printf_core
    printf4.o(i.__0printf$4) refers to retarget.o(i.fputc) for fputc
    printf4.o(i.__0printf$4) refers to retarget.o(.data) for __stdout
    printf4.o(i.__0snprintf$4) refers to printf4.o(i._printf_core) for _printf_core
    printf4.o(i.__0snprintf$4) refers to printf4.o(i._snputc) for _snputc
    printf4.o(i.__0sprintf$4) refers to printf4.o(i._printf_core) for _printf_core
    printf4.o(i.__0sprintf$4) refers to printf4.o(i._sputc) for _sputc
    printf4.o(i.__0vfprintf$4) refers to printf4.o(i._printf_core) for _printf_core
    printf4.o(i.__0vfprintf$4) refers to retarget.o(i.fputc) for fputc
    printf4.o(i.__0vprintf$4) refers to printf4.o(i._printf_core) for _printf_core
    printf4.o(i.__0vprintf$4) refers to retarget.o(i.fputc) for fputc
    printf4.o(i.__0vprintf$4) refers to retarget.o(.data) for __stdout
    printf4.o(i.__0vsnprintf$4) refers to printf4.o(i._printf_core) for _printf_core
    printf4.o(i.__0vsnprintf$4) refers to printf4.o(i._snputc) for _snputc
    printf4.o(i.__0vsprintf$4) refers to printf4.o(i._printf_core) for _printf_core
    printf4.o(i.__0vsprintf$4) refers to printf4.o(i._sputc) for _sputc
    printf4.o(i._printf_core) refers to uldiv.o(.text) for __aeabi_uldivmod
    printf5.o(i.__0fprintf$5) refers to printf5.o(i._printf_core) for _printf_core
    printf5.o(i.__0fprintf$5) refers to retarget.o(i.fputc) for fputc
    printf5.o(i.__0printf$5) refers to printf5.o(i._printf_core) for _printf_core
    printf5.o(i.__0printf$5) refers to retarget.o(i.fputc) for fputc
    printf5.o(i.__0printf$5) refers to retarget.o(.data) for __stdout
    printf5.o(i.__0snprintf$5) refers to printf5.o(i._printf_core) for _printf_core
    printf5.o(i.__0snprintf$5) refers to printf5.o(i._snputc) for _snputc
    printf5.o(i.__0sprintf$5) refers to printf5.o(i._printf_core) for _printf_core
    printf5.o(i.__0sprintf$5) refers to printf5.o(i._sputc) for _sputc
    printf5.o(i.__0vfprintf$5) refers to printf5.o(i._printf_core) for _printf_core
    printf5.o(i.__0vfprintf$5) refers to retarget.o(i.fputc) for fputc
    printf5.o(i.__0vprintf$5) refers to printf5.o(i._printf_core) for _printf_core
    printf5.o(i.__0vprintf$5) refers to retarget.o(i.fputc) for fputc
    printf5.o(i.__0vprintf$5) refers to retarget.o(.data) for __stdout
    printf5.o(i.__0vsnprintf$5) refers to printf5.o(i._printf_core) for _printf_core
    printf5.o(i.__0vsnprintf$5) refers to printf5.o(i._snputc) for _snputc
    printf5.o(i.__0vsprintf$5) refers to printf5.o(i._printf_core) for _printf_core
    printf5.o(i.__0vsprintf$5) refers to printf5.o(i._sputc) for _sputc
    printf5.o(i._printf_core) refers to uldiv.o(.text) for __aeabi_uldivmod
    printf6.o(i.__0fprintf$6) refers to printf6.o(i._printf_core) for _printf_core
    printf6.o(i.__0fprintf$6) refers to retarget.o(i.fputc) for fputc
    printf6.o(i.__0printf$6) refers to printf6.o(i._printf_core) for _printf_core
    printf6.o(i.__0printf$6) refers to retarget.o(i.fputc) for fputc
    printf6.o(i.__0printf$6) refers to retarget.o(.data) for __stdout
    printf6.o(i.__0snprintf$6) refers to printf6.o(i._printf_core) for _printf_core
    printf6.o(i.__0snprintf$6) refers to printf6.o(i._snputc) for _snputc
    printf6.o(i.__0sprintf$6) refers to printf6.o(i._printf_core) for _printf_core
    printf6.o(i.__0sprintf$6) refers to printf6.o(i._sputc) for _sputc
    printf6.o(i.__0vfprintf$6) refers to printf6.o(i._printf_core) for _printf_core
    printf6.o(i.__0vfprintf$6) refers to retarget.o(i.fputc) for fputc
    printf6.o(i.__0vprintf$6) refers to printf6.o(i._printf_core) for _printf_core
    printf6.o(i.__0vprintf$6) refers to retarget.o(i.fputc) for fputc
    printf6.o(i.__0vprintf$6) refers to retarget.o(.data) for __stdout
    printf6.o(i.__0vsnprintf$6) refers to printf6.o(i._printf_core) for _printf_core
    printf6.o(i.__0vsnprintf$6) refers to printf6.o(i._snputc) for _snputc
    printf6.o(i.__0vsprintf$6) refers to printf6.o(i._printf_core) for _printf_core
    printf6.o(i.__0vsprintf$6) refers to printf6.o(i._sputc) for _sputc
    printf6.o(i._printf_core) refers to printf6.o(i._printf_pre_padding) for _printf_pre_padding
    printf6.o(i._printf_core) refers to uidiv.o(.text) for __aeabi_uidivmod
    printf6.o(i._printf_core) refers to printf6.o(i._printf_post_padding) for _printf_post_padding
    printf7.o(i.__0fprintf$7) refers to printf7.o(i._printf_core) for _printf_core
    printf7.o(i.__0fprintf$7) refers to retarget.o(i.fputc) for fputc
    printf7.o(i.__0printf$7) refers to printf7.o(i._printf_core) for _printf_core
    printf7.o(i.__0printf$7) refers to retarget.o(i.fputc) for fputc
    printf7.o(i.__0printf$7) refers to retarget.o(.data) for __stdout
    printf7.o(i.__0snprintf$7) refers to printf7.o(i._printf_core) for _printf_core
    printf7.o(i.__0snprintf$7) refers to printf7.o(i._snputc) for _snputc
    printf7.o(i.__0sprintf$7) refers to printf7.o(i._printf_core) for _printf_core
    printf7.o(i.__0sprintf$7) refers to printf7.o(i._sputc) for _sputc
    printf7.o(i.__0vfprintf$7) refers to printf7.o(i._printf_core) for _printf_core
    printf7.o(i.__0vfprintf$7) refers to retarget.o(i.fputc) for fputc
    printf7.o(i.__0vprintf$7) refers to printf7.o(i._printf_core) for _printf_core
    printf7.o(i.__0vprintf$7) refers to retarget.o(i.fputc) for fputc
    printf7.o(i.__0vprintf$7) refers to retarget.o(.data) for __stdout
    printf7.o(i.__0vsnprintf$7) refers to printf7.o(i._printf_core) for _printf_core
    printf7.o(i.__0vsnprintf$7) refers to printf7.o(i._snputc) for _snputc
    printf7.o(i.__0vsprintf$7) refers to printf7.o(i._printf_core) for _printf_core
    printf7.o(i.__0vsprintf$7) refers to printf7.o(i._sputc) for _sputc
    printf7.o(i._printf_core) refers to printf7.o(i._printf_pre_padding) for _printf_pre_padding
    printf7.o(i._printf_core) refers to uldiv.o(.text) for __aeabi_uldivmod
    printf7.o(i._printf_core) refers to printf7.o(i._printf_post_padding) for _printf_post_padding
    printf8.o(i.__0fprintf$8) refers to printf8.o(i._printf_core) for _printf_core
    printf8.o(i.__0fprintf$8) refers to retarget.o(i.fputc) for fputc
    printf8.o(i.__0printf$8) refers to printf8.o(i._printf_core) for _printf_core
    printf8.o(i.__0printf$8) refers to retarget.o(i.fputc) for fputc
    printf8.o(i.__0printf$8) refers to retarget.o(.data) for __stdout
    printf8.o(i.__0snprintf$8) refers to printf8.o(i._printf_core) for _printf_core
    printf8.o(i.__0snprintf$8) refers to printf8.o(i._snputc) for _snputc
    printf8.o(i.__0sprintf$8) refers to printf8.o(i._printf_core) for _printf_core
    printf8.o(i.__0sprintf$8) refers to printf8.o(i._sputc) for _sputc
    printf8.o(i.__0vfprintf$8) refers to printf8.o(i._printf_core) for _printf_core
    printf8.o(i.__0vfprintf$8) refers to retarget.o(i.fputc) for fputc
    printf8.o(i.__0vprintf$8) refers to printf8.o(i._printf_core) for _printf_core
    printf8.o(i.__0vprintf$8) refers to retarget.o(i.fputc) for fputc
    printf8.o(i.__0vprintf$8) refers to retarget.o(.data) for __stdout
    printf8.o(i.__0vsnprintf$8) refers to printf8.o(i._printf_core) for _printf_core
    printf8.o(i.__0vsnprintf$8) refers to printf8.o(i._snputc) for _snputc
    printf8.o(i.__0vsprintf$8) refers to printf8.o(i._printf_core) for _printf_core
    printf8.o(i.__0vsprintf$8) refers to printf8.o(i._sputc) for _sputc
    printf8.o(i._printf_core) refers to printf8.o(i._printf_pre_padding) for _printf_pre_padding
    printf8.o(i._printf_core) refers to uldiv.o(.text) for __aeabi_uldivmod
    printf8.o(i._printf_core) refers to printf8.o(i._printf_post_padding) for _printf_post_padding
    printfa.o(i.__0fprintf) refers (Special) to iusefp.o(.text) for __I$use$fp
    printfa.o(i.__0fprintf) refers to printfa.o(i._printf_core) for _printf_core
    printfa.o(i.__0fprintf) refers to retarget.o(i.fputc) for fputc
    printfa.o(i.__0printf) refers (Special) to iusefp.o(.text) for __I$use$fp
    printfa.o(i.__0printf) refers to printfa.o(i._printf_core) for _printf_core
    printfa.o(i.__0printf) refers to retarget.o(i.fputc) for fputc
    printfa.o(i.__0printf) refers to retarget.o(.data) for __stdout
    printfa.o(i.__0snprintf) refers (Special) to iusefp.o(.text) for __I$use$fp
    printfa.o(i.__0snprintf) refers to printfa.o(i._printf_core) for _printf_core
    printfa.o(i.__0snprintf) refers to printfa.o(i._snputc) for _snputc
    printfa.o(i.__0sprintf) refers (Special) to iusefp.o(.text) for __I$use$fp
    printfa.o(i.__0sprintf) refers to printfa.o(i._printf_core) for _printf_core
    printfa.o(i.__0sprintf) refers to printfa.o(i._sputc) for _sputc
    printfa.o(i.__0vfprintf) refers (Special) to iusefp.o(.text) for __I$use$fp
    printfa.o(i.__0vfprintf) refers to printfa.o(i._printf_core) for _printf_core
    printfa.o(i.__0vfprintf) refers to retarget.o(i.fputc) for fputc
    printfa.o(i.__0vprintf) refers (Special) to iusefp.o(.text) for __I$use$fp
    printfa.o(i.__0vprintf) refers to printfa.o(i._printf_core) for _printf_core
    printfa.o(i.__0vprintf) refers to retarget.o(i.fputc) for fputc
    printfa.o(i.__0vprintf) refers to retarget.o(.data) for __stdout
    printfa.o(i.__0vsnprintf) refers (Special) to iusefp.o(.text) for __I$use$fp
    printfa.o(i.__0vsnprintf) refers to printfa.o(i._printf_core) for _printf_core
    printfa.o(i.__0vsnprintf) refers to printfa.o(i._snputc) for _snputc
    printfa.o(i.__0vsprintf) refers (Special) to iusefp.o(.text) for __I$use$fp
    printfa.o(i.__0vsprintf) refers to printfa.o(i._printf_core) for _printf_core
    printfa.o(i.__0vsprintf) refers to printfa.o(i._sputc) for _sputc
    printfa.o(i._fp_digits) refers (Special) to iusefp.o(.text) for __I$use$fp
    printfa.o(i._fp_digits) refers to dmul.o(.text) for __aeabi_dmul
    printfa.o(i._fp_digits) refers to ddiv.o(.text) for __aeabi_ddiv
    printfa.o(i._fp_digits) refers to cdrcmple.o(.text) for __aeabi_cdrcmple
    printfa.o(i._fp_digits) refers to dadd.o(.text) for __aeabi_dadd
    printfa.o(i._fp_digits) refers to dfixul.o(.text) for __aeabi_d2ulz
    printfa.o(i._fp_digits) refers to uldiv.o(.text) for __aeabi_uldivmod
    printfa.o(i._printf_core) refers (Special) to iusefp.o(.text) for __I$use$fp
    printfa.o(i._printf_core) refers to printfa.o(i._printf_pre_padding) for _printf_pre_padding
    printfa.o(i._printf_core) refers to uldiv.o(.text) for __aeabi_uldivmod
    printfa.o(i._printf_core) refers to printfa.o(i._printf_post_padding) for _printf_post_padding
    printfa.o(i._printf_core) refers to printfa.o(i._fp_digits) for _fp_digits
    printfa.o(i._printf_core) refers to uidiv.o(.text) for __aeabi_uidivmod
    printfa.o(i._printf_post_padding) refers (Special) to iusefp.o(.text) for __I$use$fp
    printfa.o(i._printf_pre_padding) refers (Special) to iusefp.o(.text) for __I$use$fp
    printfa.o(i._snputc) refers (Special) to iusefp.o(.text) for __I$use$fp
    printfa.o(i._sputc) refers (Special) to iusefp.o(.text) for __I$use$fp
    entry2.o(.ARM.Collect$$$$00000001) refers to entry2.o(.ARM.Collect$$$$00002712) for __lit__00000000
    entry2.o(.ARM.Collect$$$$00002712) refers to arm_startup_nrf52.o(STACK) for __initial_sp
    entry2.o(__vectab_stack_and_reset_area) refers to arm_startup_nrf52.o(STACK) for __initial_sp
    entry2.o(__vectab_stack_and_reset_area) refers to entry.o(.ARM.Collect$$$$00000000) for __main
    entry5.o(.ARM.Collect$$$$00000004) refers to init.o(.text) for __scatterload
    entry9a.o(.ARM.Collect$$$$0000000B) refers to main.o(i.main) for main
    entry9b.o(.ARM.Collect$$$$0000000C) refers to main.o(i.main) for main
    uldiv.o(.text) refers to llushr.o(.text) for __aeabi_llsr
    uldiv.o(.text) refers to llshl.o(.text) for __aeabi_llsl
    dadd.o(.text) refers to llshl.o(.text) for __aeabi_llsl
    dadd.o(.text) refers to llsshr.o(.text) for __aeabi_lasr
    dadd.o(.text) refers to depilogue.o(.text) for _double_epilogue
    dmul.o(.text) refers to depilogue.o(.text) for _double_epilogue
    ddiv.o(.text) refers to depilogue.o(.text) for _double_round
    dfixul.o(.text) refers to llushr.o(.text) for __aeabi_llsr
    dfixul.o(.text) refers to llshl.o(.text) for __aeabi_llsl
    init.o(.text) refers to entry5.o(.ARM.Collect$$$$00000004) for __main_after_scatterload
    depilogue.o(.text) refers to llshl.o(.text) for __aeabi_llsl
    depilogue.o(.text) refers to llushr.o(.text) for __aeabi_llsr


==============================================================================

Removing Unused input sections from the image.

    Removing main.o(.rev16_text), (4 bytes).
    Removing main.o(.revsh_text), (4 bytes).
    Removing main.o(.rrx_text), (6 bytes).
    Removing uart.o(.rev16_text), (4 bytes).
    Removing uart.o(.revsh_text), (4 bytes).
    Removing uart.o(.rrx_text), (6 bytes).
    Removing led.o(.rev16_text), (4 bytes).
    Removing led.o(.revsh_text), (4 bytes).
    Removing led.o(.rrx_text), (6 bytes).
    Removing led.o(i.Delay), (10 bytes).
    Removing led.o(.data), (1 bytes).
    Removing nrf_drv_uart.o(.rev16_text), (4 bytes).
    Removing nrf_drv_uart.o(.revsh_text), (4 bytes).
    Removing nrf_drv_uart.o(.rrx_text), (6 bytes).
    Removing nrfx_gpiote.o(.rev16_text), (4 bytes).
    Removing nrfx_gpiote.o(.revsh_text), (4 bytes).
    Removing nrfx_gpiote.o(.rrx_text), (6 bytes).
    Removing nrfx_gpiote.o(i.nrf_gpio_cfg_default), (18 bytes).
    Removing nrfx_gpiote.o(i.nrfx_gpiote_clr_task_addr_get), (16 bytes).
    Removing nrfx_gpiote.o(i.nrfx_gpiote_clr_task_get), (16 bytes).
    Removing nrfx_gpiote.o(i.nrfx_gpiote_clr_task_trigger), (28 bytes).
    Removing nrfx_gpiote.o(i.nrfx_gpiote_in_event_addr_get), (16 bytes).
    Removing nrfx_gpiote.o(i.nrfx_gpiote_in_event_disable), (72 bytes).
    Removing nrfx_gpiote.o(i.nrfx_gpiote_in_event_get), (36 bytes).
    Removing nrfx_gpiote.o(i.nrfx_gpiote_in_is_set), (24 bytes).
    Removing nrfx_gpiote.o(i.nrfx_gpiote_in_uninit), (88 bytes).
    Removing nrfx_gpiote.o(i.nrfx_gpiote_is_init), (20 bytes).
    Removing nrfx_gpiote.o(i.nrfx_gpiote_out_clear), (16 bytes).
    Removing nrfx_gpiote.o(i.nrfx_gpiote_out_init), (184 bytes).
    Removing nrfx_gpiote.o(i.nrfx_gpiote_out_set), (16 bytes).
    Removing nrfx_gpiote.o(i.nrfx_gpiote_out_task_addr_get), (16 bytes).
    Removing nrfx_gpiote.o(i.nrfx_gpiote_out_task_disable), (36 bytes).
    Removing nrfx_gpiote.o(i.nrfx_gpiote_out_task_enable), (36 bytes).
    Removing nrfx_gpiote.o(i.nrfx_gpiote_out_task_force), (48 bytes).
    Removing nrfx_gpiote.o(i.nrfx_gpiote_out_task_get), (12 bytes).
    Removing nrfx_gpiote.o(i.nrfx_gpiote_out_task_trigger), (24 bytes).
    Removing nrfx_gpiote.o(i.nrfx_gpiote_out_toggle), (26 bytes).
    Removing nrfx_gpiote.o(i.nrfx_gpiote_out_uninit), (88 bytes).
    Removing nrfx_gpiote.o(i.nrfx_gpiote_set_task_addr_get), (16 bytes).
    Removing nrfx_gpiote.o(i.nrfx_gpiote_set_task_get), (16 bytes).
    Removing nrfx_gpiote.o(i.nrfx_gpiote_set_task_trigger), (28 bytes).
    Removing nrfx_gpiote.o(i.nrfx_gpiote_uninit), (72 bytes).
    Removing nrfx_gpiote.o(i.pin_configured_check), (20 bytes).
    Removing nrfx_gpiote.o(i.pin_configured_clear), (28 bytes).
    Removing nrfx_gpiote.o(.constdata), (17 bytes).
    Removing nrfx_gpiote.o(.constdata), (21 bytes).
    Removing nrfx_gpiote.o(.constdata), (20 bytes).
    Removing nrfx_uart.o(.rev16_text), (4 bytes).
    Removing nrfx_uart.o(.revsh_text), (4 bytes).
    Removing nrfx_uart.o(.rrx_text), (6 bytes).
    Removing nrfx_uart.o(i.interrupts_disable), (52 bytes).
    Removing nrfx_uart.o(i.nrf_gpio_cfg_default), (18 bytes).
    Removing nrfx_uart.o(i.nrfx_uart_errorsrc_get), (26 bytes).
    Removing nrfx_uart.o(i.nrfx_uart_rx_abort), (18 bytes).
    Removing nrfx_uart.o(i.nrfx_uart_rx_disable), (36 bytes).
    Removing nrfx_uart.o(i.nrfx_uart_rx_enable), (60 bytes).
    Removing nrfx_uart.o(i.nrfx_uart_rx_ready), (10 bytes).
    Removing nrfx_uart.o(i.nrfx_uart_tx_abort), (48 bytes).
    Removing nrfx_uart.o(i.nrfx_uart_uninit), (64 bytes).
    Removing nrfx_uart.o(i.pins_to_default), (80 bytes).
    Removing nrfx_uart.o(.constdata), (15 bytes).
    Removing nrfx_uart.o(.constdata), (13 bytes).
    Removing nrfx_uart.o(.constdata), (13 bytes).
    Removing nrfx_uarte.o(.rev16_text), (4 bytes).
    Removing nrfx_uarte.o(.revsh_text), (4 bytes).
    Removing nrfx_uarte.o(.rrx_text), (6 bytes).
    Removing nrfx_uarte.o(i.interrupts_disable), (52 bytes).
    Removing nrfx_uarte.o(i.nrf_gpio_cfg_default), (18 bytes).
    Removing nrfx_uarte.o(i.nrfx_uarte_errorsrc_get), (26 bytes).
    Removing nrfx_uarte.o(i.nrfx_uarte_rx_abort), (44 bytes).
    Removing nrfx_uarte.o(i.nrfx_uarte_rx_ready), (10 bytes).
    Removing nrfx_uarte.o(i.nrfx_uarte_tx_abort), (60 bytes).
    Removing nrfx_uarte.o(i.nrfx_uarte_uninit), (140 bytes).
    Removing nrfx_uarte.o(i.pins_to_default), (80 bytes).
    Removing nrfx_uarte.o(.constdata), (16 bytes).
    Removing nrfx_uarte.o(.constdata), (14 bytes).
    Removing nrfx_uarte.o(.constdata), (14 bytes).
    Removing nrfx_prs.o(.rev16_text), (4 bytes).
    Removing nrfx_prs.o(.revsh_text), (4 bytes).
    Removing nrfx_prs.o(.rrx_text), (6 bytes).
    Removing nrfx_prs.o(i.nrfx_prs_release), (18 bytes).
    Removing nrfx_prs.o(.constdata), (17 bytes).
    Removing app_error.o(.rev16_text), (4 bytes).
    Removing app_error.o(.revsh_text), (4 bytes).
    Removing app_error.o(.rrx_text), (6 bytes).
    Removing app_error.o(i.app_error_save_and_stop), (100 bytes).
    Removing app_error.o(.bss), (32 bytes).
    Removing app_error_handler_keil.o(.rev16_text), (4 bytes).
    Removing app_error_handler_keil.o(.revsh_text), (4 bytes).
    Removing app_error_handler_keil.o(.rrx_text), (6 bytes).
    Removing app_error_handler_keil.o(.emb_text), (26 bytes).
    Removing app_error_weak.o(.rev16_text), (4 bytes).
    Removing app_error_weak.o(.revsh_text), (4 bytes).
    Removing app_error_weak.o(.rrx_text), (6 bytes).
    Removing app_util_platform.o(.rev16_text), (4 bytes).
    Removing app_util_platform.o(.revsh_text), (4 bytes).
    Removing app_util_platform.o(.rrx_text), (6 bytes).
    Removing app_util_platform.o(i.current_int_priority_get), (54 bytes).
    Removing app_util_platform.o(i.privilege_level_get), (28 bytes).
    Removing nrf_assert.o(.rev16_text), (4 bytes).
    Removing nrf_assert.o(.revsh_text), (4 bytes).
    Removing nrf_assert.o(.rrx_text), (6 bytes).
    Removing nrf_assert.o(i.assert_nrf_callback), (20 bytes).
    Removing nrf_strerror.o(.rev16_text), (4 bytes).
    Removing nrf_strerror.o(.revsh_text), (4 bytes).
    Removing nrf_strerror.o(.rrx_text), (6 bytes).
    Removing nrf_strerror.o(i.nrf_strerror_find), (56 bytes).
    Removing nrf_strerror.o(i.nrf_strerror_get), (20 bytes).
    Removing nrf_strerror.o(.constdata), (300 bytes).
    Removing nrf_strerror.o(.conststring), (957 bytes).
    Removing app_uart_fifo.o(.rev16_text), (4 bytes).
    Removing app_uart_fifo.o(.revsh_text), (4 bytes).
    Removing app_uart_fifo.o(.rrx_text), (6 bytes).
    Removing app_uart_fifo.o(i.app_uart_close), (40 bytes).
    Removing app_uart_fifo.o(i.app_uart_flush), (32 bytes).
    Removing app_uart_fifo.o(i.app_uart_get), (52 bytes).
    Removing app_fifo.o(.rev16_text), (4 bytes).
    Removing app_fifo.o(.revsh_text), (4 bytes).
    Removing app_fifo.o(.rrx_text), (6 bytes).
    Removing app_fifo.o(i.app_fifo_flush), (8 bytes).
    Removing app_fifo.o(i.app_fifo_peek), (34 bytes).
    Removing app_fifo.o(i.app_fifo_read), (86 bytes).
    Removing app_fifo.o(i.app_fifo_write), (92 bytes).
    Removing retarget.o(.rev16_text), (4 bytes).
    Removing retarget.o(.revsh_text), (4 bytes).
    Removing retarget.o(.rrx_text), (6 bytes).
    Removing retarget.o(i.fgetc), (18 bytes).
    Removing retarget.o(.data), (4 bytes).
    Removing arm_startup_nrf52.o(HEAP), (4096 bytes).
    Removing system_nrf52.o(.rev16_text), (4 bytes).
    Removing system_nrf52.o(.revsh_text), (4 bytes).
    Removing system_nrf52.o(.rrx_text), (6 bytes).
    Removing dadd.o(.text), (334 bytes).
    Removing dmul.o(.text), (228 bytes).
    Removing ddiv.o(.text), (222 bytes).
    Removing dfixul.o(.text), (48 bytes).
    Removing cdrcmple.o(.text), (48 bytes).
    Removing depilogue.o(.text), (186 bytes).

138 unused section(s) (total 9420 bytes) removed from the image.

==============================================================================

Image Symbol Table

    Local Symbols

    Symbol Name                              Value     Ov Type        Size  Object(Section)

    RESET                                    0x00000000   Section      512  arm_startup_nrf52.o(RESET)
    ../clib/microlib/division.c              0x00000000   Number         0  uldiv.o ABSOLUTE
    ../clib/microlib/division.c              0x00000000   Number         0  uidiv.o ABSOLUTE
    ../clib/microlib/init/entry.s            0x00000000   Number         0  entry11b.o ABSOLUTE
    ../clib/microlib/init/entry.s            0x00000000   Number         0  entry12b.o ABSOLUTE
    ../clib/microlib/init/entry.s            0x00000000   Number         0  entry.o ABSOLUTE
    ../clib/microlib/init/entry.s            0x00000000   Number         0  entry12a.o ABSOLUTE
    ../clib/microlib/init/entry.s            0x00000000   Number         0  entry7b.o ABSOLUTE
    ../clib/microlib/init/entry.s            0x00000000   Number         0  entry11a.o ABSOLUTE
    ../clib/microlib/init/entry.s            0x00000000   Number         0  entry10b.o ABSOLUTE
    ../clib/microlib/init/entry.s            0x00000000   Number         0  entry10a.o ABSOLUTE
    ../clib/microlib/init/entry.s            0x00000000   Number         0  entry9b.o ABSOLUTE
    ../clib/microlib/init/entry.s            0x00000000   Number         0  entry9a.o ABSOLUTE
    ../clib/microlib/init/entry.s            0x00000000   Number         0  entry8b.o ABSOLUTE
    ../clib/microlib/init/entry.s            0x00000000   Number         0  entry8a.o ABSOLUTE
    ../clib/microlib/init/entry.s            0x00000000   Number         0  entry7a.o ABSOLUTE
    ../clib/microlib/init/entry.s            0x00000000   Number         0  entry5.o ABSOLUTE
    ../clib/microlib/init/entry.s            0x00000000   Number         0  entry2.o ABSOLUTE
    ../clib/microlib/longlong.c              0x00000000   Number         0  llsshr.o ABSOLUTE
    ../clib/microlib/longlong.c              0x00000000   Number         0  llshl.o ABSOLUTE
    ../clib/microlib/longlong.c              0x00000000   Number         0  llushr.o ABSOLUTE
    ../clib/microlib/printf/printf.c         0x00000000   Number         0  printf4.o ABSOLUTE
    ../clib/microlib/printf/printf.c         0x00000000   Number         0  printf3.o ABSOLUTE
    ../clib/microlib/printf/printf.c         0x00000000   Number         0  printf2.o ABSOLUTE
    ../clib/microlib/printf/printf.c         0x00000000   Number         0  printf1.o ABSOLUTE
    ../clib/microlib/printf/printf.c         0x00000000   Number         0  printf0.o ABSOLUTE
    ../clib/microlib/printf/printf.c         0x00000000   Number         0  printfb.o ABSOLUTE
    ../clib/microlib/printf/printf.c         0x00000000   Number         0  printfa.o ABSOLUTE
    ../clib/microlib/printf/printf.c         0x00000000   Number         0  printf8.o ABSOLUTE
    ../clib/microlib/printf/printf.c         0x00000000   Number         0  printf7.o ABSOLUTE
    ../clib/microlib/printf/printf.c         0x00000000   Number         0  printf6.o ABSOLUTE
    ../clib/microlib/printf/printf.c         0x00000000   Number         0  printf5.o ABSOLUTE
    ../clib/microlib/string/memcpy.c         0x00000000   Number         0  memcpya.o ABSOLUTE
    ../clib/microlib/string/memcpy.c         0x00000000   Number         0  memcpyb.o ABSOLUTE
    ../clib/microlib/stubs.s                 0x00000000   Number         0  iusefp.o ABSOLUTE
    ../fplib/microlib/fpadd.c                0x00000000   Number         0  dadd.o ABSOLUTE
    ../fplib/microlib/fpdiv.c                0x00000000   Number         0  ddiv.o ABSOLUTE
    ../fplib/microlib/fpepilogue.c           0x00000000   Number         0  depilogue.o ABSOLUTE
    ../fplib/microlib/fpfix.c                0x00000000   Number         0  dfixul.o ABSOLUTE
    ../fplib/microlib/fpmul.c                0x00000000   Number         0  dmul.o ABSOLUTE
    ..\..\components\libraries\fifo\app_fifo.c 0x00000000   Number         0  app_fifo.o ABSOLUTE
    ..\..\components\libraries\strerror\nrf_strerror.c 0x00000000   Number         0  nrf_strerror.o ABSOLUTE
    ..\..\components\libraries\uart\app_uart_fifo.c 0x00000000   Number         0  app_uart_fifo.o ABSOLUTE
    ..\..\components\libraries\uart\retarget.c 0x00000000   Number         0  retarget.o ABSOLUTE
    ..\..\components\libraries\util\app_error.c 0x00000000   Number         0  app_error.o ABSOLUTE
    ..\..\components\libraries\util\app_error_handler_keil.c 0x00000000   Number         0  app_error_handler_keil.o ABSOLUTE
    ..\..\components\libraries\util\app_error_weak.c 0x00000000   Number         0  app_error_weak.o ABSOLUTE
    ..\..\components\libraries\util\app_util_platform.c 0x00000000   Number         0  app_util_platform.o ABSOLUTE
    ..\..\components\libraries\util\nrf_assert.c 0x00000000   Number         0  nrf_assert.o ABSOLUTE
    ..\..\drive\led.c                        0x00000000   Number         0  led.o ABSOLUTE
    ..\..\drive\uart.c                       0x00000000   Number         0  uart.o ABSOLUTE
    ..\..\integration\nrfx\legacy\nrf_drv_uart.c 0x00000000   Number         0  nrf_drv_uart.o ABSOLUTE
    ..\..\modules\nrfx\drivers\src\nrfx_gpiote.c 0x00000000   Number         0  nrfx_gpiote.o ABSOLUTE
    ..\..\modules\nrfx\drivers\src\nrfx_uart.c 0x00000000   Number         0  nrfx_uart.o ABSOLUTE
    ..\..\modules\nrfx\drivers\src\nrfx_uarte.c 0x00000000   Number         0  nrfx_uarte.o ABSOLUTE
    ..\..\modules\nrfx\drivers\src\prs\nrfx_prs.c 0x00000000   Number         0  nrfx_prs.o ABSOLUTE
    ..\\..\\components\\libraries\\fifo\\app_fifo.c 0x00000000   Number         0  app_fifo.o ABSOLUTE
    ..\\..\\components\\libraries\\strerror\\nrf_strerror.c 0x00000000   Number         0  nrf_strerror.o ABSOLUTE
    ..\\..\\components\\libraries\\uart\\app_uart_fifo.c 0x00000000   Number         0  app_uart_fifo.o ABSOLUTE
    ..\\..\\components\\libraries\\uart\\retarget.c 0x00000000   Number         0  retarget.o ABSOLUTE
    ..\\..\\components\\libraries\\util\\app_error.c 0x00000000   Number         0  app_error.o ABSOLUTE
    ..\\..\\components\\libraries\\util\\app_error_handler_keil.c 0x00000000   Number         0  app_error_handler_keil.o ABSOLUTE
    ..\\..\\components\\libraries\\util\\app_error_weak.c 0x00000000   Number         0  app_error_weak.o ABSOLUTE
    ..\\..\\components\\libraries\\util\\app_util_platform.c 0x00000000   Number         0  app_util_platform.o ABSOLUTE
    ..\\..\\components\\libraries\\util\\nrf_assert.c 0x00000000   Number         0  nrf_assert.o ABSOLUTE
    ..\\..\\drive\\led.c                     0x00000000   Number         0  led.o ABSOLUTE
    ..\\..\\drive\\uart.c                    0x00000000   Number         0  uart.o ABSOLUTE
    ..\\..\\integration\\nrfx\\legacy\\nrf_drv_uart.c 0x00000000   Number         0  nrf_drv_uart.o ABSOLUTE
    ..\\..\\modules\\nrfx\\drivers\\src\\nrfx_gpiote.c 0x00000000   Number         0  nrfx_gpiote.o ABSOLUTE
    ..\\..\\modules\\nrfx\\drivers\\src\\nrfx_uart.c 0x00000000   Number         0  nrfx_uart.o ABSOLUTE
    ..\\..\\modules\\nrfx\\drivers\\src\\nrfx_uarte.c 0x00000000   Number         0  nrfx_uarte.o ABSOLUTE
    ..\\..\\modules\\nrfx\\drivers\\src\\prs\\nrfx_prs.c 0x00000000   Number         0  nrfx_prs.o ABSOLUTE
    RTE/Device/nRF52832_xxAA/arm_startup_nrf52.s 0x00000000   Number         0  arm_startup_nrf52.o ABSOLUTE
    RTE/Device/nRF52832_xxAA/system_nrf52.c  0x00000000   Number         0  system_nrf52.o ABSOLUTE
    RTE\Device\nRF52832_xxAA\system_nrf52.c  0x00000000   Number         0  system_nrf52.o ABSOLUTE
    cdrcmple.s                               0x00000000   Number         0  cdrcmple.o ABSOLUTE
    dc.s                                     0x00000000   Number         0  dc.o ABSOLUTE
    handlers.s                               0x00000000   Number         0  handlers.o ABSOLUTE
    init.s                                   0x00000000   Number         0  init.o ABSOLUTE
    main.c                                   0x00000000   Number         0  main.o ABSOLUTE
    main.c                                   0x00000000   Number         0  main.o ABSOLUTE
    .ARM.Collect$$$$00000000                 0x00000200   Section        0  entry.o(.ARM.Collect$$$$00000000)
    .ARM.Collect$$$$00000001                 0x00000200   Section        4  entry2.o(.ARM.Collect$$$$00000001)
    .ARM.Collect$$$$00000004                 0x00000204   Section        4  entry5.o(.ARM.Collect$$$$00000004)
    .ARM.Collect$$$$00000008                 0x00000208   Section        0  entry7b.o(.ARM.Collect$$$$00000008)
    .ARM.Collect$$$$0000000A                 0x00000208   Section        0  entry8b.o(.ARM.Collect$$$$0000000A)
    .ARM.Collect$$$$0000000B                 0x00000208   Section        8  entry9a.o(.ARM.Collect$$$$0000000B)
    .ARM.Collect$$$$0000000E                 0x00000210   Section        4  entry12b.o(.ARM.Collect$$$$0000000E)
    .ARM.Collect$$$$0000000F                 0x00000214   Section        0  entry10a.o(.ARM.Collect$$$$0000000F)
    .ARM.Collect$$$$00000011                 0x00000214   Section        0  entry11a.o(.ARM.Collect$$$$00000011)
    .ARM.Collect$$$$00002712                 0x00000214   Section        4  entry2.o(.ARM.Collect$$$$00002712)
    __lit__00000000                          0x00000214   Data           4  entry2.o(.ARM.Collect$$$$00002712)
    .text                                    0x00000218   Section       36  arm_startup_nrf52.o(.text)
    $v0                                      0x00000218   Number         0  arm_startup_nrf52.o(.text)
    .text                                    0x0000023c   Section        0  memcpya.o(.text)
    .text                                    0x00000260   Section       36  init.o(.text)
    i.GPIOTE_IRQHandler                      0x00000284   Section        0  nrfx_gpiote.o(i.GPIOTE_IRQHandler)
    i.LED_Init                               0x0000032c   Section        0  led.o(i.LED_Init)
    i.LED_OPEN_CLOSE                         0x000003b8   Section        0  led.o(i.LED_OPEN_CLOSE)
    i.SystemCoreClockUpdate                  0x000003d0   Section        0  system_nrf52.o(i.SystemCoreClockUpdate)
    i.SystemInit                             0x000003e0   Section        0  system_nrf52.o(i.SystemInit)
    i.UARTE0_UART0_IRQHandler                0x00000454   Section        0  nrfx_prs.o(i.UARTE0_UART0_IRQHandler)
    i.__0printf$bare                         0x00000460   Section        0  printfb.o(i.__0printf$bare)
    i.__scatterload_copy                     0x00000470   Section       14  handlers.o(i.__scatterload_copy)
    i.__scatterload_null                     0x0000047e   Section        2  handlers.o(i.__scatterload_null)
    i.__scatterload_zeroinit                 0x00000480   Section       14  handlers.o(i.__scatterload_zeroinit)
    i._printf_core                           0x0000048e   Section        0  printfb.o(i._printf_core)
    _printf_core                             0x0000048f   Thumb Code    34  printfb.o(i._printf_core)
    i.app_error_fault_handler                0x000004b0   Section        0  app_error_weak.o(i.app_error_fault_handler)
    i.app_error_handler_bare                 0x000004e0   Section        0  app_error.o(i.app_error_handler_bare)
    i.app_fifo_get                           0x000004f6   Section        0  app_fifo.o(i.app_fifo_get)
    i.app_fifo_init                          0x0000050e   Section        0  app_fifo.o(i.app_fifo_init)
    i.app_fifo_put                           0x00000530   Section        0  app_fifo.o(i.app_fifo_put)
    i.app_uart_init                          0x0000054c   Section        0  app_uart_fifo.o(i.app_uart_init)
    i.app_uart_put                           0x00000600   Section        0  app_uart_fifo.o(i.app_uart_put)
    i.app_util_critical_region_enter         0x00000654   Section        0  app_util_platform.o(i.app_util_critical_region_enter)
    i.app_util_critical_region_exit          0x00000658   Section        0  app_util_platform.o(i.app_util_critical_region_exit)
    i.app_util_disable_irq                   0x0000065c   Section        0  app_util_platform.o(i.app_util_disable_irq)
    i.app_util_enable_irq                    0x0000066c   Section        0  app_util_platform.o(i.app_util_enable_irq)
    i.apply_config                           0x00000680   Section        0  nrfx_uart.o(i.apply_config)
    apply_config                             0x00000681   Thumb Code   136  nrfx_uart.o(i.apply_config)
    i.apply_config                           0x00000708   Section        0  nrfx_uarte.o(i.apply_config)
    apply_config                             0x00000709   Thumb Code   136  nrfx_uarte.o(i.apply_config)
    i.channel_free                           0x00000790   Section        0  nrfx_gpiote.o(i.channel_free)
    channel_free                             0x00000791   Thumb Code    22  nrfx_gpiote.o(i.channel_free)
    i.channel_port_alloc                     0x000007ac   Section        0  nrfx_gpiote.o(i.channel_port_alloc)
    channel_port_alloc                       0x000007ad   Thumb Code    78  nrfx_gpiote.o(i.channel_port_alloc)
    i.channel_port_get                       0x00000800   Section        0  nrfx_gpiote.o(i.channel_port_get)
    channel_port_get                         0x00000801   Thumb Code    10  nrfx_gpiote.o(i.channel_port_get)
    i.fifo_get                               0x00000810   Section        0  app_fifo.o(i.fifo_get)
    fifo_get                                 0x00000811   Thumb Code    20  app_fifo.o(i.fifo_get)
    i.fifo_put                               0x00000824   Section        0  app_fifo.o(i.fifo_put)
    fifo_put                                 0x00000825   Thumb Code    18  app_fifo.o(i.fifo_put)
    i.fputc                                  0x00000836   Section        0  retarget.o(i.fputc)
    i.in_pin_handler                         0x00000844   Section        0  led.o(i.in_pin_handler)
    i.interrupts_enable                      0x0000085c   Section        0  nrfx_uart.o(i.interrupts_enable)
    interrupts_enable                        0x0000085d   Thumb Code   102  nrfx_uart.o(i.interrupts_enable)
    i.interrupts_enable                      0x000008c8   Section        0  nrfx_uarte.o(i.interrupts_enable)
    interrupts_enable                        0x000008c9   Thumb Code   132  nrfx_uarte.o(i.interrupts_enable)
    i.latch_pending_read_and_check           0x00000950   Section        0  nrfx_gpiote.o(i.latch_pending_read_and_check)
    latch_pending_read_and_check             0x00000951   Thumb Code    36  nrfx_gpiote.o(i.latch_pending_read_and_check)
    i.main                                   0x00000974   Section        0  main.o(i.main)
    i.nrf_bitmask_bit_is_set                 0x000009b8   Section        0  nrfx_gpiote.o(i.nrf_bitmask_bit_is_set)
    nrf_bitmask_bit_is_set                   0x000009b9   Thumb Code    16  nrfx_gpiote.o(i.nrf_bitmask_bit_is_set)
    i.nrf_delay_ms                           0x000009c8   Section        0  main.o(i.nrf_delay_ms)
    nrf_delay_ms                             0x000009c9   Thumb Code    26  main.o(i.nrf_delay_ms)
    i.nrf_drv_uart_init                      0x000009e8   Section        0  nrf_drv_uart.o(i.nrf_drv_uart_init)
    i.nrf_drv_uart_rx                        0x00000a50   Section        0  app_uart_fifo.o(i.nrf_drv_uart_rx)
    nrf_drv_uart_rx                          0x00000a51   Thumb Code    28  app_uart_fifo.o(i.nrf_drv_uart_rx)
    i.nrf_drv_uart_tx                        0x00000a70   Section        0  app_uart_fifo.o(i.nrf_drv_uart_tx)
    nrf_drv_uart_tx                          0x00000a71   Thumb Code    28  app_uart_fifo.o(i.nrf_drv_uart_tx)
    i.nrf_gpio_cfg                           0x00000a90   Section        0  nrfx_gpiote.o(i.nrf_gpio_cfg)
    nrf_gpio_cfg                             0x00000a91   Thumb Code    36  nrfx_gpiote.o(i.nrf_gpio_cfg)
    i.nrf_gpio_cfg                           0x00000ab4   Section        0  nrfx_uart.o(i.nrf_gpio_cfg)
    nrf_gpio_cfg                             0x00000ab5   Thumb Code    36  nrfx_uart.o(i.nrf_gpio_cfg)
    i.nrf_gpio_cfg                           0x00000ad8   Section        0  nrfx_uarte.o(i.nrf_gpio_cfg)
    nrf_gpio_cfg                             0x00000ad9   Thumb Code    36  nrfx_uarte.o(i.nrf_gpio_cfg)
    i.nrf_gpio_cfg_input                     0x00000afc   Section        0  nrfx_uart.o(i.nrf_gpio_cfg_input)
    nrf_gpio_cfg_input                       0x00000afd   Thumb Code    18  nrfx_uart.o(i.nrf_gpio_cfg_input)
    i.nrf_gpio_cfg_input                     0x00000b0e   Section        0  nrfx_uarte.o(i.nrf_gpio_cfg_input)
    nrf_gpio_cfg_input                       0x00000b0f   Thumb Code    18  nrfx_uarte.o(i.nrf_gpio_cfg_input)
    i.nrf_gpio_cfg_output                    0x00000b20   Section        0  led.o(i.nrf_gpio_cfg_output)
    nrf_gpio_cfg_output                      0x00000b21   Thumb Code    16  led.o(i.nrf_gpio_cfg_output)
    i.nrf_gpio_cfg_output                    0x00000b30   Section        0  nrfx_uart.o(i.nrf_gpio_cfg_output)
    nrf_gpio_cfg_output                      0x00000b31   Thumb Code    20  nrfx_uart.o(i.nrf_gpio_cfg_output)
    i.nrf_gpio_cfg_output                    0x00000b44   Section        0  nrfx_uarte.o(i.nrf_gpio_cfg_output)
    nrf_gpio_cfg_output                      0x00000b45   Thumb Code    20  nrfx_uarte.o(i.nrf_gpio_cfg_output)
    i.nrf_gpio_cfg_sense_set                 0x00000b58   Section        0  nrfx_gpiote.o(i.nrf_gpio_cfg_sense_set)
    nrf_gpio_cfg_sense_set                   0x00000b59   Thumb Code    30  nrfx_gpiote.o(i.nrf_gpio_cfg_sense_set)
    i.nrf_gpio_latches_read_and_clear        0x00000b78   Section        0  nrfx_gpiote.o(i.nrf_gpio_latches_read_and_clear)
    nrf_gpio_latches_read_and_clear          0x00000b79   Thumb Code    36  nrfx_gpiote.o(i.nrf_gpio_latches_read_and_clear)
    i.nrf_gpio_pin_present_check             0x00000ba0   Section        0  nrfx_gpiote.o(i.nrf_gpio_pin_present_check)
    nrf_gpio_pin_present_check               0x00000ba1   Thumb Code    30  nrfx_gpiote.o(i.nrf_gpio_pin_present_check)
    i.nrf_gpio_pin_toggle                    0x00000bbe   Section        0  led.o(i.nrf_gpio_pin_toggle)
    nrf_gpio_pin_toggle                      0x00000bbf   Thumb Code    26  led.o(i.nrf_gpio_pin_toggle)
    i.nrf_gpiote_event_clear                 0x00000bd8   Section        0  nrfx_gpiote.o(i.nrf_gpiote_event_clear)
    nrf_gpiote_event_clear                   0x00000bd9   Thumb Code    16  nrfx_gpiote.o(i.nrf_gpiote_event_clear)
    i.nrf_gpiote_event_is_set                0x00000bec   Section        0  nrfx_gpiote.o(i.nrf_gpiote_event_is_set)
    nrf_gpiote_event_is_set                  0x00000bed   Thumb Code    14  nrfx_gpiote.o(i.nrf_gpiote_event_is_set)
    i.nrf_uart_event_check                   0x00000c00   Section        0  nrfx_uart.o(i.nrf_uart_event_check)
    nrf_uart_event_check                     0x00000c01   Thumb Code    10  nrfx_uart.o(i.nrf_uart_event_check)
    i.nrf_uart_event_clear                   0x00000c0a   Section        0  nrfx_uart.o(i.nrf_uart_event_clear)
    nrf_uart_event_clear                     0x00000c0b   Thumb Code    12  nrfx_uart.o(i.nrf_uart_event_clear)
    i.nrf_uart_int_enable_check              0x00000c16   Section        0  nrfx_uart.o(i.nrf_uart_int_enable_check)
    nrf_uart_int_enable_check                0x00000c17   Thumb Code    12  nrfx_uart.o(i.nrf_uart_int_enable_check)
    i.nrf_uarte_event_check                  0x00000c22   Section        0  nrfx_uarte.o(i.nrf_uarte_event_check)
    nrf_uarte_event_check                    0x00000c23   Thumb Code    10  nrfx_uarte.o(i.nrf_uarte_event_check)
    i.nrf_uarte_event_clear                  0x00000c2c   Section        0  nrfx_uarte.o(i.nrf_uarte_event_clear)
    nrf_uarte_event_clear                    0x00000c2d   Thumb Code    12  nrfx_uarte.o(i.nrf_uarte_event_clear)
    i.nrfx_gpiote_in_event_enable            0x00000c38   Section        0  nrfx_gpiote.o(i.nrfx_gpiote_in_event_enable)
    i.nrfx_gpiote_in_init                    0x00000ce4   Section        0  nrfx_gpiote.o(i.nrfx_gpiote_in_init)
    i.nrfx_gpiote_init                       0x00000dac   Section        0  nrfx_gpiote.o(i.nrfx_gpiote_init)
    i.nrfx_is_in_ram                         0x00000e24   Section        0  nrfx_uarte.o(i.nrfx_is_in_ram)
    nrfx_is_in_ram                           0x00000e25   Thumb Code    16  nrfx_uarte.o(i.nrfx_is_in_ram)
    i.nrfx_prs_acquire                       0x00000e34   Section        0  nrfx_prs.o(i.nrfx_prs_acquire)
    i.nrfx_uart_0_irq_handler                0x00000e68   Section        0  nrfx_uart.o(i.nrfx_uart_0_irq_handler)
    i.nrfx_uart_init                         0x00000e78   Section        0  nrfx_uart.o(i.nrfx_uart_init)
    i.nrfx_uart_rx                           0x00000eec   Section        0  nrfx_uart.o(i.nrfx_uart_rx)
    i.nrfx_uart_tx                           0x00000fd8   Section        0  nrfx_uart.o(i.nrfx_uart_tx)
    i.nrfx_uart_tx_in_progress               0x00001058   Section        0  nrfx_uart.o(i.nrfx_uart_tx_in_progress)
    i.nrfx_uarte_0_irq_handler               0x00001078   Section        0  nrfx_uarte.o(i.nrfx_uarte_0_irq_handler)
    i.nrfx_uarte_init                        0x00001088   Section        0  nrfx_uarte.o(i.nrfx_uarte_init)
    i.nrfx_uarte_rx                          0x000010f8   Section        0  nrfx_uarte.o(i.nrfx_uarte_rx)
    i.nrfx_uarte_tx                          0x000011f8   Section        0  nrfx_uarte.o(i.nrfx_uarte_tx)
    i.nrfx_uarte_tx_in_progress              0x000012a0   Section        0  nrfx_uarte.o(i.nrfx_uarte_tx_in_progress)
    i.nvmc_config                            0x000012bc   Section        0  system_nrf52.o(i.nvmc_config)
    i.nvmc_wait                              0x000012c8   Section        0  system_nrf52.o(i.nvmc_wait)
    i.pin_configured_set                     0x000012d8   Section        0  nrfx_gpiote.o(i.pin_configured_set)
    pin_configured_set                       0x000012d9   Thumb Code    22  nrfx_gpiote.o(i.pin_configured_set)
    i.pin_in_use_by_port                     0x000012f4   Section        0  nrfx_gpiote.o(i.pin_in_use_by_port)
    pin_in_use_by_port                       0x000012f5   Thumb Code    20  nrfx_gpiote.o(i.pin_in_use_by_port)
    i.pin_in_use_by_te                       0x0000130c   Section        0  nrfx_gpiote.o(i.pin_in_use_by_te)
    pin_in_use_by_te                         0x0000130d   Thumb Code    20  nrfx_gpiote.o(i.pin_in_use_by_te)
    i.port_event_handle                      0x00001324   Section        0  nrfx_gpiote.o(i.port_event_handle)
    port_event_handle                        0x00001325   Thumb Code   150  nrfx_gpiote.o(i.port_event_handle)
    i.port_handler_pin_get                   0x000013c0   Section        0  nrfx_gpiote.o(i.port_handler_pin_get)
    port_handler_pin_get                     0x000013c1   Thumb Code    14  nrfx_gpiote.o(i.port_handler_pin_get)
    i.port_handler_polarity_get              0x000013d4   Section        0  nrfx_gpiote.o(i.port_handler_polarity_get)
    port_handler_polarity_get                0x000013d5   Thumb Code    12  nrfx_gpiote.o(i.port_handler_polarity_get)
    i.prs_box_get                            0x000013e4   Section        0  nrfx_prs.o(i.prs_box_get)
    prs_box_get                              0x000013e5   Thumb Code    14  nrfx_prs.o(i.prs_box_get)
    i.rx_byte                                0x000013fc   Section        0  nrfx_uart.o(i.rx_byte)
    rx_byte                                  0x000013fd   Thumb Code    52  nrfx_uart.o(i.rx_byte)
    i.rx_done_event                          0x00001430   Section        0  nrfx_uart.o(i.rx_done_event)
    rx_done_event                            0x00001431   Thumb Code    20  nrfx_uart.o(i.rx_done_event)
    i.rx_done_event                          0x00001444   Section        0  nrfx_uarte.o(i.rx_done_event)
    rx_done_event                            0x00001445   Thumb Code    20  nrfx_uarte.o(i.rx_done_event)
    i.rx_enable                              0x00001458   Section        0  nrfx_uart.o(i.rx_enable)
    rx_enable                                0x00001459   Thumb Code    32  nrfx_uart.o(i.rx_enable)
    i.tx_blocking                            0x00001478   Section        0  nrfx_uart.o(i.tx_blocking)
    tx_blocking                              0x00001479   Thumb Code    58  nrfx_uart.o(i.tx_blocking)
    i.tx_byte                                0x000014b2   Section        0  nrfx_uart.o(i.tx_byte)
    tx_byte                                  0x000014b3   Thumb Code    34  nrfx_uart.o(i.tx_byte)
    i.tx_done_event                          0x000014d4   Section        0  nrfx_uart.o(i.tx_done_event)
    tx_done_event                            0x000014d5   Thumb Code    24  nrfx_uart.o(i.tx_done_event)
    i.tx_done_event                          0x000014ec   Section        0  nrfx_uarte.o(i.tx_done_event)
    tx_done_event                            0x000014ed   Thumb Code    24  nrfx_uarte.o(i.tx_done_event)
    i.uartInit                               0x00001504   Section        0  uart.o(i.uartInit)
    i.uart_error_handle                      0x0000154c   Section        0  uart.o(i.uart_error_handle)
    i.uart_event_handler                     0x00001564   Section        0  app_uart_fifo.o(i.uart_event_handler)
    uart_event_handler                       0x00001565   Thumb Code   182  app_uart_fifo.o(i.uart_event_handler)
    i.uart_evt_handler                       0x00001624   Section        0  nrf_drv_uart.o(i.uart_evt_handler)
    uart_evt_handler                         0x00001625   Thumb Code    44  nrf_drv_uart.o(i.uart_evt_handler)
    i.uart_irq_handler                       0x00001654   Section        0  nrfx_uart.o(i.uart_irq_handler)
    uart_irq_handler                         0x00001655   Thumb Code   306  nrfx_uart.o(i.uart_irq_handler)
    i.uarte_evt_handler                      0x00001788   Section        0  nrf_drv_uart.o(i.uarte_evt_handler)
    uarte_evt_handler                        0x00001789   Thumb Code    44  nrf_drv_uart.o(i.uarte_evt_handler)
    i.uarte_irq_handler                      0x000017b8   Section        0  nrfx_uarte.o(i.uarte_irq_handler)
    uarte_irq_handler                        0x000017b9   Thumb Code   282  nrfx_uarte.o(i.uarte_irq_handler)
    .constdata                               0x000018e0   Section        6  main.o(.constdata)
    delay_machine_code                       0x000018e0   Data           6  main.o(.constdata)
    .constdata                               0x000018e8   Section       24  uart.o(.constdata)
    .constdata                               0x00001900   Section        3  led.o(.constdata)
    .constdata                               0x00001904   Section        4  nrfx_gpiote.o(.constdata)
    .constdata                               0x00001908   Section        4  nrfx_uart.o(.constdata)
    irq_handlers                             0x00001908   Data           4  nrfx_uart.o(.constdata)
    .constdata                               0x0000190c   Section        4  nrfx_uarte.o(.constdata)
    irq_handlers                             0x0000190c   Data           4  nrfx_uarte.o(.constdata)
    .constdata                               0x00001910   Section       32  app_uart_fifo.o(.constdata)
    .data                                    0x20000000   Section       12  nrf_drv_uart.o(.data)
    m_handlers                               0x20000004   Data           4  nrf_drv_uart.o(.data)
    m_contexts                               0x20000008   Data           4  nrf_drv_uart.o(.data)
    .data                                    0x2000000c   Section        8  nrfx_prs.o(.data)
    m_prs_box_4                              0x2000000c   Data           8  nrfx_prs.o(.data)
    .data                                    0x20000014   Section        4  app_util_platform.o(.data)
    m_in_critical_region                     0x20000014   Data           4  app_util_platform.o(.data)
    .data                                    0x20000018   Section       28  app_uart_fifo.o(.data)
    tx_buffer                                0x20000018   Data           1  app_uart_fifo.o(.data)
    rx_buffer                                0x20000019   Data           1  app_uart_fifo.o(.data)
    m_rx_ovf                                 0x2000001a   Data           1  app_uart_fifo.o(.data)
    m_event_handler                          0x2000001c   Data           4  app_uart_fifo.o(.data)
    app_uart_inst                            0x20000020   Data          20  app_uart_fifo.o(.data)
    .data                                    0x20000034   Section        4  retarget.o(.data)
    .data                                    0x20000038   Section        4  system_nrf52.o(.data)
    __tagsym$$used                           0x20000038   Number         0  system_nrf52.o(.data)
    .bss                                     0x2000003c   Section      512  uart.o(.bss)
    rx_buf                                   0x2000003c   Data         256  uart.o(.bss)
    tx_buf                                   0x2000013c   Data         256  uart.o(.bss)
    .bss                                     0x2000023c   Section       80  nrfx_gpiote.o(.bss)
    m_cb                                     0x2000023c   Data          80  nrfx_gpiote.o(.bss)
    .bss                                     0x2000028c   Section       44  nrfx_uart.o(.bss)
    m_cb                                     0x2000028c   Data          44  nrfx_uart.o(.bss)
    .bss                                     0x200002b8   Section       36  nrfx_uarte.o(.bss)
    m_cb                                     0x200002b8   Data          36  nrfx_uarte.o(.bss)
    .bss                                     0x200002dc   Section       32  app_uart_fifo.o(.bss)
    m_rx_fifo                                0x200002dc   Data          16  app_uart_fifo.o(.bss)
    m_tx_fifo                                0x200002ec   Data          16  app_uart_fifo.o(.bss)
    STACK                                    0x20000300   Section     4096  arm_startup_nrf52.o(STACK)

    Global Symbols

    Symbol Name                              Value     Ov Type        Size  Object(Section)

    BuildAttributes$$THM_ISAv4$E$P$D$K$B$S$7EM$VFPi3$EXTD16$VFPS$VFMA$PE$A:L22UL41UL21$X:L11$S22US41US21$IEEE1$IW$USESV6$~STKCKD$USESV7$~SHL$OSPACE$ROPI$EBA8$MICROLIB$REQ8$PRES8$EABIv2 0x00000000   Number         0  anon$$obj.o ABSOLUTE
    __ARM_use_no_argv                        0x00000000   Number         0  main.o ABSOLUTE
    __Vectors                                0x00000000   Data           4  arm_startup_nrf52.o(RESET)
    __arm_fini_                               - Undefined Weak Reference
    __cpp_initialize__aeabi_                  - Undefined Weak Reference
    __cxa_finalize                            - Undefined Weak Reference
    __decompress                              - Undefined Weak Reference
    _clock_init                               - Undefined Weak Reference
    _microlib_exit                            - Undefined Weak Reference
    __Vectors_End                            0x00000200   Data           0  arm_startup_nrf52.o(RESET)
    __Vectors_Size                           0x00000200   Number         0  arm_startup_nrf52.o ABSOLUTE
    __main                                   0x00000201   Thumb Code     0  entry.o(.ARM.Collect$$$$00000000)
    _main_stk                                0x00000201   Thumb Code     0  entry2.o(.ARM.Collect$$$$00000001)
    _main_scatterload                        0x00000205   Thumb Code     0  entry5.o(.ARM.Collect$$$$00000004)
    __main_after_scatterload                 0x00000209   Thumb Code     0  entry5.o(.ARM.Collect$$$$00000004)
    _main_clock                              0x00000209   Thumb Code     0  entry7b.o(.ARM.Collect$$$$00000008)
    _main_cpp_init                           0x00000209   Thumb Code     0  entry8b.o(.ARM.Collect$$$$0000000A)
    _main_init                               0x00000209   Thumb Code     0  entry9a.o(.ARM.Collect$$$$0000000B)
    __rt_lib_shutdown_fini                   0x00000211   Thumb Code     0  entry12b.o(.ARM.Collect$$$$0000000E)
    __rt_final_cpp                           0x00000215   Thumb Code     0  entry10a.o(.ARM.Collect$$$$0000000F)
    __rt_final_exit                          0x00000215   Thumb Code     0  entry11a.o(.ARM.Collect$$$$00000011)
    Reset_Handler                            0x00000219   Thumb Code     8  arm_startup_nrf52.o(.text)
    NMI_Handler                              0x00000221   Thumb Code     2  arm_startup_nrf52.o(.text)
    HardFault_Handler                        0x00000223   Thumb Code     2  arm_startup_nrf52.o(.text)
    MemoryManagement_Handler                 0x00000225   Thumb Code     2  arm_startup_nrf52.o(.text)
    BusFault_Handler                         0x00000227   Thumb Code     2  arm_startup_nrf52.o(.text)
    UsageFault_Handler                       0x00000229   Thumb Code     2  arm_startup_nrf52.o(.text)
    SVC_Handler                              0x0000022b   Thumb Code     2  arm_startup_nrf52.o(.text)
    DebugMon_Handler                         0x0000022d   Thumb Code     2  arm_startup_nrf52.o(.text)
    PendSV_Handler                           0x0000022f   Thumb Code     2  arm_startup_nrf52.o(.text)
    SysTick_Handler                          0x00000231   Thumb Code     2  arm_startup_nrf52.o(.text)
    CCM_AAR_IRQHandler                       0x00000233   Thumb Code     0  arm_startup_nrf52.o(.text)
    COMP_LPCOMP_IRQHandler                   0x00000233   Thumb Code     0  arm_startup_nrf52.o(.text)
    ECB_IRQHandler                           0x00000233   Thumb Code     0  arm_startup_nrf52.o(.text)
    FPU_IRQHandler                           0x00000233   Thumb Code     0  arm_startup_nrf52.o(.text)
    I2S_IRQHandler                           0x00000233   Thumb Code     0  arm_startup_nrf52.o(.text)
    MWU_IRQHandler                           0x00000233   Thumb Code     0  arm_startup_nrf52.o(.text)
    NFCT_IRQHandler                          0x00000233   Thumb Code     0  arm_startup_nrf52.o(.text)
    PDM_IRQHandler                           0x00000233   Thumb Code     0  arm_startup_nrf52.o(.text)
    POWER_CLOCK_IRQHandler                   0x00000233   Thumb Code     0  arm_startup_nrf52.o(.text)
    PWM0_IRQHandler                          0x00000233   Thumb Code     0  arm_startup_nrf52.o(.text)
    PWM1_IRQHandler                          0x00000233   Thumb Code     0  arm_startup_nrf52.o(.text)
    PWM2_IRQHandler                          0x00000233   Thumb Code     0  arm_startup_nrf52.o(.text)
    QDEC_IRQHandler                          0x00000233   Thumb Code     0  arm_startup_nrf52.o(.text)
    RADIO_IRQHandler                         0x00000233   Thumb Code     0  arm_startup_nrf52.o(.text)
    RNG_IRQHandler                           0x00000233   Thumb Code     0  arm_startup_nrf52.o(.text)
    RTC0_IRQHandler                          0x00000233   Thumb Code     0  arm_startup_nrf52.o(.text)
    RTC1_IRQHandler                          0x00000233   Thumb Code     0  arm_startup_nrf52.o(.text)
    RTC2_IRQHandler                          0x00000233   Thumb Code     0  arm_startup_nrf52.o(.text)
    SAADC_IRQHandler                         0x00000233   Thumb Code     0  arm_startup_nrf52.o(.text)
    SPIM0_SPIS0_TWIM0_TWIS0_SPI0_TWI0_IRQHandler 0x00000233   Thumb Code     0  arm_startup_nrf52.o(.text)
    SPIM1_SPIS1_TWIM1_TWIS1_SPI1_TWI1_IRQHandler 0x00000233   Thumb Code     0  arm_startup_nrf52.o(.text)
    SPIM2_SPIS2_SPI2_IRQHandler              0x00000233   Thumb Code     0  arm_startup_nrf52.o(.text)
    SWI0_EGU0_IRQHandler                     0x00000233   Thumb Code     0  arm_startup_nrf52.o(.text)
    SWI1_EGU1_IRQHandler                     0x00000233   Thumb Code     0  arm_startup_nrf52.o(.text)
    SWI2_EGU2_IRQHandler                     0x00000233   Thumb Code     0  arm_startup_nrf52.o(.text)
    SWI3_EGU3_IRQHandler                     0x00000233   Thumb Code     0  arm_startup_nrf52.o(.text)
    SWI4_EGU4_IRQHandler                     0x00000233   Thumb Code     0  arm_startup_nrf52.o(.text)
    SWI5_EGU5_IRQHandler                     0x00000233   Thumb Code     0  arm_startup_nrf52.o(.text)
    TEMP_IRQHandler                          0x00000233   Thumb Code     0  arm_startup_nrf52.o(.text)
    TIMER0_IRQHandler                        0x00000233   Thumb Code     0  arm_startup_nrf52.o(.text)
    TIMER1_IRQHandler                        0x00000233   Thumb Code     0  arm_startup_nrf52.o(.text)
    TIMER2_IRQHandler                        0x00000233   Thumb Code     0  arm_startup_nrf52.o(.text)
    TIMER3_IRQHandler                        0x00000233   Thumb Code     0  arm_startup_nrf52.o(.text)
    TIMER4_IRQHandler                        0x00000233   Thumb Code     0  arm_startup_nrf52.o(.text)
    WDT_IRQHandler                           0x00000233   Thumb Code     0  arm_startup_nrf52.o(.text)
    __aeabi_memcpy                           0x0000023d   Thumb Code    36  memcpya.o(.text)
    __aeabi_memcpy4                          0x0000023d   Thumb Code     0  memcpya.o(.text)
    __aeabi_memcpy8                          0x0000023d   Thumb Code     0  memcpya.o(.text)
    __scatterload                            0x00000261   Thumb Code    28  init.o(.text)
    __scatterload_rt2                        0x00000261   Thumb Code     0  init.o(.text)
    GPIOTE_IRQHandler                        0x00000285   Thumb Code   158  nrfx_gpiote.o(i.GPIOTE_IRQHandler)
    LED_Init                                 0x0000032d   Thumb Code   130  led.o(i.LED_Init)
    LED_OPEN_CLOSE                           0x000003b9   Thumb Code    24  led.o(i.LED_OPEN_CLOSE)
    SystemCoreClockUpdate                    0x000003d1   Thumb Code     8  system_nrf52.o(i.SystemCoreClockUpdate)
    SystemInit                               0x000003e1   Thumb Code   106  system_nrf52.o(i.SystemInit)
    UARTE0_UART0_IRQHandler                  0x00000455   Thumb Code     6  nrfx_prs.o(i.UARTE0_UART0_IRQHandler)
    __0printf$bare                           0x00000461   Thumb Code     8  printfb.o(i.__0printf$bare)
    __1printf$bare                           0x00000461   Thumb Code     0  printfb.o(i.__0printf$bare)
    __2printf                                0x00000461   Thumb Code     0  printfb.o(i.__0printf$bare)
    __scatterload_copy                       0x00000471   Thumb Code    14  handlers.o(i.__scatterload_copy)
    __scatterload_null                       0x0000047f   Thumb Code     2  handlers.o(i.__scatterload_null)
    __scatterload_zeroinit                   0x00000481   Thumb Code    14  handlers.o(i.__scatterload_zeroinit)
    app_error_fault_handler                  0x000004b1   Thumb Code    40  app_error_weak.o(i.app_error_fault_handler)
    app_error_handler_bare                   0x000004e1   Thumb Code    22  app_error.o(i.app_error_handler_bare)
    app_fifo_get                             0x000004f7   Thumb Code    24  app_fifo.o(i.app_fifo_get)
    app_fifo_init                            0x0000050f   Thumb Code    34  app_fifo.o(i.app_fifo_init)
    app_fifo_put                             0x00000531   Thumb Code    26  app_fifo.o(i.app_fifo_put)
    app_uart_init                            0x0000054d   Thumb Code   162  app_uart_fifo.o(i.app_uart_init)
    app_uart_put                             0x00000601   Thumb Code    70  app_uart_fifo.o(i.app_uart_put)
    app_util_critical_region_enter           0x00000655   Thumb Code     4  app_util_platform.o(i.app_util_critical_region_enter)
    app_util_critical_region_exit            0x00000659   Thumb Code     4  app_util_platform.o(i.app_util_critical_region_exit)
    app_util_disable_irq                     0x0000065d   Thumb Code    12  app_util_platform.o(i.app_util_disable_irq)
    app_util_enable_irq                      0x0000066d   Thumb Code    16  app_util_platform.o(i.app_util_enable_irq)
    fputc                                    0x00000837   Thumb Code    14  retarget.o(i.fputc)
    in_pin_handler                           0x00000845   Thumb Code    22  led.o(i.in_pin_handler)
    main                                     0x00000975   Thumb Code    48  main.o(i.main)
    nrf_drv_uart_init                        0x000009e9   Thumb Code    90  nrf_drv_uart.o(i.nrf_drv_uart_init)
    nrfx_gpiote_in_event_enable              0x00000c39   Thumb Code   164  nrfx_gpiote.o(i.nrfx_gpiote_in_event_enable)
    nrfx_gpiote_in_init                      0x00000ce5   Thumb Code   186  nrfx_gpiote.o(i.nrfx_gpiote_in_init)
    nrfx_gpiote_init                         0x00000dad   Thumb Code   106  nrfx_gpiote.o(i.nrfx_gpiote_init)
    nrfx_prs_acquire                         0x00000e35   Thumb Code    50  nrfx_prs.o(i.nrfx_prs_acquire)
    nrfx_uart_0_irq_handler                  0x00000e69   Thumb Code     8  nrfx_uart.o(i.nrfx_uart_0_irq_handler)
    nrfx_uart_init                           0x00000e79   Thumb Code   108  nrfx_uart.o(i.nrfx_uart_init)
    nrfx_uart_rx                             0x00000eed   Thumb Code   232  nrfx_uart.o(i.nrfx_uart_rx)
    nrfx_uart_tx                             0x00000fd9   Thumb Code   124  nrfx_uart.o(i.nrfx_uart_tx)
    nrfx_uart_tx_in_progress                 0x00001059   Thumb Code    26  nrfx_uart.o(i.nrfx_uart_tx_in_progress)
    nrfx_uarte_0_irq_handler                 0x00001079   Thumb Code     8  nrfx_uarte.o(i.nrfx_uarte_0_irq_handler)
    nrfx_uarte_init                          0x00001089   Thumb Code   102  nrfx_uarte.o(i.nrfx_uarte_init)
    nrfx_uarte_rx                            0x000010f9   Thumb Code   252  nrfx_uarte.o(i.nrfx_uarte_rx)
    nrfx_uarte_tx                            0x000011f9   Thumb Code   164  nrfx_uarte.o(i.nrfx_uarte_tx)
    nrfx_uarte_tx_in_progress                0x000012a1   Thumb Code    22  nrfx_uarte.o(i.nrfx_uarte_tx_in_progress)
    nvmc_config                              0x000012bd   Thumb Code     8  system_nrf52.o(i.nvmc_config)
    nvmc_wait                                0x000012c9   Thumb Code    10  system_nrf52.o(i.nvmc_wait)
    uartInit                                 0x00001505   Thumb Code    54  uart.o(i.uartInit)
    uart_error_handle                        0x0000154d   Thumb Code    24  uart.o(i.uart_error_handle)
    Region$$Table$$Base                      0x00001930   Number         0  anon$$obj.o(Region$$Table)
    Region$$Table$$Limit                     0x00001950   Number         0  anon$$obj.o(Region$$Table)
    nrf_drv_uart_use_easy_dma                0x20000000   Data           1  nrf_drv_uart.o(.data)
    __stdout                                 0x20000034   Data           4  retarget.o(.data)
    SystemCoreClock                          0x20000038   Data           4  system_nrf52.o(.data)
    __initial_sp                             0x20001300   Data           0  arm_startup_nrf52.o(STACK)



==============================================================================

Memory Map of the image

  Image Entry point : 0x00000201

  Load Region LR_IROM1 (Base: 0x00000000, Size: 0x0000198c, Max: 0x00080000, ABSOLUTE)

    Execution Region ER_IROM1 (Exec base: 0x00000000, Load base: 0x00000000, Size: 0x00001950, Max: 0x00080000, ABSOLUTE)

    Exec Addr    Load Addr    Size         Type   Attr      Idx    E Section Name        Object

    0x00000000   0x00000000   0x00000200   Data   RO         1578    RESET               arm_startup_nrf52.o
    0x00000200   0x00000200   0x00000000   Code   RO         1637  * .ARM.Collect$$$$00000000  mc_w.l(entry.o)
    0x00000200   0x00000200   0x00000004   Code   RO         1904    .ARM.Collect$$$$00000001  mc_w.l(entry2.o)
    0x00000204   0x00000204   0x00000004   Code   RO         1907    .ARM.Collect$$$$00000004  mc_w.l(entry5.o)
    0x00000208   0x00000208   0x00000000   Code   RO         1909    .ARM.Collect$$$$00000008  mc_w.l(entry7b.o)
    0x00000208   0x00000208   0x00000000   Code   RO         1911    .ARM.Collect$$$$0000000A  mc_w.l(entry8b.o)
    0x00000208   0x00000208   0x00000008   Code   RO         1912    .ARM.Collect$$$$0000000B  mc_w.l(entry9a.o)
    0x00000210   0x00000210   0x00000004   Code   RO         1919    .ARM.Collect$$$$0000000E  mc_w.l(entry12b.o)
    0x00000214   0x00000214   0x00000000   Code   RO         1914    .ARM.Collect$$$$0000000F  mc_w.l(entry10a.o)
    0x00000214   0x00000214   0x00000000   Code   RO         1916    .ARM.Collect$$$$00000011  mc_w.l(entry11a.o)
    0x00000214   0x00000214   0x00000004   Code   RO         1905    .ARM.Collect$$$$00002712  mc_w.l(entry2.o)
    0x00000218   0x00000218   0x00000024   Code   RO         1579    .text               arm_startup_nrf52.o
    0x0000023c   0x0000023c   0x00000024   Code   RO         1640    .text               mc_w.l(memcpya.o)
    0x00000260   0x00000260   0x00000024   Code   RO         1935    .text               mc_w.l(init.o)
    0x00000284   0x00000284   0x000000a8   Code   RO          363    i.GPIOTE_IRQHandler  nrfx_gpiote.o
    0x0000032c   0x0000032c   0x0000008c   Code   RO          244    i.LED_Init          led.o
    0x000003b8   0x000003b8   0x00000018   Code   RO          245    i.LED_OPEN_CLOSE    led.o
    0x000003d0   0x000003d0   0x00000010   Code   RO         1586    i.SystemCoreClockUpdate  system_nrf52.o
    0x000003e0   0x000003e0   0x00000074   Code   RO         1587    i.SystemInit        system_nrf52.o
    0x00000454   0x00000454   0x0000000c   Code   RO         1085    i.UARTE0_UART0_IRQHandler  nrfx_prs.o
    0x00000460   0x00000460   0x00000010   Code   RO         1645    i.__0printf$bare    mc_w.l(printfb.o)
    0x00000470   0x00000470   0x0000000e   Code   RO         1947    i.__scatterload_copy  mc_w.l(handlers.o)
    0x0000047e   0x0000047e   0x00000002   Code   RO         1948    i.__scatterload_null  mc_w.l(handlers.o)
    0x00000480   0x00000480   0x0000000e   Code   RO         1949    i.__scatterload_zeroinit  mc_w.l(handlers.o)
    0x0000048e   0x0000048e   0x00000022   Code   RO         1652    i._printf_core      mc_w.l(printfb.o)
    0x000004b0   0x000004b0   0x00000030   Code   RO         1202    i.app_error_fault_handler  app_error_weak.o
    0x000004e0   0x000004e0   0x00000016   Code   RO         1136    i.app_error_handler_bare  app_error.o
    0x000004f6   0x000004f6   0x00000018   Code   RO         1472    i.app_fifo_get      app_fifo.o
    0x0000050e   0x0000050e   0x00000022   Code   RO         1473    i.app_fifo_init     app_fifo.o
    0x00000530   0x00000530   0x0000001a   Code   RO         1475    i.app_fifo_put      app_fifo.o
    0x0000054a   0x0000054a   0x00000002   PAD
    0x0000054c   0x0000054c   0x000000b4   Code   RO         1379    i.app_uart_init     app_uart_fifo.o
    0x00000600   0x00000600   0x00000054   Code   RO         1380    i.app_uart_put      app_uart_fifo.o
    0x00000654   0x00000654   0x00000004   Code   RO         1253    i.app_util_critical_region_enter  app_util_platform.o
    0x00000658   0x00000658   0x00000004   Code   RO         1254    i.app_util_critical_region_exit  app_util_platform.o
    0x0000065c   0x0000065c   0x00000010   Code   RO         1255    i.app_util_disable_irq  app_util_platform.o
    0x0000066c   0x0000066c   0x00000014   Code   RO         1256    i.app_util_enable_irq  app_util_platform.o
    0x00000680   0x00000680   0x00000088   Code   RO          709    i.apply_config      nrfx_uart.o
    0x00000708   0x00000708   0x00000088   Code   RO          918    i.apply_config      nrfx_uarte.o
    0x00000790   0x00000790   0x0000001c   Code   RO          364    i.channel_free      nrfx_gpiote.o
    0x000007ac   0x000007ac   0x00000054   Code   RO          365    i.channel_port_alloc  nrfx_gpiote.o
    0x00000800   0x00000800   0x00000010   Code   RO          366    i.channel_port_get  nrfx_gpiote.o
    0x00000810   0x00000810   0x00000014   Code   RO         1478    i.fifo_get          app_fifo.o
    0x00000824   0x00000824   0x00000012   Code   RO         1479    i.fifo_put          app_fifo.o
    0x00000836   0x00000836   0x0000000e   Code   RO         1542    i.fputc             retarget.o
    0x00000844   0x00000844   0x00000016   Code   RO          246    i.in_pin_handler    led.o
    0x0000085a   0x0000085a   0x00000002   PAD
    0x0000085c   0x0000085c   0x0000006c   Code   RO          711    i.interrupts_enable  nrfx_uart.o
    0x000008c8   0x000008c8   0x00000088   Code   RO          920    i.interrupts_enable  nrfx_uarte.o
    0x00000950   0x00000950   0x00000024   Code   RO          367    i.latch_pending_read_and_check  nrfx_gpiote.o
    0x00000974   0x00000974   0x00000044   Code   RO            4    i.main              main.o
    0x000009b8   0x000009b8   0x00000010   Code   RO          368    i.nrf_bitmask_bit_is_set  nrfx_gpiote.o
    0x000009c8   0x000009c8   0x00000020   Code   RO            5    i.nrf_delay_ms      main.o
    0x000009e8   0x000009e8   0x00000068   Code   RO          311    i.nrf_drv_uart_init  nrf_drv_uart.o
    0x00000a50   0x00000a50   0x00000020   Code   RO         1381    i.nrf_drv_uart_rx   app_uart_fifo.o
    0x00000a70   0x00000a70   0x00000020   Code   RO         1382    i.nrf_drv_uart_tx   app_uart_fifo.o
    0x00000a90   0x00000a90   0x00000024   Code   RO          369    i.nrf_gpio_cfg      nrfx_gpiote.o
    0x00000ab4   0x00000ab4   0x00000024   Code   RO          712    i.nrf_gpio_cfg      nrfx_uart.o
    0x00000ad8   0x00000ad8   0x00000024   Code   RO          921    i.nrf_gpio_cfg      nrfx_uarte.o
    0x00000afc   0x00000afc   0x00000012   Code   RO          714    i.nrf_gpio_cfg_input  nrfx_uart.o
    0x00000b0e   0x00000b0e   0x00000012   Code   RO          923    i.nrf_gpio_cfg_input  nrfx_uarte.o
    0x00000b20   0x00000b20   0x00000010   Code   RO          247    i.nrf_gpio_cfg_output  led.o
    0x00000b30   0x00000b30   0x00000014   Code   RO          715    i.nrf_gpio_cfg_output  nrfx_uart.o
    0x00000b44   0x00000b44   0x00000014   Code   RO          924    i.nrf_gpio_cfg_output  nrfx_uarte.o
    0x00000b58   0x00000b58   0x0000001e   Code   RO          371    i.nrf_gpio_cfg_sense_set  nrfx_gpiote.o
    0x00000b76   0x00000b76   0x00000002   PAD
    0x00000b78   0x00000b78   0x00000028   Code   RO          372    i.nrf_gpio_latches_read_and_clear  nrfx_gpiote.o
    0x00000ba0   0x00000ba0   0x0000001e   Code   RO          373    i.nrf_gpio_pin_present_check  nrfx_gpiote.o
    0x00000bbe   0x00000bbe   0x0000001a   Code   RO          248    i.nrf_gpio_pin_toggle  led.o
    0x00000bd8   0x00000bd8   0x00000014   Code   RO          374    i.nrf_gpiote_event_clear  nrfx_gpiote.o
    0x00000bec   0x00000bec   0x00000014   Code   RO          375    i.nrf_gpiote_event_is_set  nrfx_gpiote.o
    0x00000c00   0x00000c00   0x0000000a   Code   RO          716    i.nrf_uart_event_check  nrfx_uart.o
    0x00000c0a   0x00000c0a   0x0000000c   Code   RO          717    i.nrf_uart_event_clear  nrfx_uart.o
    0x00000c16   0x00000c16   0x0000000c   Code   RO          718    i.nrf_uart_int_enable_check  nrfx_uart.o
    0x00000c22   0x00000c22   0x0000000a   Code   RO          925    i.nrf_uarte_event_check  nrfx_uarte.o
    0x00000c2c   0x00000c2c   0x0000000c   Code   RO          926    i.nrf_uarte_event_clear  nrfx_uarte.o
    0x00000c38   0x00000c38   0x000000ac   Code   RO          381    i.nrfx_gpiote_in_event_enable  nrfx_gpiote.o
    0x00000ce4   0x00000ce4   0x000000c8   Code   RO          383    i.nrfx_gpiote_in_init  nrfx_gpiote.o
    0x00000dac   0x00000dac   0x00000078   Code   RO          386    i.nrfx_gpiote_init  nrfx_gpiote.o
    0x00000e24   0x00000e24   0x00000010   Code   RO          927    i.nrfx_is_in_ram    nrfx_uarte.o
    0x00000e34   0x00000e34   0x00000032   Code   RO         1086    i.nrfx_prs_acquire  nrfx_prs.o
    0x00000e66   0x00000e66   0x00000002   PAD
    0x00000e68   0x00000e68   0x00000010   Code   RO          719    i.nrfx_uart_0_irq_handler  nrfx_uart.o
    0x00000e78   0x00000e78   0x00000074   Code   RO          721    i.nrfx_uart_init    nrfx_uart.o
    0x00000eec   0x00000eec   0x000000ec   Code   RO          722    i.nrfx_uart_rx      nrfx_uart.o
    0x00000fd8   0x00000fd8   0x00000080   Code   RO          727    i.nrfx_uart_tx      nrfx_uart.o
    0x00001058   0x00001058   0x00000020   Code   RO          729    i.nrfx_uart_tx_in_progress  nrfx_uart.o
    0x00001078   0x00001078   0x00000010   Code   RO          928    i.nrfx_uarte_0_irq_handler  nrfx_uarte.o
    0x00001088   0x00001088   0x00000070   Code   RO          930    i.nrfx_uarte_init   nrfx_uarte.o
    0x000010f8   0x000010f8   0x00000100   Code   RO          931    i.nrfx_uarte_rx     nrfx_uarte.o
    0x000011f8   0x000011f8   0x000000a8   Code   RO          934    i.nrfx_uarte_tx     nrfx_uarte.o
    0x000012a0   0x000012a0   0x0000001c   Code   RO          936    i.nrfx_uarte_tx_in_progress  nrfx_uarte.o
    0x000012bc   0x000012bc   0x0000000c   Code   RO         1588    i.nvmc_config       system_nrf52.o
    0x000012c8   0x000012c8   0x00000010   Code   RO         1589    i.nvmc_wait         system_nrf52.o
    0x000012d8   0x000012d8   0x0000001c   Code   RO          405    i.pin_configured_set  nrfx_gpiote.o
    0x000012f4   0x000012f4   0x00000018   Code   RO          406    i.pin_in_use_by_port  nrfx_gpiote.o
    0x0000130c   0x0000130c   0x00000018   Code   RO          407    i.pin_in_use_by_te  nrfx_gpiote.o
    0x00001324   0x00001324   0x0000009c   Code   RO          408    i.port_event_handle  nrfx_gpiote.o
    0x000013c0   0x000013c0   0x00000014   Code   RO          409    i.port_handler_pin_get  nrfx_gpiote.o
    0x000013d4   0x000013d4   0x00000010   Code   RO          410    i.port_handler_polarity_get  nrfx_gpiote.o
    0x000013e4   0x000013e4   0x00000018   Code   RO         1088    i.prs_box_get       nrfx_prs.o
    0x000013fc   0x000013fc   0x00000034   Code   RO          732    i.rx_byte           nrfx_uart.o
    0x00001430   0x00001430   0x00000014   Code   RO          733    i.rx_done_event     nrfx_uart.o
    0x00001444   0x00001444   0x00000014   Code   RO          939    i.rx_done_event     nrfx_uarte.o
    0x00001458   0x00001458   0x00000020   Code   RO          734    i.rx_enable         nrfx_uart.o
    0x00001478   0x00001478   0x0000003a   Code   RO          735    i.tx_blocking       nrfx_uart.o
    0x000014b2   0x000014b2   0x00000022   Code   RO          736    i.tx_byte           nrfx_uart.o
    0x000014d4   0x000014d4   0x00000018   Code   RO          737    i.tx_done_event     nrfx_uart.o
    0x000014ec   0x000014ec   0x00000018   Code   RO          940    i.tx_done_event     nrfx_uarte.o
    0x00001504   0x00001504   0x00000048   Code   RO          176    i.uartInit          uart.o
    0x0000154c   0x0000154c   0x00000018   Code   RO          177    i.uart_error_handle  uart.o
    0x00001564   0x00001564   0x000000c0   Code   RO         1383    i.uart_event_handler  app_uart_fifo.o
    0x00001624   0x00001624   0x00000030   Code   RO          312    i.uart_evt_handler  nrf_drv_uart.o
    0x00001654   0x00001654   0x00000132   Code   RO          738    i.uart_irq_handler  nrfx_uart.o
    0x00001786   0x00001786   0x00000002   PAD
    0x00001788   0x00001788   0x00000030   Code   RO          313    i.uarte_evt_handler  nrf_drv_uart.o
    0x000017b8   0x000017b8   0x0000011a   Code   RO          941    i.uarte_irq_handler  nrfx_uarte.o
    0x000018d2   0x000018d2   0x0000000e   PAD
    0x000018e0   0x000018e0   0x00000006   Data   RO            6    .constdata          main.o
    0x000018e6   0x000018e6   0x00000002   PAD
    0x000018e8   0x000018e8   0x00000018   Data   RO          179    .constdata          uart.o
    0x00001900   0x00001900   0x00000003   Data   RO          249    .constdata          led.o
    0x00001903   0x00001903   0x00000001   PAD
    0x00001904   0x00001904   0x00000004   Data   RO          412    .constdata          nrfx_gpiote.o
    0x00001908   0x00001908   0x00000004   Data   RO          741    .constdata          nrfx_uart.o
    0x0000190c   0x0000190c   0x00000004   Data   RO          944    .constdata          nrfx_uarte.o
    0x00001910   0x00001910   0x00000020   Data   RO         1385    .constdata          app_uart_fifo.o
    0x00001930   0x00001930   0x00000020   Data   RO         1945    Region$$Table       anon$$obj.o


    Execution Region RW_IRAM1 (Exec base: 0x20000000, Load base: 0x00001950, Size: 0x00001300, Max: 0x00010000, ABSOLUTE)

    Exec Addr    Load Addr    Size         Type   Attr      Idx    E Section Name        Object

    0x20000000   0x00001950   0x0000000c   Data   RW          314    .data               nrf_drv_uart.o
    0x2000000c   0x0000195c   0x00000008   Data   RW         1090    .data               nrfx_prs.o
    0x20000014   0x00001964   0x00000004   Data   RW         1259    .data               app_util_platform.o
    0x20000018   0x00001968   0x0000001c   Data   RW         1386    .data               app_uart_fifo.o
    0x20000034   0x00001984   0x00000004   Data   RW         1543    .data               retarget.o
    0x20000038   0x00001988   0x00000004   Data   RW         1590    .data               system_nrf52.o
    0x2000003c        -       0x00000200   Zero   RW          178    .bss                uart.o
    0x2000023c        -       0x00000050   Zero   RW          411    .bss                nrfx_gpiote.o
    0x2000028c        -       0x0000002c   Zero   RW          739    .bss                nrfx_uart.o
    0x200002b8        -       0x00000024   Zero   RW          942    .bss                nrfx_uarte.o
    0x200002dc        -       0x00000020   Zero   RW         1384    .bss                app_uart_fifo.o
    0x200002fc   0x0000198c   0x00000004   PAD
    0x20000300        -       0x00001000   Zero   RW         1576    STACK               arm_startup_nrf52.o


==============================================================================

Image component sizes


      Code (inc. data)   RO Data    RW Data    ZI Data      Debug   Object Name

        22          0          0          0          0       2281   app_error.o
         0          0          0          0          0        408   app_error_handler_keil.o
        48          8          0          0          0      30821   app_error_weak.o
       122          0          0          0          0       3898   app_fifo.o
       520         50         32         28         32      19815   app_uart_fifo.o
        44          8          0          4          0       2862   app_util_platform.o
        36          8        512          0       4096        868   arm_startup_nrf52.o
       228         10          3          0          0      15617   led.o
       100         26          6          0          0      47175   main.o
       200         22          0         12          0      16980   nrf_drv_uart.o
      1284        108          4          0         80      64782   nrfx_gpiote.o
        86         16          0          8          0       3233   nrfx_prs.o
      1406         36          4          0         44      59931   nrfx_uart.o
      1290         36          4          0         36      23749   nrfx_uarte.o
        14          0          0          4          0       2646   retarget.o
       160         28          0          4          0       2637   system_nrf52.o
        96         18         24          0        512      30739   uart.o

    ----------------------------------------------------------------------
      5680        374        624         60       4804     328442   Object Totals
         0          0         32          0          0          0   (incl. Generated)
        24          0          3          0          4          0   (incl. Padding)

    ----------------------------------------------------------------------

      Code (inc. data)   RO Data    RW Data    ZI Data      Debug   Library Member Name

         0          0          0          0          0          0   entry.o
         0          0          0          0          0          0   entry10a.o
         0          0          0          0          0          0   entry11a.o
         4          0          0          0          0          0   entry12b.o
         8          4          0          0          0          0   entry2.o
         4          0          0          0          0          0   entry5.o
         0          0          0          0          0          0   entry7b.o
         0          0          0          0          0          0   entry8b.o
         8          4          0          0          0          0   entry9a.o
        30          0          0          0          0          0   handlers.o
        36          8          0          0          0         68   init.o
        36          0          0          0          0         68   memcpya.o
        50          8          0          0          0        152   printfb.o

    ----------------------------------------------------------------------
       176         24          0          0          0        288   Library Totals
         0          0          0          0          0          0   (incl. Padding)

    ----------------------------------------------------------------------

      Code (inc. data)   RO Data    RW Data    ZI Data      Debug   Library Name

       176         24          0          0          0        288   mc_w.l

    ----------------------------------------------------------------------
       176         24          0          0          0        288   Library Totals

    ----------------------------------------------------------------------

==============================================================================


      Code (inc. data)   RO Data    RW Data    ZI Data      Debug   

      5856        398        624         60       4804     319882   Grand Totals
      5856        398        624         60       4804     319882   ELF Image Totals
      5856        398        624         60          0          0   ROM Totals

==============================================================================

    Total RO  Size (Code + RO Data)                 6480 (   6.33kB)
    Total RW  Size (RW Data + ZI Data)              4864 (   4.75kB)
    Total ROM Size (Code + RO Data + RW Data)       6540 (   6.39kB)

==============================================================================

