Component: ARM Compiler 5.06 update 7 (build 960) Tool: armlink [4d3601]

==============================================================================

Section Cross References

    debug.o(i.Delay_Init) refers to ch32f10x_misc.o(i.SysTick_CLKSourceConfig) for SysTick_CLKSourceConfig
    debug.o(i.Delay_Init) refers to system_ch32f10x.o(.data) for SystemCoreClock
    debug.o(i.Delay_Init) refers to debug.o(.data) for p_us
    debug.o(i.Delay_Ms) refers to debug.o(.data) for p_ms
    debug.o(i.Delay_Us) refers to debug.o(.data) for p_us
    debug.o(i.USART_Printf_Init) refers to ch32f10x_rcc.o(i.RCC_APB2PeriphClockCmd) for RCC_APB2PeriphClockCmd
    debug.o(i.USART_Printf_Init) refers to ch32f10x_gpio.o(i.GPIO_Init) for GPIO_Init
    debug.o(i.USART_Printf_Init) refers to ch32f10x_usart.o(i.USART_Init) for USART_Init
    debug.o(i.USART_Printf_Init) refers to ch32f10x_usart.o(i.USART_Cmd) for USART_Cmd
    debug.o(i.fputc) refers to ch32f10x_usart.o(i.USART_GetFlagStatus) for USART_GetFlagStatus
    debug.o(i.fputc) refers to ch32f10x_usart.o(i.USART_SendData) for USART_SendData
    ch32f10x_adc.o(i.ADC_DeInit) refers to ch32f10x_rcc.o(i.RCC_APB2PeriphResetCmd) for RCC_APB2PeriphResetCmd
    ch32f10x_adc.o(i.Get_CalibrationValue) refers to ch32f10x_adc.o(i.ADC_ResetCalibration) for ADC_ResetCalibration
    ch32f10x_adc.o(i.Get_CalibrationValue) refers to ch32f10x_adc.o(i.ADC_GetResetCalibrationStatus) for ADC_GetResetCalibrationStatus
    ch32f10x_adc.o(i.Get_CalibrationValue) refers to ch32f10x_adc.o(i.ADC_StartCalibration) for ADC_StartCalibration
    ch32f10x_adc.o(i.Get_CalibrationValue) refers to ch32f10x_adc.o(i.ADC_GetCalibrationStatus) for ADC_GetCalibrationStatus
    ch32f10x_bkp.o(i.BKP_DeInit) refers to ch32f10x_rcc.o(i.RCC_BackupResetCmd) for RCC_BackupResetCmd
    ch32f10x_can.o(i.CAN_DeInit) refers to ch32f10x_rcc.o(i.RCC_APB1PeriphResetCmd) for RCC_APB1PeriphResetCmd
    ch32f10x_can.o(i.CAN_GetITStatus) refers to ch32f10x_can.o(i.CheckITStatus) for CheckITStatus
    ch32f10x_dac.o(i.DAC_DeInit) refers to ch32f10x_rcc.o(i.RCC_APB1PeriphResetCmd) for RCC_APB1PeriphResetCmd
    ch32f10x_flash.o(i.FLASH_EnableWriteProtection) refers to ch32f10x_flash.o(i.FLASH_WaitForLastOperation) for FLASH_WaitForLastOperation
    ch32f10x_flash.o(i.FLASH_EraseAllBank1Pages) refers to ch32f10x_flash.o(i.FLASH_WaitForLastBank1Operation) for FLASH_WaitForLastBank1Operation
    ch32f10x_flash.o(i.FLASH_EraseAllPages) refers to ch32f10x_flash.o(i.FLASH_WaitForLastOperation) for FLASH_WaitForLastOperation
    ch32f10x_flash.o(i.FLASH_EraseOptionBytes) refers to ch32f10x_flash.o(i.FLASH_GetReadOutProtectionStatus) for FLASH_GetReadOutProtectionStatus
    ch32f10x_flash.o(i.FLASH_EraseOptionBytes) refers to ch32f10x_flash.o(i.FLASH_WaitForLastOperation) for FLASH_WaitForLastOperation
    ch32f10x_flash.o(i.FLASH_ErasePage) refers to ch32f10x_flash.o(i.FLASH_WaitForLastOperation) for FLASH_WaitForLastOperation
    ch32f10x_flash.o(i.FLASH_ProgramHalfWord) refers to ch32f10x_flash.o(i.FLASH_WaitForLastOperation) for FLASH_WaitForLastOperation
    ch32f10x_flash.o(i.FLASH_ProgramOptionByteData) refers to ch32f10x_flash.o(i.FLASH_WaitForLastOperation) for FLASH_WaitForLastOperation
    ch32f10x_flash.o(i.FLASH_ProgramWord) refers to ch32f10x_flash.o(i.FLASH_WaitForLastOperation) for FLASH_WaitForLastOperation
    ch32f10x_flash.o(i.FLASH_ReadOutProtection) refers to ch32f10x_flash.o(i.FLASH_WaitForLastOperation) for FLASH_WaitForLastOperation
    ch32f10x_flash.o(i.FLASH_UserOptionByteConfig) refers to ch32f10x_flash.o(i.FLASH_WaitForLastOperation) for FLASH_WaitForLastOperation
    ch32f10x_flash.o(i.FLASH_WaitForLastBank1Operation) refers to ch32f10x_flash.o(i.FLASH_GetBank1Status) for FLASH_GetBank1Status
    ch32f10x_flash.o(i.FLASH_WaitForLastOperation) refers to ch32f10x_flash.o(i.FLASH_GetBank1Status) for FLASH_GetBank1Status
    ch32f10x_gpio.o(i.GPIO_AFIODeInit) refers to ch32f10x_rcc.o(i.RCC_APB2PeriphResetCmd) for RCC_APB2PeriphResetCmd
    ch32f10x_gpio.o(i.GPIO_DeInit) refers to ch32f10x_rcc.o(i.RCC_APB2PeriphResetCmd) for RCC_APB2PeriphResetCmd
    ch32f10x_i2c.o(i.I2C_DeInit) refers to ch32f10x_rcc.o(i.RCC_APB1PeriphResetCmd) for RCC_APB1PeriphResetCmd
    ch32f10x_i2c.o(i.I2C_Init) refers to ch32f10x_rcc.o(i.RCC_GetClocksFreq) for RCC_GetClocksFreq
    ch32f10x_pwr.o(i.PWR_DeInit) refers to ch32f10x_rcc.o(i.RCC_APB1PeriphResetCmd) for RCC_APB1PeriphResetCmd
    ch32f10x_rcc.o(i.RCC_GetClocksFreq) refers to ch32f10x_rcc.o(.data) for APBAHBPrescTable
    ch32f10x_rcc.o(i.RCC_WaitForHSEStartUp) refers to ch32f10x_rcc.o(i.RCC_GetFlagStatus) for RCC_GetFlagStatus
    ch32f10x_rtc.o(i.RTC_SetAlarm) refers to ch32f10x_rtc.o(i.RTC_EnterConfigMode) for RTC_EnterConfigMode
    ch32f10x_rtc.o(i.RTC_SetAlarm) refers to ch32f10x_rtc.o(i.RTC_ExitConfigMode) for RTC_ExitConfigMode
    ch32f10x_rtc.o(i.RTC_SetCounter) refers to ch32f10x_rtc.o(i.RTC_EnterConfigMode) for RTC_EnterConfigMode
    ch32f10x_rtc.o(i.RTC_SetCounter) refers to ch32f10x_rtc.o(i.RTC_ExitConfigMode) for RTC_ExitConfigMode
    ch32f10x_rtc.o(i.RTC_SetPrescaler) refers to ch32f10x_rtc.o(i.RTC_EnterConfigMode) for RTC_EnterConfigMode
    ch32f10x_rtc.o(i.RTC_SetPrescaler) refers to ch32f10x_rtc.o(i.RTC_ExitConfigMode) for RTC_ExitConfigMode
    ch32f10x_spi.o(i.I2S_Init) refers to ch32f10x_rcc.o(i.RCC_GetClocksFreq) for RCC_GetClocksFreq
    ch32f10x_spi.o(i.SPI_I2S_DeInit) refers to ch32f10x_rcc.o(i.RCC_APB2PeriphResetCmd) for RCC_APB2PeriphResetCmd
    ch32f10x_spi.o(i.SPI_I2S_DeInit) refers to ch32f10x_rcc.o(i.RCC_APB1PeriphResetCmd) for RCC_APB1PeriphResetCmd
    ch32f10x_tim.o(i.TIM_DeInit) refers to ch32f10x_rcc.o(i.RCC_APB2PeriphResetCmd) for RCC_APB2PeriphResetCmd
    ch32f10x_tim.o(i.TIM_DeInit) refers to ch32f10x_rcc.o(i.RCC_APB1PeriphResetCmd) for RCC_APB1PeriphResetCmd
    ch32f10x_tim.o(i.TIM_ETRClockMode1Config) refers to ch32f10x_tim.o(i.TIM_ETRConfig) for TIM_ETRConfig
    ch32f10x_tim.o(i.TIM_ETRClockMode2Config) refers to ch32f10x_tim.o(i.TIM_ETRConfig) for TIM_ETRConfig
    ch32f10x_tim.o(i.TIM_ICInit) refers to ch32f10x_tim.o(i.TI1_Config) for TI1_Config
    ch32f10x_tim.o(i.TIM_ICInit) refers to ch32f10x_tim.o(i.TIM_SetIC1Prescaler) for TIM_SetIC1Prescaler
    ch32f10x_tim.o(i.TIM_ICInit) refers to ch32f10x_tim.o(i.TI2_Config) for TI2_Config
    ch32f10x_tim.o(i.TIM_ICInit) refers to ch32f10x_tim.o(i.TIM_SetIC2Prescaler) for TIM_SetIC2Prescaler
    ch32f10x_tim.o(i.TIM_ICInit) refers to ch32f10x_tim.o(i.TI3_Config) for TI3_Config
    ch32f10x_tim.o(i.TIM_ICInit) refers to ch32f10x_tim.o(i.TIM_SetIC3Prescaler) for TIM_SetIC3Prescaler
    ch32f10x_tim.o(i.TIM_ICInit) refers to ch32f10x_tim.o(i.TI4_Config) for TI4_Config
    ch32f10x_tim.o(i.TIM_ICInit) refers to ch32f10x_tim.o(i.TIM_SetIC4Prescaler) for TIM_SetIC4Prescaler
    ch32f10x_tim.o(i.TIM_ITRxExternalClockConfig) refers to ch32f10x_tim.o(i.TIM_SelectInputTrigger) for TIM_SelectInputTrigger
    ch32f10x_tim.o(i.TIM_PWMIConfig) refers to ch32f10x_tim.o(i.TI1_Config) for TI1_Config
    ch32f10x_tim.o(i.TIM_PWMIConfig) refers to ch32f10x_tim.o(i.TIM_SetIC1Prescaler) for TIM_SetIC1Prescaler
    ch32f10x_tim.o(i.TIM_PWMIConfig) refers to ch32f10x_tim.o(i.TI2_Config) for TI2_Config
    ch32f10x_tim.o(i.TIM_PWMIConfig) refers to ch32f10x_tim.o(i.TIM_SetIC2Prescaler) for TIM_SetIC2Prescaler
    ch32f10x_tim.o(i.TIM_TIxExternalClockConfig) refers to ch32f10x_tim.o(i.TI2_Config) for TI2_Config
    ch32f10x_tim.o(i.TIM_TIxExternalClockConfig) refers to ch32f10x_tim.o(i.TI1_Config) for TI1_Config
    ch32f10x_tim.o(i.TIM_TIxExternalClockConfig) refers to ch32f10x_tim.o(i.TIM_SelectInputTrigger) for TIM_SelectInputTrigger
    ch32f10x_usart.o(i.USART_DeInit) refers to ch32f10x_rcc.o(i.RCC_APB2PeriphResetCmd) for RCC_APB2PeriphResetCmd
    ch32f10x_usart.o(i.USART_DeInit) refers to ch32f10x_rcc.o(i.RCC_APB1PeriphResetCmd) for RCC_APB1PeriphResetCmd
    ch32f10x_usart.o(i.USART_Init) refers to ch32f10x_rcc.o(i.RCC_GetClocksFreq) for RCC_GetClocksFreq
    ch32f10x_usb.o(i.USB_DeviceInit) refers to ch32f10x_usb.o(i.USB_Device_Endp_Init) for USB_Device_Endp_Init
    ch32f10x_usb.o(i.USB_Device_Endp_Init) refers to ch32f10x_usb.o(.data) for pEP0_RAM_Addr
    ch32f10x_wwdg.o(i.WWDG_DeInit) refers to ch32f10x_rcc.o(i.RCC_APB1PeriphResetCmd) for RCC_APB1PeriphResetCmd
    startup_ch32f10x.o(RESET) refers to startup_ch32f10x.o(STACK) for __initial_sp
    startup_ch32f10x.o(RESET) refers to startup_ch32f10x.o(.text) for Reset_Handler
    startup_ch32f10x.o(RESET) refers to ch32f10x_it.o(i.NMI_Handler) for NMI_Handler
    startup_ch32f10x.o(RESET) refers to ch32f10x_it.o(i.HardFault_Handler) for HardFault_Handler
    startup_ch32f10x.o(RESET) refers to ch32f10x_it.o(i.MemManage_Handler) for MemManage_Handler
    startup_ch32f10x.o(RESET) refers to ch32f10x_it.o(i.BusFault_Handler) for BusFault_Handler
    startup_ch32f10x.o(RESET) refers to ch32f10x_it.o(i.UsageFault_Handler) for UsageFault_Handler
    startup_ch32f10x.o(RESET) refers to ch32f10x_it.o(i.SVC_Handler) for SVC_Handler
    startup_ch32f10x.o(RESET) refers to ch32f10x_it.o(i.DebugMon_Handler) for DebugMon_Handler
    startup_ch32f10x.o(RESET) refers to ch32f10x_it.o(i.PendSV_Handler) for PendSV_Handler
    startup_ch32f10x.o(RESET) refers to ch32f10x_it.o(i.SysTick_Handler) for SysTick_Handler
    startup_ch32f10x.o(.text) refers to system_ch32f10x.o(i.SystemInit) for SystemInit
    startup_ch32f10x.o(.text) refers to entry.o(.ARM.Collect$$$$00000000) for __main
    system_ch32f10x.o(i.SetSysClock) refers to system_ch32f10x.o(i.SetSysClockTo72) for SetSysClockTo72
    system_ch32f10x.o(i.SystemCoreClockUpdate) refers to system_ch32f10x.o(.data) for SystemCoreClock
    system_ch32f10x.o(i.SystemInit) refers to system_ch32f10x.o(i.SetSysClock) for SetSysClock
    entry.o(.ARM.Collect$$$$00000000) refers (Special) to entry10a.o(.ARM.Collect$$$$0000000F) for __rt_final_cpp
    entry.o(.ARM.Collect$$$$00000000) refers (Special) to entry11a.o(.ARM.Collect$$$$00000011) for __rt_final_exit
    entry.o(.ARM.Collect$$$$00000000) refers (Special) to entry12b.o(.ARM.Collect$$$$0000000E) for __rt_lib_shutdown_fini
    entry.o(.ARM.Collect$$$$00000000) refers (Special) to entry7b.o(.ARM.Collect$$$$00000008) for _main_clock
    entry.o(.ARM.Collect$$$$00000000) refers (Special) to entry8b.o(.ARM.Collect$$$$0000000A) for _main_cpp_init
    entry.o(.ARM.Collect$$$$00000000) refers (Special) to entry9a.o(.ARM.Collect$$$$0000000B) for _main_init
    entry.o(.ARM.Collect$$$$00000000) refers (Special) to entry5.o(.ARM.Collect$$$$00000004) for _main_scatterload
    entry.o(.ARM.Collect$$$$00000000) refers (Special) to entry2.o(.ARM.Collect$$$$00000001) for _main_stk
    entry2.o(.ARM.Collect$$$$00000001) refers to entry2.o(.ARM.Collect$$$$00002712) for __lit__00000000
    entry2.o(.ARM.Collect$$$$00002712) refers to startup_ch32f10x.o(STACK) for __initial_sp
    entry2.o(__vectab_stack_and_reset_area) refers to startup_ch32f10x.o(STACK) for __initial_sp
    entry2.o(__vectab_stack_and_reset_area) refers to entry.o(.ARM.Collect$$$$00000000) for __main
    entry5.o(.ARM.Collect$$$$00000004) refers to init.o(.text) for __scatterload
    entry9a.o(.ARM.Collect$$$$0000000B) refers to main.o(i.main) for main
    entry9b.o(.ARM.Collect$$$$0000000C) refers to main.o(i.main) for main
    init.o(.text) refers to entry5.o(.ARM.Collect$$$$00000004) for __main_after_scatterload


==============================================================================

Removing Unused input sections from the image.

    Removing ch32f10x_it.o(.rev16_text), (4 bytes).
    Removing ch32f10x_it.o(.revsh_text), (4 bytes).
    Removing ch32f10x_it.o(.rrx_text), (6 bytes).
    Removing debug.o(.rev16_text), (4 bytes).
    Removing debug.o(.revsh_text), (4 bytes).
    Removing debug.o(.rrx_text), (6 bytes).
    Removing debug.o(i.Delay_Init), (68 bytes).
    Removing debug.o(i.Delay_Ms), (76 bytes).
    Removing debug.o(i.Delay_Us), (76 bytes).
    Removing debug.o(i.USART_Printf_Init), (100 bytes).
    Removing debug.o(i.fputc), (36 bytes).
    Removing debug.o(.data), (8 bytes).
    Removing ch32f10x_adc.o(.rev16_text), (4 bytes).
    Removing ch32f10x_adc.o(.revsh_text), (4 bytes).
    Removing ch32f10x_adc.o(.rrx_text), (6 bytes).
    Removing ch32f10x_adc.o(i.ADC_AnalogWatchdogCmd), (20 bytes).
    Removing ch32f10x_adc.o(i.ADC_AnalogWatchdogSingleChannelConfig), (16 bytes).
    Removing ch32f10x_adc.o(i.ADC_AnalogWatchdogThresholdsConfig), (6 bytes).
    Removing ch32f10x_adc.o(i.ADC_AutoInjectedConvCmd), (22 bytes).
    Removing ch32f10x_adc.o(i.ADC_ClearFlag), (6 bytes).
    Removing ch32f10x_adc.o(i.ADC_ClearITPendingBit), (10 bytes).
    Removing ch32f10x_adc.o(i.ADC_Cmd), (22 bytes).
    Removing ch32f10x_adc.o(i.ADC_DMACmd), (22 bytes).
    Removing ch32f10x_adc.o(i.ADC_DeInit), (32 bytes).
    Removing ch32f10x_adc.o(i.ADC_DiscModeChannelCountConfig), (24 bytes).
    Removing ch32f10x_adc.o(i.ADC_DiscModeCmd), (22 bytes).
    Removing ch32f10x_adc.o(i.ADC_ExternalTrigConvCmd), (22 bytes).
    Removing ch32f10x_adc.o(i.ADC_ExternalTrigInjectedConvCmd), (22 bytes).
    Removing ch32f10x_adc.o(i.ADC_ExternalTrigInjectedConvConfig), (16 bytes).
    Removing ch32f10x_adc.o(i.ADC_GetCalibrationStatus), (20 bytes).
    Removing ch32f10x_adc.o(i.ADC_GetConversionValue), (8 bytes).
    Removing ch32f10x_adc.o(i.ADC_GetDualModeConversionValue), (12 bytes).
    Removing ch32f10x_adc.o(i.ADC_GetFlagStatus), (18 bytes).
    Removing ch32f10x_adc.o(i.ADC_GetITStatus), (36 bytes).
    Removing ch32f10x_adc.o(i.ADC_GetInjectedConversionValue), (28 bytes).
    Removing ch32f10x_adc.o(i.ADC_GetResetCalibrationStatus), (20 bytes).
    Removing ch32f10x_adc.o(i.ADC_GetSoftwareStartConvStatus), (20 bytes).
    Removing ch32f10x_adc.o(i.ADC_GetSoftwareStartInjectedConvCmdStatus), (20 bytes).
    Removing ch32f10x_adc.o(i.ADC_ITConfig), (24 bytes).
    Removing ch32f10x_adc.o(i.ADC_Init), (80 bytes).
    Removing ch32f10x_adc.o(i.ADC_InjectedChannelConfig), (130 bytes).
    Removing ch32f10x_adc.o(i.ADC_InjectedDiscModeCmd), (22 bytes).
    Removing ch32f10x_adc.o(i.ADC_InjectedSequencerLengthConfig), (24 bytes).
    Removing ch32f10x_adc.o(i.ADC_RegularChannelConfig), (184 bytes).
    Removing ch32f10x_adc.o(i.ADC_ResetCalibration), (10 bytes).
    Removing ch32f10x_adc.o(i.ADC_SetInjectedOffset), (20 bytes).
    Removing ch32f10x_adc.o(i.ADC_SoftwareStartConvCmd), (22 bytes).
    Removing ch32f10x_adc.o(i.ADC_SoftwareStartInjectedConvCmd), (22 bytes).
    Removing ch32f10x_adc.o(i.ADC_StartCalibration), (10 bytes).
    Removing ch32f10x_adc.o(i.ADC_StructInit), (18 bytes).
    Removing ch32f10x_adc.o(i.ADC_TempSensorVrefintCmd), (36 bytes).
    Removing ch32f10x_adc.o(i.Get_CalibrationValue), (300 bytes).
    Removing ch32f10x_adc.o(i.TempSensor_Volt_To_Temper), (48 bytes).
    Removing ch32f10x_bkp.o(.rev16_text), (4 bytes).
    Removing ch32f10x_bkp.o(.revsh_text), (4 bytes).
    Removing ch32f10x_bkp.o(.rrx_text), (6 bytes).
    Removing ch32f10x_bkp.o(i.BKP_ClearFlag), (20 bytes).
    Removing ch32f10x_bkp.o(i.BKP_ClearITPendingBit), (20 bytes).
    Removing ch32f10x_bkp.o(i.BKP_DeInit), (16 bytes).
    Removing ch32f10x_bkp.o(i.BKP_GetFlagStatus), (12 bytes).
    Removing ch32f10x_bkp.o(i.BKP_GetITStatus), (12 bytes).
    Removing ch32f10x_bkp.o(i.BKP_ITConfig), (12 bytes).
    Removing ch32f10x_bkp.o(i.BKP_RTCOutputConfig), (28 bytes).
    Removing ch32f10x_bkp.o(i.BKP_ReadBackupRegister), (28 bytes).
    Removing ch32f10x_bkp.o(i.BKP_SetRTCCalibrationValue), (28 bytes).
    Removing ch32f10x_bkp.o(i.BKP_TamperPinCmd), (12 bytes).
    Removing ch32f10x_bkp.o(i.BKP_TamperPinLevelConfig), (12 bytes).
    Removing ch32f10x_bkp.o(i.BKP_WriteBackupRegister), (28 bytes).
    Removing ch32f10x_can.o(.rev16_text), (4 bytes).
    Removing ch32f10x_can.o(.revsh_text), (4 bytes).
    Removing ch32f10x_can.o(.rrx_text), (6 bytes).
    Removing ch32f10x_can.o(i.CAN_CancelTransmit), (48 bytes).
    Removing ch32f10x_can.o(i.CAN_ClearFlag), (56 bytes).
    Removing ch32f10x_can.o(i.CAN_ClearITPendingBit), (168 bytes).
    Removing ch32f10x_can.o(i.CAN_DBGFreeze), (22 bytes).
    Removing ch32f10x_can.o(i.CAN_DeInit), (36 bytes).
    Removing ch32f10x_can.o(i.CAN_FIFORelease), (22 bytes).
    Removing ch32f10x_can.o(i.CAN_FilterInit), (264 bytes).
    Removing ch32f10x_can.o(i.CAN_GetFlagStatus), (120 bytes).
    Removing ch32f10x_can.o(i.CAN_GetITStatus), (288 bytes).
    Removing ch32f10x_can.o(i.CAN_GetLSBTransmitErrorCounter), (12 bytes).
    Removing ch32f10x_can.o(i.CAN_GetLastErrorCode), (12 bytes).
    Removing ch32f10x_can.o(i.CAN_GetReceiveErrorCounter), (10 bytes).
    Removing ch32f10x_can.o(i.CAN_ITConfig), (18 bytes).
    Removing ch32f10x_can.o(i.CAN_Init), (276 bytes).
    Removing ch32f10x_can.o(i.CAN_MessagePending), (30 bytes).
    Removing ch32f10x_can.o(i.CAN_OperatingModeRequest), (162 bytes).
    Removing ch32f10x_can.o(i.CAN_Receive), (240 bytes).
    Removing ch32f10x_can.o(i.CAN_SlaveStartBank), (52 bytes).
    Removing ch32f10x_can.o(i.CAN_Sleep), (30 bytes).
    Removing ch32f10x_can.o(i.CAN_StructInit), (32 bytes).
    Removing ch32f10x_can.o(i.CAN_TTComModeCmd), (118 bytes).
    Removing ch32f10x_can.o(i.CAN_Transmit), (294 bytes).
    Removing ch32f10x_can.o(i.CAN_TransmitStatus), (160 bytes).
    Removing ch32f10x_can.o(i.CAN_WakeUp), (48 bytes).
    Removing ch32f10x_can.o(i.CheckITStatus), (18 bytes).
    Removing ch32f10x_crc.o(.rev16_text), (4 bytes).
    Removing ch32f10x_crc.o(.revsh_text), (4 bytes).
    Removing ch32f10x_crc.o(.rrx_text), (6 bytes).
    Removing ch32f10x_crc.o(i.CRC_CalcBlockCRC), (36 bytes).
    Removing ch32f10x_crc.o(i.CRC_CalcCRC), (16 bytes).
    Removing ch32f10x_crc.o(i.CRC_GetCRC), (12 bytes).
    Removing ch32f10x_crc.o(i.CRC_GetIDRegister), (12 bytes).
    Removing ch32f10x_crc.o(i.CRC_ResetDR), (12 bytes).
    Removing ch32f10x_crc.o(i.CRC_SetIDRegister), (12 bytes).
    Removing ch32f10x_dac.o(.rev16_text), (4 bytes).
    Removing ch32f10x_dac.o(.revsh_text), (4 bytes).
    Removing ch32f10x_dac.o(.rrx_text), (6 bytes).
    Removing ch32f10x_dac.o(i.DAC_Cmd), (40 bytes).
    Removing ch32f10x_dac.o(i.DAC_DMACmd), (44 bytes).
    Removing ch32f10x_dac.o(i.DAC_DeInit), (22 bytes).
    Removing ch32f10x_dac.o(i.DAC_GetDataOutputValue), (36 bytes).
    Removing ch32f10x_dac.o(i.DAC_Init), (52 bytes).
    Removing ch32f10x_dac.o(i.DAC_SetChannel1Data), (32 bytes).
    Removing ch32f10x_dac.o(i.DAC_SetChannel2Data), (32 bytes).
    Removing ch32f10x_dac.o(i.DAC_SoftwareTriggerCmd), (44 bytes).
    Removing ch32f10x_dac.o(i.DAC_StructInit), (12 bytes).
    Removing ch32f10x_dac.o(i.DAC_WaveGenerationCmd), (40 bytes).
    Removing ch32f10x_dbgmcu.o(.rev16_text), (4 bytes).
    Removing ch32f10x_dbgmcu.o(.revsh_text), (4 bytes).
    Removing ch32f10x_dbgmcu.o(.rrx_text), (6 bytes).
    Removing ch32f10x_dbgmcu.o(i.DBGMCU_Config), (32 bytes).
    Removing ch32f10x_dbgmcu.o(i.DBGMCU_GetDEVID), (16 bytes).
    Removing ch32f10x_dbgmcu.o(i.DBGMCU_GetREVID), (12 bytes).
    Removing ch32f10x_dma.o(.rev16_text), (4 bytes).
    Removing ch32f10x_dma.o(.revsh_text), (4 bytes).
    Removing ch32f10x_dma.o(.rrx_text), (6 bytes).
    Removing ch32f10x_dma.o(i.DMA_ClearFlag), (28 bytes).
    Removing ch32f10x_dma.o(i.DMA_ClearITPendingBit), (28 bytes).
    Removing ch32f10x_dma.o(i.DMA_Cmd), (24 bytes).
    Removing ch32f10x_dma.o(i.DMA_DeInit), (332 bytes).
    Removing ch32f10x_dma.o(i.DMA_GetCurrDataCounter), (8 bytes).
    Removing ch32f10x_dma.o(i.DMA_GetFlagStatus), (44 bytes).
    Removing ch32f10x_dma.o(i.DMA_GetITStatus), (44 bytes).
    Removing ch32f10x_dma.o(i.DMA_ITConfig), (18 bytes).
    Removing ch32f10x_dma.o(i.DMA_Init), (60 bytes).
    Removing ch32f10x_dma.o(i.DMA_SetCurrDataCounter), (4 bytes).
    Removing ch32f10x_dma.o(i.DMA_StructInit), (26 bytes).
    Removing ch32f10x_exti.o(.rev16_text), (4 bytes).
    Removing ch32f10x_exti.o(.revsh_text), (4 bytes).
    Removing ch32f10x_exti.o(.rrx_text), (6 bytes).
    Removing ch32f10x_exti.o(i.EXTI_ClearFlag), (12 bytes).
    Removing ch32f10x_exti.o(i.EXTI_ClearITPendingBit), (12 bytes).
    Removing ch32f10x_exti.o(i.EXTI_DeInit), (36 bytes).
    Removing ch32f10x_exti.o(i.EXTI_GenerateSWInterrupt), (16 bytes).
    Removing ch32f10x_exti.o(i.EXTI_GetFlagStatus), (24 bytes).
    Removing ch32f10x_exti.o(i.EXTI_GetITStatus), (40 bytes).
    Removing ch32f10x_exti.o(i.EXTI_Init), (148 bytes).
    Removing ch32f10x_exti.o(i.EXTI_StructInit), (16 bytes).
    Removing ch32f10x_flash.o(.rev16_text), (4 bytes).
    Removing ch32f10x_flash.o(.revsh_text), (4 bytes).
    Removing ch32f10x_flash.o(.rrx_text), (6 bytes).
    Removing ch32f10x_flash.o(i.FLASH_BufLoad), (84 bytes).
    Removing ch32f10x_flash.o(i.FLASH_BufReset), (56 bytes).
    Removing ch32f10x_flash.o(i.FLASH_ClearFlag), (12 bytes).
    Removing ch32f10x_flash.o(i.FLASH_EnableWriteProtection), (196 bytes).
    Removing ch32f10x_flash.o(i.FLASH_EraseAllBank1Pages), (72 bytes).
    Removing ch32f10x_flash.o(i.FLASH_EraseAllPages), (72 bytes).
    Removing ch32f10x_flash.o(i.FLASH_EraseOptionBytes), (160 bytes).
    Removing ch32f10x_flash.o(i.FLASH_ErasePage), (76 bytes).
    Removing ch32f10x_flash.o(i.FLASH_ErasePage_Fast), (72 bytes).
    Removing ch32f10x_flash.o(i.FLASH_GetBank1Status), (52 bytes).
    Removing ch32f10x_flash.o(i.FLASH_GetFlagStatus), (48 bytes).
    Removing ch32f10x_flash.o(i.FLASH_GetPrefetchBufferStatus), (24 bytes).
    Removing ch32f10x_flash.o(i.FLASH_GetReadOutProtectionStatus), (24 bytes).
    Removing ch32f10x_flash.o(i.FLASH_GetStatus), (52 bytes).
    Removing ch32f10x_flash.o(i.FLASH_GetUserOptionByte), (12 bytes).
    Removing ch32f10x_flash.o(i.FLASH_GetWriteProtectionOptionByte), (12 bytes).
    Removing ch32f10x_flash.o(i.FLASH_HalfCycleAccessCmd), (28 bytes).
    Removing ch32f10x_flash.o(i.FLASH_ITConfig), (32 bytes).
    Removing ch32f10x_flash.o(i.FLASH_Lock), (20 bytes).
    Removing ch32f10x_flash.o(i.FLASH_LockBank1), (20 bytes).
    Removing ch32f10x_flash.o(i.FLASH_Lock_Fast), (20 bytes).
    Removing ch32f10x_flash.o(i.FLASH_PrefetchBufferCmd), (28 bytes).
    Removing ch32f10x_flash.o(i.FLASH_ProgramHalfWord), (64 bytes).
    Removing ch32f10x_flash.o(i.FLASH_ProgramOptionByteData), (84 bytes).
    Removing ch32f10x_flash.o(i.FLASH_ProgramPage_Fast), (72 bytes).
    Removing ch32f10x_flash.o(i.FLASH_ProgramWord), (104 bytes).
    Removing ch32f10x_flash.o(i.FLASH_ReadOutProtection), (168 bytes).
    Removing ch32f10x_flash.o(i.FLASH_SetLatency), (24 bytes).
    Removing ch32f10x_flash.o(i.FLASH_Unlock), (24 bytes).
    Removing ch32f10x_flash.o(i.FLASH_UnlockBank1), (24 bytes).
    Removing ch32f10x_flash.o(i.FLASH_Unlock_Fast), (32 bytes).
    Removing ch32f10x_flash.o(i.FLASH_UserOptionByteConfig), (100 bytes).
    Removing ch32f10x_flash.o(i.FLASH_WaitForLastBank1Operation), (38 bytes).
    Removing ch32f10x_flash.o(i.FLASH_WaitForLastOperation), (38 bytes).
    Removing ch32f10x_gpio.o(.rev16_text), (4 bytes).
    Removing ch32f10x_gpio.o(.revsh_text), (4 bytes).
    Removing ch32f10x_gpio.o(.rrx_text), (6 bytes).
    Removing ch32f10x_gpio.o(i.GPIO_AFIODeInit), (20 bytes).
    Removing ch32f10x_gpio.o(i.GPIO_DeInit), (200 bytes).
    Removing ch32f10x_gpio.o(i.GPIO_EXTILineConfig), (64 bytes).
    Removing ch32f10x_gpio.o(i.GPIO_EventOutputCmd), (12 bytes).
    Removing ch32f10x_gpio.o(i.GPIO_EventOutputConfig), (32 bytes).
    Removing ch32f10x_gpio.o(i.GPIO_Init), (278 bytes).
    Removing ch32f10x_gpio.o(i.GPIO_PinLockConfig), (18 bytes).
    Removing ch32f10x_gpio.o(i.GPIO_PinRemapConfig), (144 bytes).
    Removing ch32f10x_gpio.o(i.GPIO_ReadInputData), (8 bytes).
    Removing ch32f10x_gpio.o(i.GPIO_ReadInputDataBit), (18 bytes).
    Removing ch32f10x_gpio.o(i.GPIO_ReadOutputData), (8 bytes).
    Removing ch32f10x_gpio.o(i.GPIO_ReadOutputDataBit), (18 bytes).
    Removing ch32f10x_gpio.o(i.GPIO_ResetBits), (4 bytes).
    Removing ch32f10x_gpio.o(i.GPIO_SetBits), (4 bytes).
    Removing ch32f10x_gpio.o(i.GPIO_StructInit), (16 bytes).
    Removing ch32f10x_gpio.o(i.GPIO_Write), (4 bytes).
    Removing ch32f10x_gpio.o(i.GPIO_WriteBit), (10 bytes).
    Removing ch32f10x_i2c.o(.rev16_text), (4 bytes).
    Removing ch32f10x_i2c.o(.revsh_text), (4 bytes).
    Removing ch32f10x_i2c.o(.rrx_text), (6 bytes).
    Removing ch32f10x_i2c.o(i.I2C_ARPCmd), (24 bytes).
    Removing ch32f10x_i2c.o(i.I2C_AcknowledgeConfig), (24 bytes).
    Removing ch32f10x_i2c.o(i.I2C_CalculatePEC), (24 bytes).
    Removing ch32f10x_i2c.o(i.I2C_CheckEvent), (42 bytes).
    Removing ch32f10x_i2c.o(i.I2C_ClearFlag), (12 bytes).
    Removing ch32f10x_i2c.o(i.I2C_ClearITPendingBit), (12 bytes).
    Removing ch32f10x_i2c.o(i.I2C_Cmd), (24 bytes).
    Removing ch32f10x_i2c.o(i.I2C_DMACmd), (24 bytes).
    Removing ch32f10x_i2c.o(i.I2C_DMALastTransferCmd), (24 bytes).
    Removing ch32f10x_i2c.o(i.I2C_DeInit), (56 bytes).
    Removing ch32f10x_i2c.o(i.I2C_DualAddressCmd), (24 bytes).
    Removing ch32f10x_i2c.o(i.I2C_FastModeDutyCycleConfig), (28 bytes).
    Removing ch32f10x_i2c.o(i.I2C_GeneralCallCmd), (24 bytes).
    Removing ch32f10x_i2c.o(i.I2C_GenerateSTART), (24 bytes).
    Removing ch32f10x_i2c.o(i.I2C_GenerateSTOP), (24 bytes).
    Removing ch32f10x_i2c.o(i.I2C_GetFlagStatus), (58 bytes).
    Removing ch32f10x_i2c.o(i.I2C_GetITStatus), (38 bytes).
    Removing ch32f10x_i2c.o(i.I2C_GetLastEvent), (26 bytes).
    Removing ch32f10x_i2c.o(i.I2C_GetPEC), (8 bytes).
    Removing ch32f10x_i2c.o(i.I2C_ITConfig), (18 bytes).
    Removing ch32f10x_i2c.o(i.I2C_Init), (236 bytes).
    Removing ch32f10x_i2c.o(i.I2C_NACKPositionConfig), (28 bytes).
    Removing ch32f10x_i2c.o(i.I2C_OwnAddress2Config), (22 bytes).
    Removing ch32f10x_i2c.o(i.I2C_PECPositionConfig), (28 bytes).
    Removing ch32f10x_i2c.o(i.I2C_ReadRegister), (22 bytes).
    Removing ch32f10x_i2c.o(i.I2C_ReceiveData), (8 bytes).
    Removing ch32f10x_i2c.o(i.I2C_SMBusAlertConfig), (28 bytes).
    Removing ch32f10x_i2c.o(i.I2C_Send7bitAddress), (18 bytes).
    Removing ch32f10x_i2c.o(i.I2C_SendData), (4 bytes).
    Removing ch32f10x_i2c.o(i.I2C_SoftwareResetCmd), (22 bytes).
    Removing ch32f10x_i2c.o(i.I2C_StretchClockCmd), (24 bytes).
    Removing ch32f10x_i2c.o(i.I2C_StructInit), (30 bytes).
    Removing ch32f10x_i2c.o(i.I2C_TransmitPEC), (24 bytes).
    Removing ch32f10x_iwdg.o(.rev16_text), (4 bytes).
    Removing ch32f10x_iwdg.o(.revsh_text), (4 bytes).
    Removing ch32f10x_iwdg.o(.rrx_text), (6 bytes).
    Removing ch32f10x_iwdg.o(i.IWDG_Enable), (16 bytes).
    Removing ch32f10x_iwdg.o(i.IWDG_GetFlagStatus), (24 bytes).
    Removing ch32f10x_iwdg.o(i.IWDG_ReloadCounter), (16 bytes).
    Removing ch32f10x_iwdg.o(i.IWDG_SetPrescaler), (12 bytes).
    Removing ch32f10x_iwdg.o(i.IWDG_SetReload), (12 bytes).
    Removing ch32f10x_iwdg.o(i.IWDG_WriteAccessCmd), (12 bytes).
    Removing ch32f10x_misc.o(.rev16_text), (4 bytes).
    Removing ch32f10x_misc.o(.revsh_text), (4 bytes).
    Removing ch32f10x_misc.o(.rrx_text), (6 bytes).
    Removing ch32f10x_misc.o(i.NVIC_Init), (112 bytes).
    Removing ch32f10x_misc.o(i.NVIC_PriorityGroupConfig), (20 bytes).
    Removing ch32f10x_misc.o(i.NVIC_SetVectorTable), (20 bytes).
    Removing ch32f10x_misc.o(i.NVIC_SystemLPConfig), (32 bytes).
    Removing ch32f10x_misc.o(i.SysTick_CLKSourceConfig), (40 bytes).
    Removing ch32f10x_pwr.o(.rev16_text), (4 bytes).
    Removing ch32f10x_pwr.o(.revsh_text), (4 bytes).
    Removing ch32f10x_pwr.o(.rrx_text), (6 bytes).
    Removing ch32f10x_pwr.o(i.PWR_BackupAccessCmd), (12 bytes).
    Removing ch32f10x_pwr.o(i.PWR_ClearFlag), (20 bytes).
    Removing ch32f10x_pwr.o(i.PWR_DeInit), (22 bytes).
    Removing ch32f10x_pwr.o(i.PWR_EnterSTANDBYMode), (52 bytes).
    Removing ch32f10x_pwr.o(i.PWR_EnterSTOPMode), (64 bytes).
    Removing ch32f10x_pwr.o(i.PWR_GetFlagStatus), (24 bytes).
    Removing ch32f10x_pwr.o(i.PWR_PVDCmd), (12 bytes).
    Removing ch32f10x_pwr.o(i.PWR_PVDLevelConfig), (24 bytes).
    Removing ch32f10x_pwr.o(i.PWR_WakeUpPinCmd), (12 bytes).
    Removing ch32f10x_rcc.o(.rev16_text), (4 bytes).
    Removing ch32f10x_rcc.o(.revsh_text), (4 bytes).
    Removing ch32f10x_rcc.o(.rrx_text), (6 bytes).
    Removing ch32f10x_rcc.o(i.RCC_ADCCLKConfig), (24 bytes).
    Removing ch32f10x_rcc.o(i.RCC_AHBPeriphClockCmd), (32 bytes).
    Removing ch32f10x_rcc.o(i.RCC_APB1PeriphClockCmd), (32 bytes).
    Removing ch32f10x_rcc.o(i.RCC_APB1PeriphResetCmd), (32 bytes).
    Removing ch32f10x_rcc.o(i.RCC_APB2PeriphClockCmd), (32 bytes).
    Removing ch32f10x_rcc.o(i.RCC_APB2PeriphResetCmd), (32 bytes).
    Removing ch32f10x_rcc.o(i.RCC_AdjustHSICalibrationValue), (24 bytes).
    Removing ch32f10x_rcc.o(i.RCC_BackupResetCmd), (12 bytes).
    Removing ch32f10x_rcc.o(i.RCC_ClearFlag), (20 bytes).
    Removing ch32f10x_rcc.o(i.RCC_ClearITPendingBit), (12 bytes).
    Removing ch32f10x_rcc.o(i.RCC_ClockSecuritySystemCmd), (12 bytes).
    Removing ch32f10x_rcc.o(i.RCC_DeInit), (76 bytes).
    Removing ch32f10x_rcc.o(i.RCC_GetClocksFreq), (236 bytes).
    Removing ch32f10x_rcc.o(i.RCC_GetFlagStatus), (60 bytes).
    Removing ch32f10x_rcc.o(i.RCC_GetITStatus), (24 bytes).
    Removing ch32f10x_rcc.o(i.RCC_GetSYSCLKSource), (16 bytes).
    Removing ch32f10x_rcc.o(i.RCC_HCLKConfig), (24 bytes).
    Removing ch32f10x_rcc.o(i.RCC_HSEConfig), (76 bytes).
    Removing ch32f10x_rcc.o(i.RCC_HSICmd), (12 bytes).
    Removing ch32f10x_rcc.o(i.RCC_ITConfig), (32 bytes).
    Removing ch32f10x_rcc.o(i.RCC_LSEConfig), (52 bytes).
    Removing ch32f10x_rcc.o(i.RCC_LSICmd), (12 bytes).
    Removing ch32f10x_rcc.o(i.RCC_MCOConfig), (12 bytes).
    Removing ch32f10x_rcc.o(i.RCC_PCLK1Config), (24 bytes).
    Removing ch32f10x_rcc.o(i.RCC_PCLK2Config), (24 bytes).
    Removing ch32f10x_rcc.o(i.RCC_PLLCmd), (12 bytes).
    Removing ch32f10x_rcc.o(i.RCC_PLLConfig), (28 bytes).
    Removing ch32f10x_rcc.o(i.RCC_RTCCLKCmd), (12 bytes).
    Removing ch32f10x_rcc.o(i.RCC_RTCCLKConfig), (16 bytes).
    Removing ch32f10x_rcc.o(i.RCC_SYSCLKConfig), (24 bytes).
    Removing ch32f10x_rcc.o(i.RCC_USBCLKConfig), (12 bytes).
    Removing ch32f10x_rcc.o(i.RCC_WaitForHSEStartUp), (56 bytes).
    Removing ch32f10x_rcc.o(.data), (20 bytes).
    Removing ch32f10x_rtc.o(.rev16_text), (4 bytes).
    Removing ch32f10x_rtc.o(.revsh_text), (4 bytes).
    Removing ch32f10x_rtc.o(.rrx_text), (6 bytes).
    Removing ch32f10x_rtc.o(i.RTC_ClearFlag), (16 bytes).
    Removing ch32f10x_rtc.o(i.RTC_ClearITPendingBit), (16 bytes).
    Removing ch32f10x_rtc.o(i.RTC_EnterConfigMode), (20 bytes).
    Removing ch32f10x_rtc.o(i.RTC_ExitConfigMode), (20 bytes).
    Removing ch32f10x_rtc.o(i.RTC_GetCounter), (44 bytes).
    Removing ch32f10x_rtc.o(i.RTC_GetDivider), (24 bytes).
    Removing ch32f10x_rtc.o(i.RTC_GetFlagStatus), (24 bytes).
    Removing ch32f10x_rtc.o(i.RTC_GetITStatus), (36 bytes).
    Removing ch32f10x_rtc.o(i.RTC_ITConfig), (32 bytes).
    Removing ch32f10x_rtc.o(i.RTC_SetAlarm), (28 bytes).
    Removing ch32f10x_rtc.o(i.RTC_SetCounter), (28 bytes).
    Removing ch32f10x_rtc.o(i.RTC_SetPrescaler), (32 bytes).
    Removing ch32f10x_rtc.o(i.RTC_WaitForLastTask), (20 bytes).
    Removing ch32f10x_rtc.o(i.RTC_WaitForSynchro), (36 bytes).
    Removing ch32f10x_spi.o(.rev16_text), (4 bytes).
    Removing ch32f10x_spi.o(.revsh_text), (4 bytes).
    Removing ch32f10x_spi.o(.rrx_text), (6 bytes).
    Removing ch32f10x_spi.o(i.I2S_Cmd), (24 bytes).
    Removing ch32f10x_spi.o(i.I2S_Init), (232 bytes).
    Removing ch32f10x_spi.o(i.I2S_StructInit), (20 bytes).
    Removing ch32f10x_spi.o(i.SPI_BiDirectionalLineConfig), (28 bytes).
    Removing ch32f10x_spi.o(i.SPI_CalculateCRC), (24 bytes).
    Removing ch32f10x_spi.o(i.SPI_Cmd), (24 bytes).
    Removing ch32f10x_spi.o(i.SPI_DataSizeConfig), (18 bytes).
    Removing ch32f10x_spi.o(i.SPI_GetCRC), (16 bytes).
    Removing ch32f10x_spi.o(i.SPI_GetCRCPolynomial), (6 bytes).
    Removing ch32f10x_spi.o(i.SPI_I2S_ClearFlag), (6 bytes).
    Removing ch32f10x_spi.o(i.SPI_I2S_ClearITPendingBit), (20 bytes).
    Removing ch32f10x_spi.o(i.SPI_I2S_DMACmd), (18 bytes).
    Removing ch32f10x_spi.o(i.SPI_I2S_DeInit), (88 bytes).
    Removing ch32f10x_spi.o(i.SPI_I2S_GetFlagStatus), (18 bytes).
    Removing ch32f10x_spi.o(i.SPI_I2S_GetITStatus), (52 bytes).
    Removing ch32f10x_spi.o(i.SPI_I2S_ITConfig), (32 bytes).
    Removing ch32f10x_spi.o(i.SPI_I2S_ReceiveData), (6 bytes).
    Removing ch32f10x_spi.o(i.SPI_I2S_SendData), (4 bytes).
    Removing ch32f10x_spi.o(i.SPI_Init), (60 bytes).
    Removing ch32f10x_spi.o(i.SPI_NSSInternalSoftwareConfig), (30 bytes).
    Removing ch32f10x_spi.o(i.SPI_SSOutputCmd), (24 bytes).
    Removing ch32f10x_spi.o(i.SPI_StructInit), (22 bytes).
    Removing ch32f10x_spi.o(i.SPI_TransmitCRC), (10 bytes).
    Removing ch32f10x_tim.o(.rev16_text), (4 bytes).
    Removing ch32f10x_tim.o(.revsh_text), (4 bytes).
    Removing ch32f10x_tim.o(.rrx_text), (6 bytes).
    Removing ch32f10x_tim.o(i.TI1_Config), (116 bytes).
    Removing ch32f10x_tim.o(i.TI2_Config), (148 bytes).
    Removing ch32f10x_tim.o(i.TI3_Config), (128 bytes).
    Removing ch32f10x_tim.o(i.TI4_Config), (148 bytes).
    Removing ch32f10x_tim.o(i.TIM_ARRPreloadConfig), (24 bytes).
    Removing ch32f10x_tim.o(i.TIM_BDTRConfig), (32 bytes).
    Removing ch32f10x_tim.o(i.TIM_BDTRStructInit), (18 bytes).
    Removing ch32f10x_tim.o(i.TIM_CCPreloadControl), (24 bytes).
    Removing ch32f10x_tim.o(i.TIM_CCxCmd), (30 bytes).
    Removing ch32f10x_tim.o(i.TIM_CCxNCmd), (30 bytes).
    Removing ch32f10x_tim.o(i.TIM_ClearFlag), (6 bytes).
    Removing ch32f10x_tim.o(i.TIM_ClearITPendingBit), (6 bytes).
    Removing ch32f10x_tim.o(i.TIM_ClearOC1Ref), (18 bytes).
    Removing ch32f10x_tim.o(i.TIM_ClearOC2Ref), (24 bytes).
    Removing ch32f10x_tim.o(i.TIM_ClearOC3Ref), (18 bytes).
    Removing ch32f10x_tim.o(i.TIM_ClearOC4Ref), (24 bytes).
    Removing ch32f10x_tim.o(i.TIM_Cmd), (24 bytes).
    Removing ch32f10x_tim.o(i.TIM_CounterModeConfig), (18 bytes).
    Removing ch32f10x_tim.o(i.TIM_CtrlPWMOutputs), (30 bytes).
    Removing ch32f10x_tim.o(i.TIM_DMACmd), (18 bytes).
    Removing ch32f10x_tim.o(i.TIM_DMAConfig), (10 bytes).
    Removing ch32f10x_tim.o(i.TIM_DeInit), (112 bytes).
    Removing ch32f10x_tim.o(i.TIM_ETRClockMode1Config), (54 bytes).
    Removing ch32f10x_tim.o(i.TIM_ETRClockMode2Config), (32 bytes).
    Removing ch32f10x_tim.o(i.TIM_ETRConfig), (28 bytes).
    Removing ch32f10x_tim.o(i.TIM_EncoderInterfaceConfig), (66 bytes).
    Removing ch32f10x_tim.o(i.TIM_ForcedOC1Config), (18 bytes).
    Removing ch32f10x_tim.o(i.TIM_ForcedOC2Config), (26 bytes).
    Removing ch32f10x_tim.o(i.TIM_ForcedOC3Config), (18 bytes).
    Removing ch32f10x_tim.o(i.TIM_ForcedOC4Config), (26 bytes).
    Removing ch32f10x_tim.o(i.TIM_GenerateEvent), (4 bytes).
    Removing ch32f10x_tim.o(i.TIM_GetCapture1), (6 bytes).
    Removing ch32f10x_tim.o(i.TIM_GetCapture2), (6 bytes).
    Removing ch32f10x_tim.o(i.TIM_GetCapture3), (6 bytes).
    Removing ch32f10x_tim.o(i.TIM_GetCapture4), (8 bytes).
    Removing ch32f10x_tim.o(i.TIM_GetCounter), (6 bytes).
    Removing ch32f10x_tim.o(i.TIM_GetFlagStatus), (18 bytes).
    Removing ch32f10x_tim.o(i.TIM_GetITStatus), (34 bytes).
    Removing ch32f10x_tim.o(i.TIM_GetPrescaler), (6 bytes).
    Removing ch32f10x_tim.o(i.TIM_ICInit), (110 bytes).
    Removing ch32f10x_tim.o(i.TIM_ICStructInit), (18 bytes).
    Removing ch32f10x_tim.o(i.TIM_ITConfig), (18 bytes).
    Removing ch32f10x_tim.o(i.TIM_ITRxExternalClockConfig), (24 bytes).
    Removing ch32f10x_tim.o(i.TIM_InternalClockConfig), (12 bytes).
    Removing ch32f10x_tim.o(i.TIM_OC1FastConfig), (18 bytes).
    Removing ch32f10x_tim.o(i.TIM_OC1Init), (108 bytes).
    Removing ch32f10x_tim.o(i.TIM_OC1NPolarityConfig), (18 bytes).
    Removing ch32f10x_tim.o(i.TIM_OC1PolarityConfig), (18 bytes).
    Removing ch32f10x_tim.o(i.TIM_OC1PreloadConfig), (18 bytes).
    Removing ch32f10x_tim.o(i.TIM_OC2FastConfig), (26 bytes).
    Removing ch32f10x_tim.o(i.TIM_OC2Init), (148 bytes).
    Removing ch32f10x_tim.o(i.TIM_OC2NPolarityConfig), (26 bytes).
    Removing ch32f10x_tim.o(i.TIM_OC2PolarityConfig), (26 bytes).
    Removing ch32f10x_tim.o(i.TIM_OC2PreloadConfig), (26 bytes).
    Removing ch32f10x_tim.o(i.TIM_OC3FastConfig), (18 bytes).
    Removing ch32f10x_tim.o(i.TIM_OC3Init), (144 bytes).
    Removing ch32f10x_tim.o(i.TIM_OC3NPolarityConfig), (26 bytes).
    Removing ch32f10x_tim.o(i.TIM_OC3PolarityConfig), (26 bytes).
    Removing ch32f10x_tim.o(i.TIM_OC3PreloadConfig), (18 bytes).
    Removing ch32f10x_tim.o(i.TIM_OC4FastConfig), (26 bytes).
    Removing ch32f10x_tim.o(i.TIM_OC4Init), (108 bytes).
    Removing ch32f10x_tim.o(i.TIM_OC4PolarityConfig), (26 bytes).
    Removing ch32f10x_tim.o(i.TIM_OC4PreloadConfig), (26 bytes).
    Removing ch32f10x_tim.o(i.TIM_OCStructInit), (20 bytes).
    Removing ch32f10x_tim.o(i.TIM_PWMIConfig), (124 bytes).
    Removing ch32f10x_tim.o(i.TIM_PrescalerConfig), (6 bytes).
    Removing ch32f10x_tim.o(i.TIM_SelectCCDMA), (24 bytes).
    Removing ch32f10x_tim.o(i.TIM_SelectCOM), (24 bytes).
    Removing ch32f10x_tim.o(i.TIM_SelectHallSensor), (24 bytes).
    Removing ch32f10x_tim.o(i.TIM_SelectInputTrigger), (18 bytes).
    Removing ch32f10x_tim.o(i.TIM_SelectMasterSlaveMode), (18 bytes).
    Removing ch32f10x_tim.o(i.TIM_SelectOCxM), (82 bytes).
    Removing ch32f10x_tim.o(i.TIM_SelectOnePulseMode), (18 bytes).
    Removing ch32f10x_tim.o(i.TIM_SelectOutputTrigger), (18 bytes).
    Removing ch32f10x_tim.o(i.TIM_SelectSlaveMode), (18 bytes).
    Removing ch32f10x_tim.o(i.TIM_SetAutoreload), (4 bytes).
    Removing ch32f10x_tim.o(i.TIM_SetClockDivision), (18 bytes).
    Removing ch32f10x_tim.o(i.TIM_SetCompare1), (4 bytes).
    Removing ch32f10x_tim.o(i.TIM_SetCompare2), (4 bytes).
    Removing ch32f10x_tim.o(i.TIM_SetCompare3), (4 bytes).
    Removing ch32f10x_tim.o(i.TIM_SetCompare4), (6 bytes).
    Removing ch32f10x_tim.o(i.TIM_SetCounter), (4 bytes).
    Removing ch32f10x_tim.o(i.TIM_SetIC1Prescaler), (18 bytes).
    Removing ch32f10x_tim.o(i.TIM_SetIC2Prescaler), (26 bytes).
    Removing ch32f10x_tim.o(i.TIM_SetIC3Prescaler), (18 bytes).
    Removing ch32f10x_tim.o(i.TIM_SetIC4Prescaler), (26 bytes).
    Removing ch32f10x_tim.o(i.TIM_TIxExternalClockConfig), (62 bytes).
    Removing ch32f10x_tim.o(i.TIM_TimeBaseInit), (88 bytes).
    Removing ch32f10x_tim.o(i.TIM_TimeBaseStructInit), (18 bytes).
    Removing ch32f10x_tim.o(i.TIM_UpdateDisableConfig), (24 bytes).
    Removing ch32f10x_tim.o(i.TIM_UpdateRequestConfig), (24 bytes).
    Removing ch32f10x_usart.o(.rev16_text), (4 bytes).
    Removing ch32f10x_usart.o(.revsh_text), (4 bytes).
    Removing ch32f10x_usart.o(.rrx_text), (6 bytes).
    Removing ch32f10x_usart.o(i.USART_ClearFlag), (6 bytes).
    Removing ch32f10x_usart.o(i.USART_ClearITPendingBit), (20 bytes).
    Removing ch32f10x_usart.o(i.USART_ClockInit), (34 bytes).
    Removing ch32f10x_usart.o(i.USART_ClockStructInit), (12 bytes).
    Removing ch32f10x_usart.o(i.USART_Cmd), (24 bytes).
    Removing ch32f10x_usart.o(i.USART_DMACmd), (18 bytes).
    Removing ch32f10x_usart.o(i.USART_DeInit), (156 bytes).
    Removing ch32f10x_usart.o(i.USART_GetFlagStatus), (18 bytes).
    Removing ch32f10x_usart.o(i.USART_GetITStatus), (76 bytes).
    Removing ch32f10x_usart.o(i.USART_HalfDuplexCmd), (24 bytes).
    Removing ch32f10x_usart.o(i.USART_ITConfig), (64 bytes).
    Removing ch32f10x_usart.o(i.USART_Init), (208 bytes).
    Removing ch32f10x_usart.o(i.USART_IrDACmd), (24 bytes).
    Removing ch32f10x_usart.o(i.USART_IrDAConfig), (18 bytes).
    Removing ch32f10x_usart.o(i.USART_LINBreakDetectLengthConfig), (18 bytes).
    Removing ch32f10x_usart.o(i.USART_LINCmd), (24 bytes).
    Removing ch32f10x_usart.o(i.USART_OneBitMethodCmd), (24 bytes).
    Removing ch32f10x_usart.o(i.USART_OverSampling8Cmd), (22 bytes).
    Removing ch32f10x_usart.o(i.USART_ReceiveData), (10 bytes).
    Removing ch32f10x_usart.o(i.USART_ReceiverWakeUpCmd), (24 bytes).
    Removing ch32f10x_usart.o(i.USART_SendBreak), (10 bytes).
    Removing ch32f10x_usart.o(i.USART_SendData), (8 bytes).
    Removing ch32f10x_usart.o(i.USART_SetAddress), (18 bytes).
    Removing ch32f10x_usart.o(i.USART_SetGuardTime), (16 bytes).
    Removing ch32f10x_usart.o(i.USART_SetPrescaler), (16 bytes).
    Removing ch32f10x_usart.o(i.USART_SmartCardCmd), (24 bytes).
    Removing ch32f10x_usart.o(i.USART_SmartCardNACKCmd), (24 bytes).
    Removing ch32f10x_usart.o(i.USART_StructInit), (24 bytes).
    Removing ch32f10x_usart.o(i.USART_WakeUpConfig), (18 bytes).
    Removing ch32f10x_usb.o(.rev16_text), (4 bytes).
    Removing ch32f10x_usb.o(.revsh_text), (4 bytes).
    Removing ch32f10x_usb.o(.rrx_text), (6 bytes).
    Removing ch32f10x_usb.o(i.DevEP1_IN_Deal), (24 bytes).
    Removing ch32f10x_usb.o(i.DevEP2_IN_Deal), (24 bytes).
    Removing ch32f10x_usb.o(i.DevEP3_IN_Deal), (24 bytes).
    Removing ch32f10x_usb.o(i.DevEP4_IN_Deal), (24 bytes).
    Removing ch32f10x_usb.o(i.USB_DeviceInit), (52 bytes).
    Removing ch32f10x_usb.o(i.USB_Device_Endp_Init), (88 bytes).
    Removing ch32f10x_usb.o(.data), (16 bytes).
    Removing ch32f10x_wwdg.o(.rev16_text), (4 bytes).
    Removing ch32f10x_wwdg.o(.revsh_text), (4 bytes).
    Removing ch32f10x_wwdg.o(.rrx_text), (6 bytes).
    Removing ch32f10x_wwdg.o(i.WWDG_ClearFlag), (12 bytes).
    Removing ch32f10x_wwdg.o(i.WWDG_DeInit), (22 bytes).
    Removing ch32f10x_wwdg.o(i.WWDG_Enable), (16 bytes).
    Removing ch32f10x_wwdg.o(i.WWDG_EnableIT), (12 bytes).
    Removing ch32f10x_wwdg.o(i.WWDG_GetFlagStatus), (12 bytes).
    Removing ch32f10x_wwdg.o(i.WWDG_SetCounter), (16 bytes).
    Removing ch32f10x_wwdg.o(i.WWDG_SetPrescaler), (24 bytes).
    Removing ch32f10x_wwdg.o(i.WWDG_SetWindowValue), (40 bytes).
    Removing startup_ch32f10x.o(HEAP), (512 bytes).
    Removing system_ch32f10x.o(.rev16_text), (4 bytes).
    Removing system_ch32f10x.o(.revsh_text), (4 bytes).
    Removing system_ch32f10x.o(.rrx_text), (6 bytes).
    Removing system_ch32f10x.o(i.SystemCoreClockUpdate), (164 bytes).
    Removing system_ch32f10x.o(.data), (20 bytes).

503 unused section(s) (total 18192 bytes) removed from the image.

==============================================================================

Image Symbol Table

    Local Symbols

    Symbol Name                              Value     Ov Type        Size  Object(Section)

    ../clib/microlib/init/entry.s            0x00000000   Number         0  entry.o ABSOLUTE
    ../clib/microlib/init/entry.s            0x00000000   Number         0  entry12b.o ABSOLUTE
    ../clib/microlib/init/entry.s            0x00000000   Number         0  entry12a.o ABSOLUTE
    ../clib/microlib/init/entry.s            0x00000000   Number         0  entry9b.o ABSOLUTE
    ../clib/microlib/init/entry.s            0x00000000   Number         0  entry11b.o ABSOLUTE
    ../clib/microlib/init/entry.s            0x00000000   Number         0  entry11a.o ABSOLUTE
    ../clib/microlib/init/entry.s            0x00000000   Number         0  entry10a.o ABSOLUTE
    ../clib/microlib/init/entry.s            0x00000000   Number         0  entry8b.o ABSOLUTE
    ../clib/microlib/init/entry.s            0x00000000   Number         0  entry8a.o ABSOLUTE
    ../clib/microlib/init/entry.s            0x00000000   Number         0  entry7b.o ABSOLUTE
    ../clib/microlib/init/entry.s            0x00000000   Number         0  entry7a.o ABSOLUTE
    ../clib/microlib/init/entry.s            0x00000000   Number         0  entry10b.o ABSOLUTE
    ../clib/microlib/init/entry.s            0x00000000   Number         0  entry5.o ABSOLUTE
    ../clib/microlib/init/entry.s            0x00000000   Number         0  entry2.o ABSOLUTE
    ../clib/microlib/init/entry.s            0x00000000   Number         0  entry9a.o ABSOLUTE
    ..\SRC\Debug\debug.c                     0x00000000   Number         0  debug.o ABSOLUTE
    ..\SRC\StdPeriphDriver\src\ch32f10x_adc.c 0x00000000   Number         0  ch32f10x_adc.o ABSOLUTE
    ..\SRC\StdPeriphDriver\src\ch32f10x_bkp.c 0x00000000   Number         0  ch32f10x_bkp.o ABSOLUTE
    ..\SRC\StdPeriphDriver\src\ch32f10x_can.c 0x00000000   Number         0  ch32f10x_can.o ABSOLUTE
    ..\SRC\StdPeriphDriver\src\ch32f10x_crc.c 0x00000000   Number         0  ch32f10x_crc.o ABSOLUTE
    ..\SRC\StdPeriphDriver\src\ch32f10x_dac.c 0x00000000   Number         0  ch32f10x_dac.o ABSOLUTE
    ..\SRC\StdPeriphDriver\src\ch32f10x_dbgmcu.c 0x00000000   Number         0  ch32f10x_dbgmcu.o ABSOLUTE
    ..\SRC\StdPeriphDriver\src\ch32f10x_dma.c 0x00000000   Number         0  ch32f10x_dma.o ABSOLUTE
    ..\SRC\StdPeriphDriver\src\ch32f10x_exti.c 0x00000000   Number         0  ch32f10x_exti.o ABSOLUTE
    ..\SRC\StdPeriphDriver\src\ch32f10x_flash.c 0x00000000   Number         0  ch32f10x_flash.o ABSOLUTE
    ..\SRC\StdPeriphDriver\src\ch32f10x_gpio.c 0x00000000   Number         0  ch32f10x_gpio.o ABSOLUTE
    ..\SRC\StdPeriphDriver\src\ch32f10x_i2c.c 0x00000000   Number         0  ch32f10x_i2c.o ABSOLUTE
    ..\SRC\StdPeriphDriver\src\ch32f10x_iwdg.c 0x00000000   Number         0  ch32f10x_iwdg.o ABSOLUTE
    ..\SRC\StdPeriphDriver\src\ch32f10x_misc.c 0x00000000   Number         0  ch32f10x_misc.o ABSOLUTE
    ..\SRC\StdPeriphDriver\src\ch32f10x_pwr.c 0x00000000   Number         0  ch32f10x_pwr.o ABSOLUTE
    ..\SRC\StdPeriphDriver\src\ch32f10x_rcc.c 0x00000000   Number         0  ch32f10x_rcc.o ABSOLUTE
    ..\SRC\StdPeriphDriver\src\ch32f10x_rtc.c 0x00000000   Number         0  ch32f10x_rtc.o ABSOLUTE
    ..\SRC\StdPeriphDriver\src\ch32f10x_spi.c 0x00000000   Number         0  ch32f10x_spi.o ABSOLUTE
    ..\SRC\StdPeriphDriver\src\ch32f10x_tim.c 0x00000000   Number         0  ch32f10x_tim.o ABSOLUTE
    ..\SRC\StdPeriphDriver\src\ch32f10x_usart.c 0x00000000   Number         0  ch32f10x_usart.o ABSOLUTE
    ..\SRC\StdPeriphDriver\src\ch32f10x_usb.c 0x00000000   Number         0  ch32f10x_usb.o ABSOLUTE
    ..\SRC\StdPeriphDriver\src\ch32f10x_wwdg.c 0x00000000   Number         0  ch32f10x_wwdg.o ABSOLUTE
    ..\\SRC\\Debug\\debug.c                  0x00000000   Number         0  debug.o ABSOLUTE
    ..\\SRC\\StdPeriphDriver\\src\\ch32f10x_adc.c 0x00000000   Number         0  ch32f10x_adc.o ABSOLUTE
    ..\\SRC\\StdPeriphDriver\\src\\ch32f10x_bkp.c 0x00000000   Number         0  ch32f10x_bkp.o ABSOLUTE
    ..\\SRC\\StdPeriphDriver\\src\\ch32f10x_can.c 0x00000000   Number         0  ch32f10x_can.o ABSOLUTE
    ..\\SRC\\StdPeriphDriver\\src\\ch32f10x_crc.c 0x00000000   Number         0  ch32f10x_crc.o ABSOLUTE
    ..\\SRC\\StdPeriphDriver\\src\\ch32f10x_dac.c 0x00000000   Number         0  ch32f10x_dac.o ABSOLUTE
    ..\\SRC\\StdPeriphDriver\\src\\ch32f10x_dbgmcu.c 0x00000000   Number         0  ch32f10x_dbgmcu.o ABSOLUTE
    ..\\SRC\\StdPeriphDriver\\src\\ch32f10x_dma.c 0x00000000   Number         0  ch32f10x_dma.o ABSOLUTE
    ..\\SRC\\StdPeriphDriver\\src\\ch32f10x_exti.c 0x00000000   Number         0  ch32f10x_exti.o ABSOLUTE
    ..\\SRC\\StdPeriphDriver\\src\\ch32f10x_flash.c 0x00000000   Number         0  ch32f10x_flash.o ABSOLUTE
    ..\\SRC\\StdPeriphDriver\\src\\ch32f10x_gpio.c 0x00000000   Number         0  ch32f10x_gpio.o ABSOLUTE
    ..\\SRC\\StdPeriphDriver\\src\\ch32f10x_i2c.c 0x00000000   Number         0  ch32f10x_i2c.o ABSOLUTE
    ..\\SRC\\StdPeriphDriver\\src\\ch32f10x_iwdg.c 0x00000000   Number         0  ch32f10x_iwdg.o ABSOLUTE
    ..\\SRC\\StdPeriphDriver\\src\\ch32f10x_misc.c 0x00000000   Number         0  ch32f10x_misc.o ABSOLUTE
    ..\\SRC\\StdPeriphDriver\\src\\ch32f10x_pwr.c 0x00000000   Number         0  ch32f10x_pwr.o ABSOLUTE
    ..\\SRC\\StdPeriphDriver\\src\\ch32f10x_rcc.c 0x00000000   Number         0  ch32f10x_rcc.o ABSOLUTE
    ..\\SRC\\StdPeriphDriver\\src\\ch32f10x_rtc.c 0x00000000   Number         0  ch32f10x_rtc.o ABSOLUTE
    ..\\SRC\\StdPeriphDriver\\src\\ch32f10x_spi.c 0x00000000   Number         0  ch32f10x_spi.o ABSOLUTE
    ..\\SRC\\StdPeriphDriver\\src\\ch32f10x_tim.c 0x00000000   Number         0  ch32f10x_tim.o ABSOLUTE
    ..\\SRC\\StdPeriphDriver\\src\\ch32f10x_usart.c 0x00000000   Number         0  ch32f10x_usart.o ABSOLUTE
    ..\\SRC\\StdPeriphDriver\\src\\ch32f10x_usb.c 0x00000000   Number         0  ch32f10x_usb.o ABSOLUTE
    ..\\SRC\\StdPeriphDriver\\src\\ch32f10x_wwdg.c 0x00000000   Number         0  ch32f10x_wwdg.o ABSOLUTE
    RTE/CH32F1xx/CH32F103C8/startup_ch32f10x.s 0x00000000   Number         0  startup_ch32f10x.o ABSOLUTE
    RTE/CH32F1xx/CH32F103C8/system_ch32f10x.c 0x00000000   Number         0  system_ch32f10x.o ABSOLUTE
    RTE\CH32F1xx\CH32F103C8\system_ch32f10x.c 0x00000000   Number         0  system_ch32f10x.o ABSOLUTE
    ch32f10x_it.c                            0x00000000   Number         0  ch32f10x_it.o ABSOLUTE
    ch32f10x_it.c                            0x00000000   Number         0  ch32f10x_it.o ABSOLUTE
    dc.s                                     0x00000000   Number         0  dc.o ABSOLUTE
    handlers.s                               0x00000000   Number         0  handlers.o ABSOLUTE
    init.s                                   0x00000000   Number         0  init.o ABSOLUTE
    main.c                                   0x00000000   Number         0  main.o ABSOLUTE
    RESET                                    0x08000000   Section      240  startup_ch32f10x.o(RESET)
    .ARM.Collect$$$$00000000                 0x080000f0   Section        0  entry.o(.ARM.Collect$$$$00000000)
    .ARM.Collect$$$$00000001                 0x080000f0   Section        4  entry2.o(.ARM.Collect$$$$00000001)
    .ARM.Collect$$$$00000004                 0x080000f4   Section        4  entry5.o(.ARM.Collect$$$$00000004)
    .ARM.Collect$$$$00000008                 0x080000f8   Section        0  entry7b.o(.ARM.Collect$$$$00000008)
    .ARM.Collect$$$$0000000A                 0x080000f8   Section        0  entry8b.o(.ARM.Collect$$$$0000000A)
    .ARM.Collect$$$$0000000B                 0x080000f8   Section        8  entry9a.o(.ARM.Collect$$$$0000000B)
    .ARM.Collect$$$$0000000E                 0x08000100   Section        4  entry12b.o(.ARM.Collect$$$$0000000E)
    .ARM.Collect$$$$0000000F                 0x08000104   Section        0  entry10a.o(.ARM.Collect$$$$0000000F)
    .ARM.Collect$$$$00000011                 0x08000104   Section        0  entry11a.o(.ARM.Collect$$$$00000011)
    .ARM.Collect$$$$00002712                 0x08000104   Section        4  entry2.o(.ARM.Collect$$$$00002712)
    __lit__00000000                          0x08000104   Data           4  entry2.o(.ARM.Collect$$$$00002712)
    .text                                    0x08000108   Section       36  startup_ch32f10x.o(.text)
    .text                                    0x0800012c   Section       36  init.o(.text)
    i.BusFault_Handler                       0x08000150   Section        0  ch32f10x_it.o(i.BusFault_Handler)
    i.DebugMon_Handler                       0x08000154   Section        0  ch32f10x_it.o(i.DebugMon_Handler)
    i.HardFault_Handler                      0x08000156   Section        0  ch32f10x_it.o(i.HardFault_Handler)
    i.MemManage_Handler                      0x0800015a   Section        0  ch32f10x_it.o(i.MemManage_Handler)
    i.NMI_Handler                            0x0800015e   Section        0  ch32f10x_it.o(i.NMI_Handler)
    i.PendSV_Handler                         0x08000160   Section        0  ch32f10x_it.o(i.PendSV_Handler)
    i.SVC_Handler                            0x08000162   Section        0  ch32f10x_it.o(i.SVC_Handler)
    i.SetSysClock                            0x08000164   Section        0  system_ch32f10x.o(i.SetSysClock)
    SetSysClock                              0x08000165   Thumb Code     8  system_ch32f10x.o(i.SetSysClock)
    i.SetSysClockTo72                        0x0800016c   Section        0  system_ch32f10x.o(i.SetSysClockTo72)
    SetSysClockTo72                          0x0800016d   Thumb Code   214  system_ch32f10x.o(i.SetSysClockTo72)
    i.SysTick_Handler                        0x0800024c   Section        0  ch32f10x_it.o(i.SysTick_Handler)
    i.SystemInit                             0x08000250   Section        0  system_ch32f10x.o(i.SystemInit)
    i.UsageFault_Handler                     0x080002b0   Section        0  ch32f10x_it.o(i.UsageFault_Handler)
    i.__scatterload_copy                     0x080002b4   Section       14  handlers.o(i.__scatterload_copy)
    i.__scatterload_null                     0x080002c2   Section        2  handlers.o(i.__scatterload_null)
    i.__scatterload_zeroinit                 0x080002c4   Section       14  handlers.o(i.__scatterload_zeroinit)
    i.main                                   0x080002d2   Section        0  main.o(i.main)
    STACK                                    0x20000000   Section     1024  startup_ch32f10x.o(STACK)

    Global Symbols

    Symbol Name                              Value     Ov Type        Size  Object(Section)

    BuildAttributes$$THM_ISAv4$P$D$K$B$S$PE$A:L22UL41UL21$X:L11$S22US41US21$IEEE1$IW$USESV6$~STKCKD$USESV7$~SHL$OSPACE$EBA8$MICROLIB$REQ8$PRES8$EABIv2 0x00000000   Number         0  anon$$obj.o ABSOLUTE
    __ARM_use_no_argv                        0x00000000   Number         0  main.o ABSOLUTE
    __arm_fini_                               - Undefined Weak Reference
    __cpp_initialize__aeabi_                  - Undefined Weak Reference
    __cxa_finalize                            - Undefined Weak Reference
    __decompress                              - Undefined Weak Reference
    _clock_init                               - Undefined Weak Reference
    _microlib_exit                            - Undefined Weak Reference
    __Vectors_Size                           0x000000f0   Number         0  startup_ch32f10x.o ABSOLUTE
    __Vectors                                0x08000000   Data           4  startup_ch32f10x.o(RESET)
    __Vectors_End                            0x080000f0   Data           0  startup_ch32f10x.o(RESET)
    __main                                   0x080000f1   Thumb Code     0  entry.o(.ARM.Collect$$$$00000000)
    _main_stk                                0x080000f1   Thumb Code     0  entry2.o(.ARM.Collect$$$$00000001)
    _main_scatterload                        0x080000f5   Thumb Code     0  entry5.o(.ARM.Collect$$$$00000004)
    __main_after_scatterload                 0x080000f9   Thumb Code     0  entry5.o(.ARM.Collect$$$$00000004)
    _main_clock                              0x080000f9   Thumb Code     0  entry7b.o(.ARM.Collect$$$$00000008)
    _main_cpp_init                           0x080000f9   Thumb Code     0  entry8b.o(.ARM.Collect$$$$0000000A)
    _main_init                               0x080000f9   Thumb Code     0  entry9a.o(.ARM.Collect$$$$0000000B)
    __rt_lib_shutdown_fini                   0x08000101   Thumb Code     0  entry12b.o(.ARM.Collect$$$$0000000E)
    __rt_final_cpp                           0x08000105   Thumb Code     0  entry10a.o(.ARM.Collect$$$$0000000F)
    __rt_final_exit                          0x08000105   Thumb Code     0  entry11a.o(.ARM.Collect$$$$00000011)
    Reset_Handler                            0x08000109   Thumb Code     8  startup_ch32f10x.o(.text)
    ADC1_2_IRQHandler                        0x08000123   Thumb Code     0  startup_ch32f10x.o(.text)
    CAN1_RX1_IRQHandler                      0x08000123   Thumb Code     0  startup_ch32f10x.o(.text)
    CAN1_SCE_IRQHandler                      0x08000123   Thumb Code     0  startup_ch32f10x.o(.text)
    DMA1_Channel1_IRQHandler                 0x08000123   Thumb Code     0  startup_ch32f10x.o(.text)
    DMA1_Channel2_IRQHandler                 0x08000123   Thumb Code     0  startup_ch32f10x.o(.text)
    DMA1_Channel3_IRQHandler                 0x08000123   Thumb Code     0  startup_ch32f10x.o(.text)
    DMA1_Channel4_IRQHandler                 0x08000123   Thumb Code     0  startup_ch32f10x.o(.text)
    DMA1_Channel5_IRQHandler                 0x08000123   Thumb Code     0  startup_ch32f10x.o(.text)
    DMA1_Channel6_IRQHandler                 0x08000123   Thumb Code     0  startup_ch32f10x.o(.text)
    DMA1_Channel7_IRQHandler                 0x08000123   Thumb Code     0  startup_ch32f10x.o(.text)
    EXTI0_IRQHandler                         0x08000123   Thumb Code     0  startup_ch32f10x.o(.text)
    EXTI15_10_IRQHandler                     0x08000123   Thumb Code     0  startup_ch32f10x.o(.text)
    EXTI1_IRQHandler                         0x08000123   Thumb Code     0  startup_ch32f10x.o(.text)
    EXTI2_IRQHandler                         0x08000123   Thumb Code     0  startup_ch32f10x.o(.text)
    EXTI3_IRQHandler                         0x08000123   Thumb Code     0  startup_ch32f10x.o(.text)
    EXTI4_IRQHandler                         0x08000123   Thumb Code     0  startup_ch32f10x.o(.text)
    EXTI9_5_IRQHandler                       0x08000123   Thumb Code     0  startup_ch32f10x.o(.text)
    FLASH_IRQHandler                         0x08000123   Thumb Code     0  startup_ch32f10x.o(.text)
    I2C1_ER_IRQHandler                       0x08000123   Thumb Code     0  startup_ch32f10x.o(.text)
    I2C1_EV_IRQHandler                       0x08000123   Thumb Code     0  startup_ch32f10x.o(.text)
    I2C2_ER_IRQHandler                       0x08000123   Thumb Code     0  startup_ch32f10x.o(.text)
    I2C2_EV_IRQHandler                       0x08000123   Thumb Code     0  startup_ch32f10x.o(.text)
    PVD_IRQHandler                           0x08000123   Thumb Code     0  startup_ch32f10x.o(.text)
    RCC_IRQHandler                           0x08000123   Thumb Code     0  startup_ch32f10x.o(.text)
    RTCAlarm_IRQHandler                      0x08000123   Thumb Code     0  startup_ch32f10x.o(.text)
    RTC_IRQHandler                           0x08000123   Thumb Code     0  startup_ch32f10x.o(.text)
    SPI1_IRQHandler                          0x08000123   Thumb Code     0  startup_ch32f10x.o(.text)
    SPI2_IRQHandler                          0x08000123   Thumb Code     0  startup_ch32f10x.o(.text)
    TAMPER_IRQHandler                        0x08000123   Thumb Code     0  startup_ch32f10x.o(.text)
    TIM1_BRK_IRQHandler                      0x08000123   Thumb Code     0  startup_ch32f10x.o(.text)
    TIM1_CC_IRQHandler                       0x08000123   Thumb Code     0  startup_ch32f10x.o(.text)
    TIM1_TRG_COM_IRQHandler                  0x08000123   Thumb Code     0  startup_ch32f10x.o(.text)
    TIM1_UP_IRQHandler                       0x08000123   Thumb Code     0  startup_ch32f10x.o(.text)
    TIM2_IRQHandler                          0x08000123   Thumb Code     0  startup_ch32f10x.o(.text)
    TIM3_IRQHandler                          0x08000123   Thumb Code     0  startup_ch32f10x.o(.text)
    TIM4_IRQHandler                          0x08000123   Thumb Code     0  startup_ch32f10x.o(.text)
    USART1_IRQHandler                        0x08000123   Thumb Code     0  startup_ch32f10x.o(.text)
    USART2_IRQHandler                        0x08000123   Thumb Code     0  startup_ch32f10x.o(.text)
    USART3_IRQHandler                        0x08000123   Thumb Code     0  startup_ch32f10x.o(.text)
    USBWakeUp_IRQHandler                     0x08000123   Thumb Code     0  startup_ch32f10x.o(.text)
    USB_HP_CAN1_TX_IRQHandler                0x08000123   Thumb Code     0  startup_ch32f10x.o(.text)
    USB_IRQHandler                           0x08000123   Thumb Code     0  startup_ch32f10x.o(.text)
    USB_LP_CAN1_RX0_IRQHandler               0x08000123   Thumb Code     0  startup_ch32f10x.o(.text)
    WWDG_IRQHandler                          0x08000123   Thumb Code     0  startup_ch32f10x.o(.text)
    __scatterload                            0x0800012d   Thumb Code    28  init.o(.text)
    __scatterload_rt2                        0x0800012d   Thumb Code     0  init.o(.text)
    BusFault_Handler                         0x08000151   Thumb Code     4  ch32f10x_it.o(i.BusFault_Handler)
    DebugMon_Handler                         0x08000155   Thumb Code     2  ch32f10x_it.o(i.DebugMon_Handler)
    HardFault_Handler                        0x08000157   Thumb Code     4  ch32f10x_it.o(i.HardFault_Handler)
    MemManage_Handler                        0x0800015b   Thumb Code     4  ch32f10x_it.o(i.MemManage_Handler)
    NMI_Handler                              0x0800015f   Thumb Code     2  ch32f10x_it.o(i.NMI_Handler)
    PendSV_Handler                           0x08000161   Thumb Code     2  ch32f10x_it.o(i.PendSV_Handler)
    SVC_Handler                              0x08000163   Thumb Code     2  ch32f10x_it.o(i.SVC_Handler)
    SysTick_Handler                          0x0800024d   Thumb Code     2  ch32f10x_it.o(i.SysTick_Handler)
    SystemInit                               0x08000251   Thumb Code    78  system_ch32f10x.o(i.SystemInit)
    UsageFault_Handler                       0x080002b1   Thumb Code     4  ch32f10x_it.o(i.UsageFault_Handler)
    __scatterload_copy                       0x080002b5   Thumb Code    14  handlers.o(i.__scatterload_copy)
    __scatterload_null                       0x080002c3   Thumb Code     2  handlers.o(i.__scatterload_null)
    __scatterload_zeroinit                   0x080002c5   Thumb Code    14  handlers.o(i.__scatterload_zeroinit)
    main                                     0x080002d3   Thumb Code     4  main.o(i.main)
    Region$$Table$$Base                      0x080002d8   Number         0  anon$$obj.o(Region$$Table)
    Region$$Table$$Limit                     0x080002e8   Number         0  anon$$obj.o(Region$$Table)
    __initial_sp                             0x20000400   Data           0  startup_ch32f10x.o(STACK)



==============================================================================

Memory Map of the image

  Image Entry point : 0x080000f1

  Load Region LR_IROM1 (Base: 0x08000000, Size: 0x000002e8, Max: 0x00010000, ABSOLUTE)

    Execution Region ER_IROM1 (Exec base: 0x08000000, Load base: 0x08000000, Size: 0x000002e8, Max: 0x00010000, ABSOLUTE)

    Exec Addr    Load Addr    Size         Type   Attr      Idx    E Section Name        Object

    0x08000000   0x08000000   0x000000f0   Data   RO         3142    RESET               startup_ch32f10x.o
    0x080000f0   0x080000f0   0x00000000   Code   RO         3193  * .ARM.Collect$$$$00000000  mc_w.l(entry.o)
    0x080000f0   0x080000f0   0x00000004   Code   RO         3196    .ARM.Collect$$$$00000001  mc_w.l(entry2.o)
    0x080000f4   0x080000f4   0x00000004   Code   RO         3199    .ARM.Collect$$$$00000004  mc_w.l(entry5.o)
    0x080000f8   0x080000f8   0x00000000   Code   RO         3201    .ARM.Collect$$$$00000008  mc_w.l(entry7b.o)
    0x080000f8   0x080000f8   0x00000000   Code   RO         3203    .ARM.Collect$$$$0000000A  mc_w.l(entry8b.o)
    0x080000f8   0x080000f8   0x00000008   Code   RO         3204    .ARM.Collect$$$$0000000B  mc_w.l(entry9a.o)
    0x08000100   0x08000100   0x00000004   Code   RO         3211    .ARM.Collect$$$$0000000E  mc_w.l(entry12b.o)
    0x08000104   0x08000104   0x00000000   Code   RO         3206    .ARM.Collect$$$$0000000F  mc_w.l(entry10a.o)
    0x08000104   0x08000104   0x00000000   Code   RO         3208    .ARM.Collect$$$$00000011  mc_w.l(entry11a.o)
    0x08000104   0x08000104   0x00000004   Code   RO         3197    .ARM.Collect$$$$00002712  mc_w.l(entry2.o)
    0x08000108   0x08000108   0x00000024   Code   RO         3143    .text               startup_ch32f10x.o
    0x0800012c   0x0800012c   0x00000024   Code   RO         3212    .text               mc_w.l(init.o)
    0x08000150   0x08000150   0x00000004   Code   RO           15    i.BusFault_Handler  ch32f10x_it.o
    0x08000154   0x08000154   0x00000002   Code   RO           16    i.DebugMon_Handler  ch32f10x_it.o
    0x08000156   0x08000156   0x00000004   Code   RO           17    i.HardFault_Handler  ch32f10x_it.o
    0x0800015a   0x0800015a   0x00000004   Code   RO           18    i.MemManage_Handler  ch32f10x_it.o
    0x0800015e   0x0800015e   0x00000002   Code   RO           19    i.NMI_Handler       ch32f10x_it.o
    0x08000160   0x08000160   0x00000002   Code   RO           20    i.PendSV_Handler    ch32f10x_it.o
    0x08000162   0x08000162   0x00000002   Code   RO           21    i.SVC_Handler       ch32f10x_it.o
    0x08000164   0x08000164   0x00000008   Code   RO         3150    i.SetSysClock       system_ch32f10x.o
    0x0800016c   0x0800016c   0x000000e0   Code   RO         3151    i.SetSysClockTo72   system_ch32f10x.o
    0x0800024c   0x0800024c   0x00000002   Code   RO           22    i.SysTick_Handler   ch32f10x_it.o
    0x0800024e   0x0800024e   0x00000002   PAD
    0x08000250   0x08000250   0x00000060   Code   RO         3153    i.SystemInit        system_ch32f10x.o
    0x080002b0   0x080002b0   0x00000004   Code   RO           23    i.UsageFault_Handler  ch32f10x_it.o
    0x080002b4   0x080002b4   0x0000000e   Code   RO         3216    i.__scatterload_copy  mc_w.l(handlers.o)
    0x080002c2   0x080002c2   0x00000002   Code   RO         3217    i.__scatterload_null  mc_w.l(handlers.o)
    0x080002c4   0x080002c4   0x0000000e   Code   RO         3218    i.__scatterload_zeroinit  mc_w.l(handlers.o)
    0x080002d2   0x080002d2   0x00000004   Code   RO            1    i.main              main.o
    0x080002d6   0x080002d6   0x00000002   PAD
    0x080002d8   0x080002d8   0x00000010   Data   RO         3214    Region$$Table       anon$$obj.o


    Execution Region RW_IRAM1 (Exec base: 0x20000000, Load base: 0x080002e8, Size: 0x00000400, Max: 0x00005000, ABSOLUTE)

    Exec Addr    Load Addr    Size         Type   Attr      Idx    E Section Name        Object

    0x20000000        -       0x00000400   Zero   RW         3140    STACK               startup_ch32f10x.o


==============================================================================

Image component sizes


      Code (inc. data)   RO Data    RW Data    ZI Data      Debug   Object Name

        26          0          0          0          0       6414   ch32f10x_it.o
         4          0          0          0          0       1799   main.o
        36          8        240          0       1024        776   startup_ch32f10x.o
       328         28          0          0          0       1825   system_ch32f10x.o

    ----------------------------------------------------------------------
       398         36        256          0       1024      10814   Object Totals
         0          0         16          0          0          0   (incl. Generated)
         4          0          0          0          0          0   (incl. Padding)

    ----------------------------------------------------------------------

      Code (inc. data)   RO Data    RW Data    ZI Data      Debug   Library Member Name

         0          0          0          0          0          0   entry.o
         0          0          0          0          0          0   entry10a.o
         0          0          0          0          0          0   entry11a.o
         4          0          0          0          0          0   entry12b.o
         8          4          0          0          0          0   entry2.o
         4          0          0          0          0          0   entry5.o
         0          0          0          0          0          0   entry7b.o
         0          0          0          0          0          0   entry8b.o
         8          4          0          0          0          0   entry9a.o
        30          0          0          0          0          0   handlers.o
        36          8          0          0          0         68   init.o

    ----------------------------------------------------------------------
        90         16          0          0          0         68   Library Totals
         0          0          0          0          0          0   (incl. Padding)

    ----------------------------------------------------------------------

      Code (inc. data)   RO Data    RW Data    ZI Data      Debug   Library Name

        90         16          0          0          0         68   mc_w.l

    ----------------------------------------------------------------------
        90         16          0          0          0         68   Library Totals

    ----------------------------------------------------------------------

==============================================================================


      Code (inc. data)   RO Data    RW Data    ZI Data      Debug   

       488         52        256          0       1024      10462   Grand Totals
       488         52        256          0       1024      10462   ELF Image Totals
       488         52        256          0          0          0   ROM Totals

==============================================================================

    Total RO  Size (Code + RO Data)                  744 (   0.73kB)
    Total RW  Size (RW Data + ZI Data)              1024 (   1.00kB)
    Total ROM Size (Code + RO Data + RW Data)        744 (   0.73kB)

==============================================================================

