<html>
<body>
<pre>
<h1>µVision Build Log</h1>
<h2>Tool Versions:</h2>
IDE-Version: ¦ÌVision V5.38.0.0
Copyright (C) 2022 ARM Ltd and ARM Germany GmbH. All rights reserved.
License Information: 1 Magic, 1, LIC=NHYH9-4GFIP-LVM1I-TELMW-Y6SJ9-4JQG7
 
Tool Versions:
Toolchain:       MDK-ARM Professional  Version: 5.38.0.0
Toolchain Path:  E:\software\keil5_v5\ARM\AC5\Bin
C Compiler:      Armcc.exe V5.06 update 7 (build 960)
Assembler:       Armasm.exe V5.06 update 7 (build 960)
Linker/Locator:  ArmLink.exe V5.06 update 7 (build 960)
Library Manager: ArmAr.exe V5.06 update 7 (build 960)
Hex Converter:   FromElf.exe V5.06 update 7 (build 960)
CPU DLL:         SARMCM3.DLL V5.38.0.0
Dialog DLL:      DCM.DLL V1.17.5.0
Target DLL:      Segger\JL2CM3.dll V2.99.20.0
Dialog DLL:      TCM.DLL V1.56.4.0
 
<h2>Project:</h2>
D:\MCU_pro\NRF52\NRF52832\IIC\examples\ble_peripheral\Magic.uvprojx
Project File Date:  05/13/2023

<h2>Output:</h2>
*** Using Compiler 'V5.06 update 7 (build 960)', folder: 'E:\software\keil5_v5\ARM\AC5\Bin'
Build target 'Target 1'
compiling main.c...
linking...
Program Size: Code=8848 RO-data=2792 RW-data=80 ZI-data=4856  
FromELF: creating hex file...
".\Objects\Magic.axf" - 0 Error(s), 0 Warning(s).

<h2>Software Packages used:</h2>

Package Vendor: ARM
                http://www.keil.com/pack/ARM.CMSIS.5.9.0.pack
                ARM.CMSIS.5.9.0
                CMSIS (Common Microcontroller Software Interface Standard)
   * Component: CORE Version: 5.6.0

Package Vendor: NordicSemiconductor
                http://developer.nordicsemi.com/nRF5_SDK/pieces/nRF_DeviceFamilyPack/NordicSemiconductor.nRF_DeviceFamilyPack.8.44.1.pack
                NordicSemiconductor.nRF_DeviceFamilyPack.8.44.1
                Nordic Semiconductor nRF ARM devices Device Family Pack with BSD license.
   * Component: Startup Version: 8.44.1

<h2>Collection of Component include folders:</h2>
  ./RTE/_Target_1
  E:/software/keil5_v5/ARM/Packs/ARM/CMSIS/5.9.0/CMSIS/Core/Include
  E:/software/keil5_v5/ARM/Packs/NordicSemiconductor/nRF_DeviceFamilyPack/8.44.1/Device/Include

<h2>Collection of Component Files used:</h2>

   * Component: ARM::CMSIS:CORE:5.6.0

   * Component: NordicSemiconductor::Device:Startup:8.44.1
      Include file:  Device/Include/system_nrf.h
      Source file:   Device/Source/system_nrf52.c
      Include file:  Device/Include/system_nrf52.h
      Source file:   Device/Source/arm/arm_startup_nrf52.s
Build Time Elapsed:  00:00:01
</pre>
</body>
</html>
