Component: ARM Compiler 5.06 update 7 (build 960) Tool: armlink [4d3601]

==============================================================================

Section Cross References

    main.o(i.main) refers to led.o(i.LED_Init) for LED_Init
    main.o(i.main) refers to led.o(i.LED_OPEN_CLOSE) for LED_OPEN_CLOSE
    main.o(i.main) refers to main.o(i.nrf_delay_ms) for nrf_delay_ms
    main.o(i.nrf_delay_ms) refers to main.o(.constdata) for .constdata
    led.o(i.GPIOTE_IRQHandler) refers to led.o(i.Delay) for Delay
    led.o(i.GPIOTE_IRQHandler) refers to led.o(i.LED_OPEN_CLOSE) for LED_OPEN_CLOSE
    led.o(i.GPIOTE_IRQHandler) refers to led.o(.data) for .data
    led.o(i.LED_Init) refers to led.o(i.nrf_gpio_cfg_output) for nrf_gpio_cfg_output
    led.o(i.LED_Init) refers to led.o(i.nrf_gpio_cfg) for nrf_gpio_cfg
    led.o(i.LED_Init) refers to led.o(i.LED_OPEN_CLOSE) for LED_OPEN_CLOSE
    led.o(i.nrf_gpio_cfg_output) refers to led.o(i.nrf_gpio_cfg) for nrf_gpio_cfg
    arm_startup_nrf52.o(RESET) refers to arm_startup_nrf52.o(STACK) for __initial_sp
    arm_startup_nrf52.o(RESET) refers to arm_startup_nrf52.o(.text) for Reset_Handler
    arm_startup_nrf52.o(RESET) refers to led.o(i.GPIOTE_IRQHandler) for GPIOTE_IRQHandler
    arm_startup_nrf52.o(.text) refers to system_nrf52.o(i.SystemInit) for SystemInit
    arm_startup_nrf52.o(.text) refers to entry.o(.ARM.Collect$$$$00000000) for __main
    system_nrf52.o(i.SystemCoreClockUpdate) refers to system_nrf52.o(.data) for .data
    system_nrf52.o(i.SystemInit) refers to system_nrf52.o(i.nrf52_errata_12) for nrf52_errata_12
    system_nrf52.o(i.SystemInit) refers to system_nrf52.o(i.nrf52_errata_16) for nrf52_errata_16
    system_nrf52.o(i.SystemInit) refers to system_nrf52.o(i.nrf52_errata_31) for nrf52_errata_31
    system_nrf52.o(i.SystemInit) refers to system_nrf52.o(i.nrf52_errata_32) for nrf52_errata_32
    system_nrf52.o(i.SystemInit) refers to system_nrf52.o(i.nrf52_errata_36) for nrf52_errata_36
    system_nrf52.o(i.SystemInit) refers to system_nrf52.o(i.nrf52_errata_37) for nrf52_errata_37
    system_nrf52.o(i.SystemInit) refers to system_nrf52.o(i.nrf52_errata_57) for nrf52_errata_57
    system_nrf52.o(i.SystemInit) refers to system_nrf52.o(i.nrf52_errata_66) for nrf52_errata_66
    system_nrf52.o(i.SystemInit) refers to system_nrf52.o(i.nrf52_errata_98) for nrf52_errata_98
    system_nrf52.o(i.SystemInit) refers to system_nrf52.o(i.nrf52_errata_108) for nrf52_errata_108
    system_nrf52.o(i.SystemInit) refers to system_nrf52.o(i.nrf52_errata_115) for nrf52_errata_115
    system_nrf52.o(i.SystemInit) refers to system_nrf52.o(i.nrf52_errata_120) for nrf52_errata_120
    system_nrf52.o(i.SystemInit) refers to system_nrf52.o(i.nrf52_errata_136) for nrf52_errata_136
    system_nrf52.o(i.SystemInit) refers to system_nrf52.o(i.nrf52_errata_182) for nrf52_errata_182
    system_nrf52.o(i.SystemInit) refers to system_nrf52.o(i.nrf52_configuration_249) for nrf52_configuration_249
    system_nrf52.o(i.SystemInit) refers to system_nrf52.o(i.nvmc_config) for nvmc_config
    system_nrf52.o(i.SystemInit) refers to system_nrf52.o(i.nvmc_wait) for nvmc_wait
    system_nrf52.o(i.SystemInit) refers to system_nrf52.o(i.SystemCoreClockUpdate) for SystemCoreClockUpdate
    system_nrf52.o(i.nvmc_config) refers to system_nrf52.o(i.nvmc_wait) for nvmc_wait
    entry.o(.ARM.Collect$$$$00000000) refers (Special) to entry10a.o(.ARM.Collect$$$$0000000F) for __rt_final_cpp
    entry.o(.ARM.Collect$$$$00000000) refers (Special) to entry11a.o(.ARM.Collect$$$$00000011) for __rt_final_exit
    entry.o(.ARM.Collect$$$$00000000) refers (Special) to entry12b.o(.ARM.Collect$$$$0000000E) for __rt_lib_shutdown_fini
    entry.o(.ARM.Collect$$$$00000000) refers (Special) to entry7b.o(.ARM.Collect$$$$00000008) for _main_clock
    entry.o(.ARM.Collect$$$$00000000) refers (Special) to entry8b.o(.ARM.Collect$$$$0000000A) for _main_cpp_init
    entry.o(.ARM.Collect$$$$00000000) refers (Special) to entry9a.o(.ARM.Collect$$$$0000000B) for _main_init
    entry.o(.ARM.Collect$$$$00000000) refers (Special) to entry5.o(.ARM.Collect$$$$00000004) for _main_scatterload
    entry.o(.ARM.Collect$$$$00000000) refers (Special) to entry2.o(.ARM.Collect$$$$00000001) for _main_stk
    entry2.o(.ARM.Collect$$$$00000001) refers to entry2.o(.ARM.Collect$$$$00002712) for __lit__00000000
    entry2.o(.ARM.Collect$$$$00002712) refers to arm_startup_nrf52.o(STACK) for __initial_sp
    entry2.o(__vectab_stack_and_reset_area) refers to arm_startup_nrf52.o(STACK) for __initial_sp
    entry2.o(__vectab_stack_and_reset_area) refers to entry.o(.ARM.Collect$$$$00000000) for __main
    entry5.o(.ARM.Collect$$$$00000004) refers to init.o(.text) for __scatterload
    entry9a.o(.ARM.Collect$$$$0000000B) refers to main.o(i.main) for main
    entry9b.o(.ARM.Collect$$$$0000000C) refers to main.o(i.main) for main
    init.o(.text) refers to entry5.o(.ARM.Collect$$$$00000004) for __main_after_scatterload


==============================================================================

Removing Unused input sections from the image.

    Removing main.o(.rev16_text), (4 bytes).
    Removing main.o(.revsh_text), (4 bytes).
    Removing main.o(.rrx_text), (6 bytes).
    Removing led.o(.rev16_text), (4 bytes).
    Removing led.o(.revsh_text), (4 bytes).
    Removing led.o(.rrx_text), (6 bytes).
    Removing arm_startup_nrf52.o(HEAP), (4096 bytes).
    Removing system_nrf52.o(.rev16_text), (4 bytes).
    Removing system_nrf52.o(.revsh_text), (4 bytes).
    Removing system_nrf52.o(.rrx_text), (6 bytes).

10 unused section(s) (total 4138 bytes) removed from the image.

==============================================================================

Image Symbol Table

    Local Symbols

    Symbol Name                              Value     Ov Type        Size  Object(Section)

    RESET                                    0x00000000   Section      512  arm_startup_nrf52.o(RESET)
    ../clib/microlib/init/entry.s            0x00000000   Number         0  entry12a.o ABSOLUTE
    ../clib/microlib/init/entry.s            0x00000000   Number         0  entry8a.o ABSOLUTE
    ../clib/microlib/init/entry.s            0x00000000   Number         0  entry7b.o ABSOLUTE
    ../clib/microlib/init/entry.s            0x00000000   Number         0  entry5.o ABSOLUTE
    ../clib/microlib/init/entry.s            0x00000000   Number         0  entry12b.o ABSOLUTE
    ../clib/microlib/init/entry.s            0x00000000   Number         0  entry7a.o ABSOLUTE
    ../clib/microlib/init/entry.s            0x00000000   Number         0  entry11b.o ABSOLUTE
    ../clib/microlib/init/entry.s            0x00000000   Number         0  entry10b.o ABSOLUTE
    ../clib/microlib/init/entry.s            0x00000000   Number         0  entry10a.o ABSOLUTE
    ../clib/microlib/init/entry.s            0x00000000   Number         0  entry2.o ABSOLUTE
    ../clib/microlib/init/entry.s            0x00000000   Number         0  entry9b.o ABSOLUTE
    ../clib/microlib/init/entry.s            0x00000000   Number         0  entry11a.o ABSOLUTE
    ../clib/microlib/init/entry.s            0x00000000   Number         0  entry9a.o ABSOLUTE
    ../clib/microlib/init/entry.s            0x00000000   Number         0  entry.o ABSOLUTE
    ../clib/microlib/init/entry.s            0x00000000   Number         0  entry8b.o ABSOLUTE
    ..\..\drive\led.c                        0x00000000   Number         0  led.o ABSOLUTE
    ..\\..\\drive\\led.c                     0x00000000   Number         0  led.o ABSOLUTE
    RTE/Device/nRF52832_xxAA/arm_startup_nrf52.s 0x00000000   Number         0  arm_startup_nrf52.o ABSOLUTE
    RTE/Device/nRF52832_xxAA/system_nrf52.c  0x00000000   Number         0  system_nrf52.o ABSOLUTE
    RTE\Device\nRF52832_xxAA\system_nrf52.c  0x00000000   Number         0  system_nrf52.o ABSOLUTE
    dc.s                                     0x00000000   Number         0  dc.o ABSOLUTE
    handlers.s                               0x00000000   Number         0  handlers.o ABSOLUTE
    init.s                                   0x00000000   Number         0  init.o ABSOLUTE
    main.c                                   0x00000000   Number         0  main.o ABSOLUTE
    main.c                                   0x00000000   Number         0  main.o ABSOLUTE
    .ARM.Collect$$$$00000000                 0x00000200   Section        0  entry.o(.ARM.Collect$$$$00000000)
    .ARM.Collect$$$$00000001                 0x00000200   Section        4  entry2.o(.ARM.Collect$$$$00000001)
    .ARM.Collect$$$$00000004                 0x00000204   Section        4  entry5.o(.ARM.Collect$$$$00000004)
    .ARM.Collect$$$$00000008                 0x00000208   Section        0  entry7b.o(.ARM.Collect$$$$00000008)
    .ARM.Collect$$$$0000000A                 0x00000208   Section        0  entry8b.o(.ARM.Collect$$$$0000000A)
    .ARM.Collect$$$$0000000B                 0x00000208   Section        8  entry9a.o(.ARM.Collect$$$$0000000B)
    .ARM.Collect$$$$0000000E                 0x00000210   Section        4  entry12b.o(.ARM.Collect$$$$0000000E)
    .ARM.Collect$$$$0000000F                 0x00000214   Section        0  entry10a.o(.ARM.Collect$$$$0000000F)
    .ARM.Collect$$$$00000011                 0x00000214   Section        0  entry11a.o(.ARM.Collect$$$$00000011)
    .ARM.Collect$$$$00002712                 0x00000214   Section        4  entry2.o(.ARM.Collect$$$$00002712)
    __lit__00000000                          0x00000214   Data           4  entry2.o(.ARM.Collect$$$$00002712)
    .text                                    0x00000218   Section       36  arm_startup_nrf52.o(.text)
    $v0                                      0x00000218   Number         0  arm_startup_nrf52.o(.text)
    .text                                    0x0000023c   Section       36  init.o(.text)
    i.Delay                                  0x00000260   Section        0  led.o(i.Delay)
    i.GPIOTE_IRQHandler                      0x0000026c   Section        0  led.o(i.GPIOTE_IRQHandler)
    i.LED_Init                               0x000002bc   Section        0  led.o(i.LED_Init)
    i.LED_OPEN_CLOSE                         0x00000330   Section        0  led.o(i.LED_OPEN_CLOSE)
    i.SystemCoreClockUpdate                  0x00000348   Section        0  system_nrf52.o(i.SystemCoreClockUpdate)
    i.SystemInit                             0x00000358   Section        0  system_nrf52.o(i.SystemInit)
    i.__scatterload_copy                     0x000005b4   Section       14  handlers.o(i.__scatterload_copy)
    i.__scatterload_null                     0x000005c2   Section        2  handlers.o(i.__scatterload_null)
    i.__scatterload_zeroinit                 0x000005c4   Section       14  handlers.o(i.__scatterload_zeroinit)
    i.main                                   0x000005d2   Section        0  main.o(i.main)
    i.nrf52_configuration_249                0x000005f8   Section        0  system_nrf52.o(i.nrf52_configuration_249)
    nrf52_configuration_249                  0x000005f9   Thumb Code   100  system_nrf52.o(i.nrf52_configuration_249)
    i.nrf52_errata_108                       0x00000660   Section        0  system_nrf52.o(i.nrf52_errata_108)
    nrf52_errata_108                         0x00000661   Thumb Code    80  system_nrf52.o(i.nrf52_errata_108)
    i.nrf52_errata_115                       0x000006b4   Section        0  system_nrf52.o(i.nrf52_errata_115)
    nrf52_errata_115                         0x000006b5   Thumb Code    56  system_nrf52.o(i.nrf52_errata_115)
    i.nrf52_errata_12                        0x000006f0   Section        0  system_nrf52.o(i.nrf52_errata_12)
    nrf52_errata_12                          0x000006f1   Thumb Code    80  system_nrf52.o(i.nrf52_errata_12)
    i.nrf52_errata_120                       0x00000744   Section        0  system_nrf52.o(i.nrf52_errata_120)
    nrf52_errata_120                         0x00000745   Thumb Code    56  system_nrf52.o(i.nrf52_errata_120)
    i.nrf52_errata_136                       0x00000780   Section        0  system_nrf52.o(i.nrf52_errata_136)
    nrf52_errata_136                         0x00000781   Thumb Code   126  system_nrf52.o(i.nrf52_errata_136)
    i.nrf52_errata_16                        0x00000804   Section        0  system_nrf52.o(i.nrf52_errata_16)
    nrf52_errata_16                          0x00000805   Thumb Code    62  system_nrf52.o(i.nrf52_errata_16)
    i.nrf52_errata_182                       0x00000848   Section        0  system_nrf52.o(i.nrf52_errata_182)
    nrf52_errata_182                         0x00000849   Thumb Code    54  system_nrf52.o(i.nrf52_errata_182)
    i.nrf52_errata_31                        0x00000884   Section        0  system_nrf52.o(i.nrf52_errata_31)
    nrf52_errata_31                          0x00000885   Thumb Code    80  system_nrf52.o(i.nrf52_errata_31)
    i.nrf52_errata_32                        0x000008d8   Section        0  system_nrf52.o(i.nrf52_errata_32)
    nrf52_errata_32                          0x000008d9   Thumb Code    62  system_nrf52.o(i.nrf52_errata_32)
    i.nrf52_errata_36                        0x0000091c   Section        0  system_nrf52.o(i.nrf52_errata_36)
    nrf52_errata_36                          0x0000091d   Thumb Code   126  system_nrf52.o(i.nrf52_errata_36)
    i.nrf52_errata_37                        0x000009a0   Section        0  system_nrf52.o(i.nrf52_errata_37)
    nrf52_errata_37                          0x000009a1   Thumb Code    62  system_nrf52.o(i.nrf52_errata_37)
    i.nrf52_errata_57                        0x000009e4   Section        0  system_nrf52.o(i.nrf52_errata_57)
    nrf52_errata_57                          0x000009e5   Thumb Code    62  system_nrf52.o(i.nrf52_errata_57)
    i.nrf52_errata_66                        0x00000a28   Section        0  system_nrf52.o(i.nrf52_errata_66)
    nrf52_errata_66                          0x00000a29   Thumb Code   126  system_nrf52.o(i.nrf52_errata_66)
    i.nrf52_errata_98                        0x00000aac   Section        0  system_nrf52.o(i.nrf52_errata_98)
    nrf52_errata_98                          0x00000aad   Thumb Code    56  system_nrf52.o(i.nrf52_errata_98)
    i.nrf_delay_ms                           0x00000ae8   Section        0  main.o(i.nrf_delay_ms)
    nrf_delay_ms                             0x00000ae9   Thumb Code    26  main.o(i.nrf_delay_ms)
    i.nrf_gpio_cfg                           0x00000b08   Section        0  led.o(i.nrf_gpio_cfg)
    nrf_gpio_cfg                             0x00000b09   Thumb Code    36  led.o(i.nrf_gpio_cfg)
    i.nrf_gpio_cfg_output                    0x00000b2c   Section        0  led.o(i.nrf_gpio_cfg_output)
    nrf_gpio_cfg_output                      0x00000b2d   Thumb Code    20  led.o(i.nrf_gpio_cfg_output)
    i.nvmc_config                            0x00000b40   Section        0  system_nrf52.o(i.nvmc_config)
    i.nvmc_wait                              0x00000b4c   Section        0  system_nrf52.o(i.nvmc_wait)
    .constdata                               0x00000b60   Section        6  main.o(.constdata)
    delay_machine_code                       0x00000b60   Data           6  main.o(.constdata)
    .data                                    0x00800000   Section        1  led.o(.data)
    .data                                    0x00800004   Section        4  system_nrf52.o(.data)
    __tagsym$$used                           0x00800004   Number         0  system_nrf52.o(.data)
    STACK                                    0x20000000   Section     4096  arm_startup_nrf52.o(STACK)

    Global Symbols

    Symbol Name                              Value     Ov Type        Size  Object(Section)

    BuildAttributes$$THM_ISAv4$E$P$D$K$B$S$7EM$VFPi3$EXTD16$VFPS$VFMA$PE$A:L22UL41UL21$X:L11$S22US41US21$IEEE1$IW$USESV6$~STKCKD$USESV7$~SHL$OSPACE$EBA8$MICROLIB$REQ8$PRES8$EABIv2 0x00000000   Number         0  anon$$obj.o ABSOLUTE
    __ARM_use_no_argv                        0x00000000   Number         0  main.o ABSOLUTE
    __Vectors                                0x00000000   Data           4  arm_startup_nrf52.o(RESET)
    __arm_fini_                               - Undefined Weak Reference
    __cpp_initialize__aeabi_                  - Undefined Weak Reference
    __cxa_finalize                            - Undefined Weak Reference
    __decompress                              - Undefined Weak Reference
    _clock_init                               - Undefined Weak Reference
    _microlib_exit                            - Undefined Weak Reference
    __Vectors_End                            0x00000200   Data           0  arm_startup_nrf52.o(RESET)
    __Vectors_Size                           0x00000200   Number         0  arm_startup_nrf52.o ABSOLUTE
    __main                                   0x00000201   Thumb Code     0  entry.o(.ARM.Collect$$$$00000000)
    _main_stk                                0x00000201   Thumb Code     0  entry2.o(.ARM.Collect$$$$00000001)
    _main_scatterload                        0x00000205   Thumb Code     0  entry5.o(.ARM.Collect$$$$00000004)
    __main_after_scatterload                 0x00000209   Thumb Code     0  entry5.o(.ARM.Collect$$$$00000004)
    _main_clock                              0x00000209   Thumb Code     0  entry7b.o(.ARM.Collect$$$$00000008)
    _main_cpp_init                           0x00000209   Thumb Code     0  entry8b.o(.ARM.Collect$$$$0000000A)
    _main_init                               0x00000209   Thumb Code     0  entry9a.o(.ARM.Collect$$$$0000000B)
    __rt_lib_shutdown_fini                   0x00000211   Thumb Code     0  entry12b.o(.ARM.Collect$$$$0000000E)
    __rt_final_cpp                           0x00000215   Thumb Code     0  entry10a.o(.ARM.Collect$$$$0000000F)
    __rt_final_exit                          0x00000215   Thumb Code     0  entry11a.o(.ARM.Collect$$$$00000011)
    Reset_Handler                            0x00000219   Thumb Code     8  arm_startup_nrf52.o(.text)
    NMI_Handler                              0x00000221   Thumb Code     2  arm_startup_nrf52.o(.text)
    HardFault_Handler                        0x00000223   Thumb Code     2  arm_startup_nrf52.o(.text)
    MemoryManagement_Handler                 0x00000225   Thumb Code     2  arm_startup_nrf52.o(.text)
    BusFault_Handler                         0x00000227   Thumb Code     2  arm_startup_nrf52.o(.text)
    UsageFault_Handler                       0x00000229   Thumb Code     2  arm_startup_nrf52.o(.text)
    SVC_Handler                              0x0000022b   Thumb Code     2  arm_startup_nrf52.o(.text)
    DebugMon_Handler                         0x0000022d   Thumb Code     2  arm_startup_nrf52.o(.text)
    PendSV_Handler                           0x0000022f   Thumb Code     2  arm_startup_nrf52.o(.text)
    SysTick_Handler                          0x00000231   Thumb Code     2  arm_startup_nrf52.o(.text)
    CCM_AAR_IRQHandler                       0x00000233   Thumb Code     0  arm_startup_nrf52.o(.text)
    COMP_LPCOMP_IRQHandler                   0x00000233   Thumb Code     0  arm_startup_nrf52.o(.text)
    ECB_IRQHandler                           0x00000233   Thumb Code     0  arm_startup_nrf52.o(.text)
    FPU_IRQHandler                           0x00000233   Thumb Code     0  arm_startup_nrf52.o(.text)
    I2S_IRQHandler                           0x00000233   Thumb Code     0  arm_startup_nrf52.o(.text)
    MWU_IRQHandler                           0x00000233   Thumb Code     0  arm_startup_nrf52.o(.text)
    NFCT_IRQHandler                          0x00000233   Thumb Code     0  arm_startup_nrf52.o(.text)
    PDM_IRQHandler                           0x00000233   Thumb Code     0  arm_startup_nrf52.o(.text)
    POWER_CLOCK_IRQHandler                   0x00000233   Thumb Code     0  arm_startup_nrf52.o(.text)
    PWM0_IRQHandler                          0x00000233   Thumb Code     0  arm_startup_nrf52.o(.text)
    PWM1_IRQHandler                          0x00000233   Thumb Code     0  arm_startup_nrf52.o(.text)
    PWM2_IRQHandler                          0x00000233   Thumb Code     0  arm_startup_nrf52.o(.text)
    QDEC_IRQHandler                          0x00000233   Thumb Code     0  arm_startup_nrf52.o(.text)
    RADIO_IRQHandler                         0x00000233   Thumb Code     0  arm_startup_nrf52.o(.text)
    RNG_IRQHandler                           0x00000233   Thumb Code     0  arm_startup_nrf52.o(.text)
    RTC0_IRQHandler                          0x00000233   Thumb Code     0  arm_startup_nrf52.o(.text)
    RTC1_IRQHandler                          0x00000233   Thumb Code     0  arm_startup_nrf52.o(.text)
    RTC2_IRQHandler                          0x00000233   Thumb Code     0  arm_startup_nrf52.o(.text)
    SAADC_IRQHandler                         0x00000233   Thumb Code     0  arm_startup_nrf52.o(.text)
    SPIM0_SPIS0_TWIM0_TWIS0_SPI0_TWI0_IRQHandler 0x00000233   Thumb Code     0  arm_startup_nrf52.o(.text)
    SPIM1_SPIS1_TWIM1_TWIS1_SPI1_TWI1_IRQHandler 0x00000233   Thumb Code     0  arm_startup_nrf52.o(.text)
    SPIM2_SPIS2_SPI2_IRQHandler              0x00000233   Thumb Code     0  arm_startup_nrf52.o(.text)
    SWI0_EGU0_IRQHandler                     0x00000233   Thumb Code     0  arm_startup_nrf52.o(.text)
    SWI1_EGU1_IRQHandler                     0x00000233   Thumb Code     0  arm_startup_nrf52.o(.text)
    SWI2_EGU2_IRQHandler                     0x00000233   Thumb Code     0  arm_startup_nrf52.o(.text)
    SWI3_EGU3_IRQHandler                     0x00000233   Thumb Code     0  arm_startup_nrf52.o(.text)
    SWI4_EGU4_IRQHandler                     0x00000233   Thumb Code     0  arm_startup_nrf52.o(.text)
    SWI5_EGU5_IRQHandler                     0x00000233   Thumb Code     0  arm_startup_nrf52.o(.text)
    TEMP_IRQHandler                          0x00000233   Thumb Code     0  arm_startup_nrf52.o(.text)
    TIMER0_IRQHandler                        0x00000233   Thumb Code     0  arm_startup_nrf52.o(.text)
    TIMER1_IRQHandler                        0x00000233   Thumb Code     0  arm_startup_nrf52.o(.text)
    TIMER2_IRQHandler                        0x00000233   Thumb Code     0  arm_startup_nrf52.o(.text)
    TIMER3_IRQHandler                        0x00000233   Thumb Code     0  arm_startup_nrf52.o(.text)
    TIMER4_IRQHandler                        0x00000233   Thumb Code     0  arm_startup_nrf52.o(.text)
    UARTE0_UART0_IRQHandler                  0x00000233   Thumb Code     0  arm_startup_nrf52.o(.text)
    WDT_IRQHandler                           0x00000233   Thumb Code     0  arm_startup_nrf52.o(.text)
    __scatterload                            0x0000023d   Thumb Code    28  init.o(.text)
    __scatterload_rt2                        0x0000023d   Thumb Code     0  init.o(.text)
    Delay                                    0x00000261   Thumb Code    10  led.o(i.Delay)
    GPIOTE_IRQHandler                        0x0000026d   Thumb Code    72  led.o(i.GPIOTE_IRQHandler)
    LED_Init                                 0x000002bd   Thumb Code    98  led.o(i.LED_Init)
    LED_OPEN_CLOSE                           0x00000331   Thumb Code    24  led.o(i.LED_OPEN_CLOSE)
    SystemCoreClockUpdate                    0x00000349   Thumb Code     8  system_nrf52.o(i.SystemCoreClockUpdate)
    SystemInit                               0x00000359   Thumb Code   542  system_nrf52.o(i.SystemInit)
    __scatterload_copy                       0x000005b5   Thumb Code    14  handlers.o(i.__scatterload_copy)
    __scatterload_null                       0x000005c3   Thumb Code     2  handlers.o(i.__scatterload_null)
    __scatterload_zeroinit                   0x000005c5   Thumb Code    14  handlers.o(i.__scatterload_zeroinit)
    main                                     0x000005d3   Thumb Code    38  main.o(i.main)
    nvmc_config                              0x00000b41   Thumb Code     8  system_nrf52.o(i.nvmc_config)
    nvmc_wait                                0x00000b4d   Thumb Code    10  system_nrf52.o(i.nvmc_wait)
    Region$$Table$$Base                      0x00000b68   Number         0  anon$$obj.o(Region$$Table)
    Region$$Table$$Limit                     0x00000b88   Number         0  anon$$obj.o(Region$$Table)
    ledState                                 0x00800000   Data           1  led.o(.data)
    SystemCoreClock                          0x00800004   Data           4  system_nrf52.o(.data)
    __initial_sp                             0x20001000   Data           0  arm_startup_nrf52.o(STACK)



==============================================================================

Memory Map of the image

  Image Entry point : 0x00000201

  Load Region LR_IROM1 (Base: 0x00000000, Size: 0x00000b90, Max: 0x00080000, ABSOLUTE)

    Execution Region ER_IROM1 (Exec base: 0x00000000, Load base: 0x00000000, Size: 0x00000b88, Max: 0x00080000, ABSOLUTE)

    Exec Addr    Load Addr    Size         Type   Attr      Idx    E Section Name        Object

    0x00000000   0x00000000   0x00000200   Data   RO          228    RESET               arm_startup_nrf52.o
    0x00000200   0x00000200   0x00000000   Code   RO          366  * .ARM.Collect$$$$00000000  mc_w.l(entry.o)
    0x00000200   0x00000200   0x00000004   Code   RO          369    .ARM.Collect$$$$00000001  mc_w.l(entry2.o)
    0x00000204   0x00000204   0x00000004   Code   RO          372    .ARM.Collect$$$$00000004  mc_w.l(entry5.o)
    0x00000208   0x00000208   0x00000000   Code   RO          374    .ARM.Collect$$$$00000008  mc_w.l(entry7b.o)
    0x00000208   0x00000208   0x00000000   Code   RO          376    .ARM.Collect$$$$0000000A  mc_w.l(entry8b.o)
    0x00000208   0x00000208   0x00000008   Code   RO          377    .ARM.Collect$$$$0000000B  mc_w.l(entry9a.o)
    0x00000210   0x00000210   0x00000004   Code   RO          384    .ARM.Collect$$$$0000000E  mc_w.l(entry12b.o)
    0x00000214   0x00000214   0x00000000   Code   RO          379    .ARM.Collect$$$$0000000F  mc_w.l(entry10a.o)
    0x00000214   0x00000214   0x00000000   Code   RO          381    .ARM.Collect$$$$00000011  mc_w.l(entry11a.o)
    0x00000214   0x00000214   0x00000004   Code   RO          370    .ARM.Collect$$$$00002712  mc_w.l(entry2.o)
    0x00000218   0x00000218   0x00000024   Code   RO          229    .text               arm_startup_nrf52.o
    0x0000023c   0x0000023c   0x00000024   Code   RO          385    .text               mc_w.l(init.o)
    0x00000260   0x00000260   0x0000000a   Code   RO          164    i.Delay             led.o
    0x0000026a   0x0000026a   0x00000002   PAD
    0x0000026c   0x0000026c   0x00000050   Code   RO          165    i.GPIOTE_IRQHandler  led.o
    0x000002bc   0x000002bc   0x00000074   Code   RO          166    i.LED_Init          led.o
    0x00000330   0x00000330   0x00000018   Code   RO          167    i.LED_OPEN_CLOSE    led.o
    0x00000348   0x00000348   0x00000010   Code   RO          236    i.SystemCoreClockUpdate  system_nrf52.o
    0x00000358   0x00000358   0x0000025c   Code   RO          237    i.SystemInit        system_nrf52.o
    0x000005b4   0x000005b4   0x0000000e   Code   RO          389    i.__scatterload_copy  mc_w.l(handlers.o)
    0x000005c2   0x000005c2   0x00000002   Code   RO          390    i.__scatterload_null  mc_w.l(handlers.o)
    0x000005c4   0x000005c4   0x0000000e   Code   RO          391    i.__scatterload_zeroinit  mc_w.l(handlers.o)
    0x000005d2   0x000005d2   0x00000026   Code   RO            4    i.main              main.o
    0x000005f8   0x000005f8   0x00000068   Code   RO          238    i.nrf52_configuration_249  system_nrf52.o
    0x00000660   0x00000660   0x00000054   Code   RO          239    i.nrf52_errata_108  system_nrf52.o
    0x000006b4   0x000006b4   0x0000003c   Code   RO          240    i.nrf52_errata_115  system_nrf52.o
    0x000006f0   0x000006f0   0x00000054   Code   RO          241    i.nrf52_errata_12   system_nrf52.o
    0x00000744   0x00000744   0x0000003c   Code   RO          242    i.nrf52_errata_120  system_nrf52.o
    0x00000780   0x00000780   0x00000084   Code   RO          243    i.nrf52_errata_136  system_nrf52.o
    0x00000804   0x00000804   0x00000044   Code   RO          244    i.nrf52_errata_16   system_nrf52.o
    0x00000848   0x00000848   0x0000003c   Code   RO          245    i.nrf52_errata_182  system_nrf52.o
    0x00000884   0x00000884   0x00000054   Code   RO          246    i.nrf52_errata_31   system_nrf52.o
    0x000008d8   0x000008d8   0x00000044   Code   RO          247    i.nrf52_errata_32   system_nrf52.o
    0x0000091c   0x0000091c   0x00000084   Code   RO          248    i.nrf52_errata_36   system_nrf52.o
    0x000009a0   0x000009a0   0x00000044   Code   RO          249    i.nrf52_errata_37   system_nrf52.o
    0x000009e4   0x000009e4   0x00000044   Code   RO          250    i.nrf52_errata_57   system_nrf52.o
    0x00000a28   0x00000a28   0x00000084   Code   RO          251    i.nrf52_errata_66   system_nrf52.o
    0x00000aac   0x00000aac   0x0000003c   Code   RO          252    i.nrf52_errata_98   system_nrf52.o
    0x00000ae8   0x00000ae8   0x00000020   Code   RO            5    i.nrf_delay_ms      main.o
    0x00000b08   0x00000b08   0x00000024   Code   RO          168    i.nrf_gpio_cfg      led.o
    0x00000b2c   0x00000b2c   0x00000014   Code   RO          169    i.nrf_gpio_cfg_output  led.o
    0x00000b40   0x00000b40   0x0000000c   Code   RO          253    i.nvmc_config       system_nrf52.o
    0x00000b4c   0x00000b4c   0x00000010   Code   RO          254    i.nvmc_wait         system_nrf52.o
    0x00000b5c   0x00000b5c   0x00000004   PAD
    0x00000b60   0x00000b60   0x00000006   Data   RO            6    .constdata          main.o
    0x00000b66   0x00000b66   0x00000002   PAD
    0x00000b68   0x00000b68   0x00000020   Data   RO          387    Region$$Table       anon$$obj.o


    Execution Region RW_IRAM2 (Exec base: 0x00800000, Load base: 0x00000b88, Size: 0x00000008, Max: 0x00010000, ABSOLUTE)

    Exec Addr    Load Addr    Size         Type   Attr      Idx    E Section Name        Object

    0x00800000   0x00000b88   0x00000001   Data   RW          170    .data               led.o
    0x00800001   0x00000b89   0x00000003   PAD
    0x00800004   0x00000b8c   0x00000004   Data   RW          255    .data               system_nrf52.o


    Execution Region RW_IRAM1 (Exec base: 0x20000000, Load base: 0x00000b88, Size: 0x00001000, Max: 0x00010000, ABSOLUTE)

    Exec Addr    Load Addr    Size         Type   Attr      Idx    E Section Name        Object

    0x20000000        -       0x00001000   Zero   RW          226    STACK               arm_startup_nrf52.o


==============================================================================

Image component sizes


      Code (inc. data)   RO Data    RW Data    ZI Data      Debug   Object Name

        36          8        512          0       4096        872   arm_startup_nrf52.o
       286         26          0          1          0      37978   led.o
        70          6          6          0          0      36155   main.o
      1912        270          0          4          0      47116   system_nrf52.o

    ----------------------------------------------------------------------
      2310        314        552          8       4096     122121   Object Totals
         0          0         32          0          0          0   (incl. Generated)
         6          4          2          3          0          0   (incl. Padding)

    ----------------------------------------------------------------------

      Code (inc. data)   RO Data    RW Data    ZI Data      Debug   Library Member Name

         0          0          0          0          0          0   entry.o
         0          0          0          0          0          0   entry10a.o
         0          0          0          0          0          0   entry11a.o
         4          0          0          0          0          0   entry12b.o
         8          4          0          0          0          0   entry2.o
         4          0          0          0          0          0   entry5.o
         0          0          0          0          0          0   entry7b.o
         0          0          0          0          0          0   entry8b.o
         8          4          0          0          0          0   entry9a.o
        30          0          0          0          0          0   handlers.o
        36          8          0          0          0         68   init.o

    ----------------------------------------------------------------------
        90         16          0          0          0         68   Library Totals
         0          0          0          0          0          0   (incl. Padding)

    ----------------------------------------------------------------------

      Code (inc. data)   RO Data    RW Data    ZI Data      Debug   Library Name

        90         16          0          0          0         68   mc_w.l

    ----------------------------------------------------------------------
        90         16          0          0          0         68   Library Totals

    ----------------------------------------------------------------------

==============================================================================


      Code (inc. data)   RO Data    RW Data    ZI Data      Debug   

      2400        330        552          8       4096     120093   Grand Totals
      2400        330        552          8       4096     120093   ELF Image Totals
      2400        330        552          8          0          0   ROM Totals

==============================================================================

    Total RO  Size (Code + RO Data)                 2952 (   2.88kB)
    Total RW  Size (RW Data + ZI Data)              4104 (   4.01kB)
    Total ROM Size (Code + RO Data + RW Data)       2960 (   2.89kB)

==============================================================================

