<html>
<body>
<pre>
<h1>µVision Build Log</h1>
<h2>Tool Versions:</h2>
IDE-Version: ¦ÌVision V5.38.0.0
Copyright (C) 2022 ARM Ltd and ARM Germany GmbH. All rights reserved.
License Information: 1 Magic, 1, LIC=NHYH9-4GFIP-LVM1I-TELMW-Y6SJ9-4JQG7
 
Tool Versions:
Toolchain:       MDK-ARM Professional  Version: 5.38.0.0
Toolchain Path:  E:\software\keil5_v5\ARM\AC5\Bin
C Compiler:      Armcc.exe V5.06 update 7 (build 960)
Assembler:       Armasm.exe V5.06 update 7 (build 960)
Linker/Locator:  ArmLink.exe V5.06 update 7 (build 960)
Library Manager: ArmAr.exe V5.06 update 7 (build 960)
Hex Converter:   FromElf.exe V5.06 update 7 (build 960)
CPU DLL:         SARMCM3.DLL V5.38.0.0
Dialog DLL:      DCM.DLL V1.17.5.0
Target DLL:      UL2CM3.DLL V1.164.8.0
Dialog DLL:      TCM.DLL V1.56.4.0
 
<h2>Project:</h2>
D:\MCU_pro\CH32\µãµÆ\magic.uvprojx
Project File Date:  05/21/2023

<h2>Output:</h2>
*** Using Compiler 'V5.06 update 7 (build 960)', folder: 'E:\software\keil5_v5\ARM\AC5\Bin'
Build target 'Target 1'
linking...
Program Size: Code=488 RO-data=256 RW-data=0 ZI-data=1024  
FromELF: creating hex file...
".\Objects\magic.axf" - 0 Error(s), 0 Warning(s).

<h2>Software Packages used:</h2>

Package Vendor: ARM
                http://www.keil.com/pack/ARM.CMSIS.5.9.0.pack
                ARM.CMSIS.5.9.0
                CMSIS (Common Microcontroller Software Interface Standard)
   * Component: CORE Version: 5.6.0

Package Vendor: Keil
                http://www.wch.cn/Keil.WCH32F1xx_DFP.1.0.1.pack
                Keil.WCH32F1xx_DFP.1.0.1
                WCH CH32F1 Series Device Support, Drivers and Examples
   * Component: Startup Version: 1.0.0

<h2>Collection of Component include folders:</h2>
  ./RTE/_Target_1
  E:/software/keil5_v5/ARM/Packs/ARM/CMSIS/5.9.0/CMSIS/Core/Include
  E:/software/keil5_v5/ARM/Packs/Keil/WCH32F1xx_DFP/1.0.1/Device/Include

<h2>Collection of Component Files used:</h2>

   * Component: ARM::CMSIS:CORE:5.6.0

   * Component: Keil::CH32F1xx:Startup:1.0.0
      Source file:   Device/Source/ARM/startup_ch32f10x.s
      Source file:   Device/Source/system_ch32f10x.c
      Source file:   Device/Source/ARM/CH32F1xx_OPT.s
Build Time Elapsed:  00:00:01
</pre>
</body>
</html>
