<html>
<body>
<pre>
<h1>µVision Build Log</h1>
<h2>Tool Versions:</h2>
IDE-Version: ¦ÌVision V5.38.0.0
Copyright (C) 2022 ARM Ltd and ARM Germany GmbH. All rights reserved.
License Information: 1 Magic, 1, LIC=NHYH9-4GFIP-LVM1I-TELMW-Y6SJ9-4JQG7
 
Tool Versions:
Toolchain:       MDK-ARM Professional  Version: 5.38.0.0
Toolchain Path:  E:\software\keil5_v5\ARM\AC5\Bin
C Compiler:      Armcc.exe V5.06 update 7 (build 960)
Assembler:       Armasm.exe V5.06 update 7 (build 960)
Linker/Locator:  ArmLink.exe V5.06 update 7 (build 960)
Library Manager: ArmAr.exe V5.06 update 7 (build 960)
Hex Converter:   FromElf.exe V5.06 update 7 (build 960)
CPU DLL:         SARMCM3.DLL V5.38.0.0
Dialog DLL:      DCM.DLL V1.17.5.0
Target DLL:      Segger\JL2CM3.dll V2.99.20.0
Dialog DLL:      TCM.DLL V1.56.4.0
 
<h2>Project:</h2>
D:\MCU_pro\NRF52\NRF52832\BLE_GAP\examples\ble_peripheral\NRF52_BLE.uvprojx
Project File Date:  05/15/2023

<h2>Output:</h2>
*** Using Compiler 'V5.06 update 7 (build 960)', folder: 'E:\software\keil5_v5\ARM\AC5\Bin'
Build target 'NRF52832'
compiling main.c...
linking...
.\Objects\NRF52_BLE.axf: Warning: L6330W: Undefined symbol pwr_mgmt_data0$$Base (referred from nrf_pwr_mgmt.o). Unused section has been removed.
.\Objects\NRF52_BLE.axf: Warning: L6330W: Undefined symbol pwr_mgmt_data0$$Limit (referred from nrf_pwr_mgmt.o). Unused section has been removed.
.\Objects\NRF52_BLE.axf: Warning: L6330W: Undefined symbol pwr_mgmt_data1$$Base (referred from nrf_pwr_mgmt.o). Unused section has been removed.
.\Objects\NRF52_BLE.axf: Warning: L6330W: Undefined symbol pwr_mgmt_data1$$Limit (referred from nrf_pwr_mgmt.o). Unused section has been removed.
.\Objects\NRF52_BLE.axf: Warning: L6330W: Undefined symbol pwr_mgmt_data2$$Base (referred from nrf_pwr_mgmt.o). Unused section has been removed.
.\Objects\NRF52_BLE.axf: Warning: L6330W: Undefined symbol pwr_mgmt_data2$$Limit (referred from nrf_pwr_mgmt.o). Unused section has been removed.
.\Objects\NRF52_BLE.axf: Warning: L6330W: Undefined symbol log_dynamic_data$$Base (referred from nrf_log_frontend.o). Unused section has been removed.
.\Objects\NRF52_BLE.axf: Warning: L6330W: Undefined symbol sdh_req_observers1$$Base (referred from nrf_sdh.o). Unused section has been removed.
.\Objects\NRF52_BLE.axf: Warning: L6330W: Undefined symbol sdh_req_observers1$$Limit (referred from nrf_sdh.o). Unused section has been removed.
.\Objects\NRF52_BLE.axf: Warning: L6330W: Undefined symbol sdh_stack_observers1$$Base (referred from nrf_sdh.o). Unused section has been removed.
.\Objects\NRF52_BLE.axf: Warning: L6330W: Undefined symbol sdh_stack_observers1$$Limit (referred from nrf_sdh.o). Unused section has been removed.
.\Objects\NRF52_BLE.axf: Warning: L6330W: Undefined symbol sdh_state_observers1$$Base (referred from nrf_sdh.o). Unused section has been removed.
.\Objects\NRF52_BLE.axf: Warning: L6330W: Undefined symbol sdh_state_observers1$$Limit (referred from nrf_sdh.o). Unused section has been removed.
.\Objects\NRF52_BLE.axf: Warning: L6330W: Undefined symbol sdh_soc_observers1$$Base (referred from nrf_sdh_soc.o). Unused section has been removed.
.\Objects\NRF52_BLE.axf: Warning: L6330W: Undefined symbol sdh_soc_observers1$$Limit (referred from nrf_sdh_soc.o). Unused section has been removed.
Program Size: Code=57412 RO-data=8956 RW-data=644 ZI-data=8548  
Finished: 0 information, 15 warning and 0 error messages.
FromELF: creating hex file...
".\Objects\NRF52_BLE.axf" - 0 Error(s), 15 Warning(s).

<h2>Software Packages used:</h2>

Package Vendor: ARM
                http://www.keil.com/pack/ARM.CMSIS.5.9.0.pack
                ARM.CMSIS.5.9.0
                CMSIS (Common Microcontroller Software Interface Standard)
   * Component: CORE Version: 5.6.0

Package Vendor: NordicSemiconductor
                http://developer.nordicsemi.com/nRF5_SDK/pieces/nRF_DeviceFamilyPack/NordicSemiconductor.nRF_DeviceFamilyPack.8.44.1.pack
                NordicSemiconductor.nRF_DeviceFamilyPack.8.44.1
                Nordic Semiconductor nRF ARM devices Device Family Pack with BSD license.
   * Component: Startup Version: 8.44.1

<h2>Collection of Component include folders:</h2>
  ./RTE/_NRF52832
  E:/software/keil5_v5/ARM/Packs/ARM/CMSIS/5.9.0/CMSIS/Core/Include
  E:/software/keil5_v5/ARM/Packs/NordicSemiconductor/nRF_DeviceFamilyPack/8.44.1/Device/Include

<h2>Collection of Component Files used:</h2>

   * Component: ARM::CMSIS:CORE:5.6.0

   * Component: NordicSemiconductor::Device:Startup:8.44.1
      Source file:   Device/Source/arm/arm_startup_nrf52.s
      Source file:   Device/Source/system_nrf52.c
      Include file:  Device/Include/system_nrf.h
      Include file:  Device/Include/system_nrf52.h
Build Time Elapsed:  00:00:02
</pre>
</body>
</html>
